Data_Practica/data/raw/entrenamiento/ventas.csv
fecha,producto_id,nombre,categoria,subcategoria,precio_base,es_estrella,unidades_vendidas,precio_venta,ingresos
2021-10-25,PROD_001,Nike Air Zoom Pegasus 40,Running,Zapatillas Running,115,True,6,118.36,710.16
2021-10-26,PROD_001,Nike Air Zoom Pegasus 40,Running,Zapatillas Running,115,True,8,117.37,938.96
2021-10-27,PROD_001,Nike Air Zoom Pegasus 40,Running,Zapatillas Running,115,True,8,114.27,914.16
2021-10-28,PROD_001,Nike Air Zoom Pegasus 40,Running,Zapatillas Running,115,True,7,118.14,826.98
2021-10-29,PROD_001,Nike Air Zoom Pegasus 40,Running,Zapatillas Running,115,True,12,117.23,1406.76
2021-10-30,PROD_001,Nike Air Zoom Pegasus 40,Running,Zapatillas Running,115,True,12,118.41,1420.92
2021-10-31,PROD_001,Nike Air Zoom Pegasus 40,Running,Zapatillas Running,115,True,9,112.99,1016.91
2021-11-01,PROD_001,Nike Air Zoom Pegasus 40,Running,Zapatillas Running,115,True,7,115.07,805.49
2021-11-02,PROD_001,Nike Air Zoom Pegasus 40,Running,Zapatillas Running,115,True,10,116.1,1161.0
2021-11-03,PROD_001,Nike Air Zoom Pegasus 40,Running,Zapatillas Running,115,True,11,114.58,1260.38
2021-11-04,PROD_001,Nike Air Zoom Pegasus 40,Running,Zapatillas Running,115,True,12,112.23,1346.76
2021-11-05,PROD_001,Nike Air Zoom Pegasus 40,Running,Zapatillas Running,115,True,10,113.81,1138.1
2021-11-06,PROD_001,Nike Air Zoom Pegasus 40,Running,Zapatillas Running,115,True,10,117.8,1178.0
2021-11-07,PROD_001,Nike Air Zoom Pegasus 40,Running,Zapatillas Running,115,True,10,116.04,1160.4
2021-11-08,PROD_001,Nike Air Zoom Pegasus 40,Running,Zapatillas Running,115,True,9,113.46,1021.14
2021-11-09,PROD_001,Nike Air Zoom Pegasus 40,Running,Zapatillas Running,115,True,11,113.98,1253.78
2021-11-10,PROD_001,Nike Air Zoom Pegasus 40,Running,Zapatillas Running,115,True,10,117.57,1175.7
2021-11-11,PROD_001,Nike Air Zoom Pegasus 40,Running,Zapatillas Running,115,True,10,118.11,1181.1
2021-11-12,PROD_001,Nike Air Zoom Pegasus 40,Running,Zapatillas Running,115,True,11,112.34,1235.74
2021-11-13,PROD_001,Nike Air Zoom Pegasus 40,Running,Zapatillas Running,115,True,17,114.11,1939.87
2021-11-14,PROD_001,Nike Air Zoom Pegasus 40,Running,Zapatillas Running,115,True,9,116.81,1051.29
2021-11-15,PROD_001,Nike Air Zoom Pegasus 40,Running,Zapatillas Running,115,True,12,115.08,1380.96
2021-11-16,PROD_001,Nike Air Zoom Pegasus 40,Running,Zapatillas Running,115,True,11,113.96,1253.56
2021-11-17,PROD_001,Nike Air Zoom Pegasus 40,Running,Zapatillas Running,115,True,10,113.51,1135.1
2021-11-18,PROD_001,Nike Air Zoom Pegasus 40,Running,Zapatillas Running,115,True,9,113.01,1017.09
2021-11-19,PROD_001,Nike Air Zoom Pegasus 40,Running,Zapatillas Running,115,True,14,111.67,1563.38
2021-11-20,PROD_001,Nike Air Zoom Pegasus 40,Running,Zapatillas Running,115,True,13,115.2,1497.6
2021-11-21,PROD_001,Nike Air Zoom Pegasus 40,Running,Zapatillas Running,115,True,10,115.93,1159.3
2021-11-22,PROD_001,Nike Air Zoom Pegasus 40,Running,Zapatillas Running,115,True,11,114.98,1264.78
2021-11-23,PROD_001,Nike Air Zoom Pegasus 40,Running,Zapatillas Running,115,True,12,112.09,1345.08
2021-11-24,PROD_001,Nike Air Zoom Pegasus 40,Running,Zapatillas Running,115,True,14,111.91,1566.74
2021-11-25,PROD_001,Nike Air Zoom Pegasus 40,Running,Zapatillas Running,115,True,14,112.33,1572.62
2021-11-26,PROD_001,Nike Air Zoom Pegasus 40,Running,Zapatillas Running,115,True,44,97.75,4301.0
2021-11-27,PROD_001,Nike Air Zoom Pegasus 40,Running,Zapatillas Running,115,True,49,101.2,4958.8
2021-11-28,PROD_001,Nike Air Zoom Pegasus 40,Running,Zapatillas Running,115,True,36,101.2,3643.2
2021-11-29,PROD_001,Nike Air Zoom Pegasus 40,Running,Zapatillas Running,115,True,36,97.75,3519.0
2021-11-30,PROD_001,Nike Air Zoom Pegasus 40,Running,Zapatillas Running,115,True,35,105.8,3703.0
2022-10-25,PROD_001,Nike Air Zoom Pegasus 40,Running,Zapatillas Running,115,True,10,115.18,1151.8
2022-10-26,PROD_001,Nike Air Zoom Pegasus 40,Running,Zapatillas Running,115,True,11,118.43,1302.73
2022-10-27,PROD_001,Nike Air Zoom Pegasus 40,Running,Zapatillas Running,115,True,12,111.95,1343.4
2022-10-28,PROD_001,Nike Air Zoom Pegasus 40,Running,Zapatillas Running,115,True,12,115.47,1385.64
2022-10-29,PROD_001,Nike Air Zoom Pegasus 40,Running,Zapatillas Running,115,True,14,113.28,1585.92
2022-10-30,PROD_001,Nike Air Zoom Pegasus 40,Running,Zapatillas Running,115,True,14,114.4,1601.6
2022-10-31,PROD_001,Nike Air Zoom Pegasus 40,Running,Zapatillas Running,115,True,9,115.43,1038.87
2022-11-01,PROD_001,Nike Air Zoom Pegasus 40,Running,Zapatillas Running,115,True,10,112.83,1128.3
2022-11-02,PROD_001,Nike Air Zoom Pegasus 40,Running,Zapatillas Running,115,True,15,112.95,1694.25
2022-11-03,PROD_001,Nike Air Zoom Pegasus 40,Running,Zapatillas Running,115,True,9,114.98,1034.82
2022-11-04,PROD_001,Nike Air Zoom Pegasus 40,Running,Zapatillas Running,115,True,12,114.49,1373.88
2022-11-05,PROD_001,Nike Air Zoom Pegasus 40,Running,Zapatillas Running,115,True,18,112.65,2027.7
2022-11-06,PROD_001,Nike Air Zoom Pegasus 40,Running,Zapatillas Running,115,True,9,117.88,1060.92
2022-11-07,PROD_001,Nike Air Zoom Pegasus 40,Running,Zapatillas Running,115,True,9,115.72,1041.48
2022-11-08,PROD_001,Nike Air Zoom Pegasus 40,Running,Zapatillas Running,115,True,9,116.59,1049.31
2022-11-09,PROD_001,Nike Air Zoom Pegasus 40,Running,Zapatillas Running,115,True,9,116.68,1050.12
2022-11-10,PROD_001,Nike Air Zoom Pegasus 40,Running,Zapatillas Running,115,True,11,117.99,1297.89
2022-11-11,PROD_001,Nike Air Zoom Pegasus 40,Running,Zapatillas Running,115,True,13,114.08,1483.04
2022-11-12,PROD_001,Nike Air Zoom Pegasus 40,Running,Zapatillas Running,115,True,11,116.05,1276.55
2022-11-13,PROD_001,Nike Air Zoom Pegasus 40,Running,Zapatillas Running,115,True,13,113.06,1469.78
2022-11-14,PROD_001,Nike Air Zoom Pegasus 40,Running,Zapatillas Running,115,True,10,116.78,1167.8
2022-11-15,PROD_001,Nike Air Zoom Pegasus 40,Running,Zapatillas Running,115,True,11,117.9,1296.9
2022-11-16,PROD_001,Nike Air Zoom Pegasus 40,Running,Zapatillas Running,115,True,11,113.05,1243.55
2022-11-17,PROD_001,Nike Air Zoom Pegasus 40,Running,Zapatillas Running,115,True,11,114.54,1259.94
2022-11-18,PROD_001,Nike Air Zoom Pegasus 40,Running,Zapatillas Running,115,True,13,114.34,1486.42
2022-11-19,PROD_001,Nike Air Zoom Pegasus 40,Running,Zapatillas Running,115,True,16,114.26,1828.16
2022-11-20,PROD_001,Nike Air Zoom Pegasus 40,Running,Zapatillas Running,115,True,9,116.62,1049.58
2022-11-21,PROD_001,Nike Air Zoom Pegasus 40,Running,Zapatillas Running,115,True,11,112.22,1234.42
2022-11-22,PROD_001,Nike Air Zoom Pegasus 40,Running,Zapatillas Running,115,True,11,117.98,1297.78
2022-11-23,PROD_001,Nike Air Zoom Pegasus 40,Running,Zapatillas Running,115,True,12,118.22,1418.64
2022-11-24,PROD_001,Nike Air Zoom Pegasus 40,Running,Zapatillas Running,115,True,11,117.64,1294.04
2022-11-25,PROD_001,Nike Air Zoom Pegasus 40,Running,Zapatillas Running,115,True,58,97.75,5669.5
2022-11-26,PROD_001,Nike Air Zoom Pegasus 40,Running,Zapatillas Running,115,True,57,101.2,5768.4
2022-11-27,PROD_001,Nike Air Zoom Pegasus 40,Running,Zapatillas Running,115,True,56,101.2,5667.2
2022-11-28,PROD_001,Nike Air Zoom Pegasus 40,Running,Zapatillas Running,115,True,40,97.75,3910.0
2022-11-29,PROD_001,Nike Air Zoom Pegasus 40,Running,Zapatillas Running,115,True,25,105.8,2645.0
2022-11-30,PROD_001,Nike Air Zoom Pegasus 40,Running,Zapatillas Running,115,True,38,105.8,4020.4
2023-10-25,PROD_001,Nike Air Zoom Pegasus 40,Running,Zapatillas Running,115,True,11,111.86,1230.46
2023-10-26,PROD_001,Nike Air Zoom Pegasus 40,Running,Zapatillas Running,115,True,10,113.99,1139.9
2023-10-27,PROD_001,Nike Air Zoom Pegasus 40,Running,Zapatillas Running,115,True,14,116.43,1630.02
2023-10-28,PROD_001,Nike Air Zoom Pegasus 40,Running,Zapatillas Running,115,True,14,114.72,1606.08
2023-10-29,PROD_001,Nike Air Zoom Pegasus 40,Running,Zapatillas Running,115,True,15,113.72,1705.8
2023-10-30,PROD_001,Nike Air Zoom Pegasus 40,Running,Zapatillas Running,115,True,15,117.73,1765.95
2023-10-31,PROD_001,Nike Air Zoom Pegasus 40,Running,Zapatillas Running,115,True,11,111.57,1227.27
2023-11-01,PROD_001,Nike Air Zoom Pegasus 40,Running,Zapatillas Running,115,True,9,117.32,1055.88
2023-11-02,PROD_001,Nike Air Zoom Pegasus 40,Running,Zapatillas Running,115,True,11,111.99,1231.89
2023-11-03,PROD_001,Nike Air Zoom Pegasus 40,Running,Zapatillas Running,115,True,14,114.91,1608.74
2023-11-04,PROD_001,Nike Air Zoom Pegasus 40,Running,Zapatillas Running,115,True,15,113.07,1696.05
2023-11-05,PROD_001,Nike Air Zoom Pegasus 40,Running,Zapatillas Running,115,True,17,115.93,1970.81
2023-11-06,PROD_001,Nike Air Zoom Pegasus 40,Running,Zapatillas Running,115,True,13,114.4,1487.2
2023-11-07,PROD_001,Nike Air Zoom Pegasus 40,Running,Zapatillas Running,115,True,12,116.51,1398.12
2023-11-08,PROD_001,Nike Air Zoom Pegasus 40,Running,Zapatillas Running,115,True,10,118.06,1180.6
2023-11-09,PROD_001,Nike Air Zoom Pegasus 40,Running,Zapatillas Running,115,True,12,118.39,1420.68
2023-11-10,PROD_001,Nike Air Zoom Pegasus 40,Running,Zapatillas Running,115,True,14,114.95,1609.3
2023-11-11,PROD_001,Nike Air Zoom Pegasus 40,Running,Zapatillas Running,115,True,17,114.22,1941.74
2023-11-12,PROD_001,Nike Air Zoom Pegasus 40,Running,Zapatillas Running,115,True,15,117.58,1763.7
2023-11-13,PROD_001,Nike Air Zoom Pegasus 40,Running,Zapatillas Running,115,True,12,117.05,1404.6
2023-11-14,PROD_001,Nike Air Zoom Pegasus 40,Running,Zapatillas Running,115,True,10,112.57,1125.7
2023-11-15,PROD_001,Nike Air Zoom Pegasus 40,Running,Zapatillas Running,115,True,8,117.65,941.2
2023-11-16,PROD_001,Nike Air Zoom Pegasus 40,Running,Zapatillas Running,115,True,11,111.69,1228.59
2023-11-17,PROD_001,Nike Air Zoom Pegasus 40,Running,Zapatillas Running,115,True,19,113.17,2150.23
2023-11-18,PROD_001,Nike Air Zoom Pegasus 40,Running,Zapatillas Running,115,True,22,116.01,2552.22
2023-11-19,PROD_001,Nike Air Zoom Pegasus 40,Running,Zapatillas Running,115,True,17,112.89,1919.13
2023-11-20,PROD_001,Nike Air Zoom Pegasus 40,Running,Zapatillas Running,115,True,12,112.09,1345.08
2023-11-21,PROD_001,Nike Air Zoom Pegasus 40,Running,Zapatillas Running,115,True,14,113.41,1587.74
2023-11-22,PROD_001,Nike Air Zoom Pegasus 40,Running,Zapatillas Running,115,True,14,116.21,1626.94
2023-11-23,PROD_001,Nike Air Zoom Pegasus 40,Running,Zapatillas Running,115,True,18,113.18,2037.24
2023-11-24,PROD_001,Nike Air Zoom Pegasus 40,Running,Zapatillas Running,115,True,44,97.75,4301.0
2023-11-25,PROD_001,Nike Air Zoom Pegasus 40,Running,Zapatillas Running,115,True,58,101.2,5869.6
2023-11-26,PROD_001,Nike Air Zoom Pegasus 40,Running,Zapatillas Running,115,True,65,101.2,6578.0
2023-11-27,PROD_001,Nike Air Zoom Pegasus 40,Running,Zapatillas Running,115,True,53,97.75,5180.75
2023-11-28,PROD_001,Nike Air Zoom Pegasus 40,Running,Zapatillas Running,115,True,41,105.8,4337.8
2023-11-29,PROD_001,Nike Air Zoom Pegasus 40,Running,Zapatillas Running,115,True,36,105.8,3808.8
2023-11-30,PROD_001,Nike Air Zoom Pegasus 40,Running,Zapatillas Running,115,True,13,114.68,1490.84
2024-10-25,PROD_001,Nike Air Zoom Pegasus 40,Running,Zapatillas Running,115,True,16,117.31,1876.96
2024-10-26,PROD_001,Nike Air Zoom Pegasus 40,Running,Zapatillas Running,115,True,20,114.81,2296.2
2024-10-27,PROD_001,Nike Air Zoom Pegasus 40,Running,Zapatillas Running,115,True,13,113.46,1474.98
2024-10-28,PROD_001,Nike Air Zoom Pegasus 40,Running,Zapatillas Running,115,True,15,116.14,1742.1
2024-10-29,PROD_001,Nike Air Zoom Pegasus 40,Running,Zapatillas Running,115,True,14,112.46,1574.44
2024-10-30,PROD_001,Nike Air Zoom Pegasus 40,Running,Zapatillas Running,115,True,14,113.44,1588.16
2024-10-31,PROD_001,Nike Air Zoom Pegasus 40,Running,Zapatillas Running,115,True,16,116.16,1858.56
2024-11-01,PROD_001,Nike Air Zoom Pegasus 40,Running,Zapatillas Running,115,True,15,118.32,1774.8
2024-11-02,PROD_001,Nike Air Zoom Pegasus 40,Running,Zapatillas Running,115,True,21,113.69,2387.49
2024-11-03,PROD_001,Nike Air Zoom Pegasus 40,Running,Zapatillas Running,115,True,16,116.76,1868.16
2024-11-04,PROD_001,Nike Air Zoom Pegasus 40,Running,Zapatillas Running,115,True,14,115.15,1612.1
2024-11-05,PROD_001,Nike Air Zoom Pegasus 40,Running,Zapatillas Running,115,True,15,115.84,1737.6
2024-11-06,PROD_001,Nike Air Zoom Pegasus 40,Running,Zapatillas Running,115,True,19,115.17,2188.23
2024-11-07,PROD_001,Nike Air Zoom Pegasus 40,Running,Zapatillas Running,115,True,17,113.02,1921.34
2024-11-08,PROD_001,Nike Air Zoom Pegasus 40,Running,Zapatillas Running,115,True,16,113.95,1823.2
2024-11-09,PROD_001,Nike Air Zoom Pegasus 40,Running,Zapatillas Running,115,True,15,116.49,1747.35
2024-11-10,PROD_001,Nike Air Zoom Pegasus 40,Running,Zapatillas Running,115,True,18,114.32,2057.76
2024-11-11,PROD_001,Nike Air Zoom Pegasus 40,Running,Zapatillas Running,115,True,18,114.96,2069.28
2024-11-12,PROD_001,Nike Air Zoom Pegasus 40,Running,Zapatillas Running,115,True,16,116.9,1870.4
2024-11-13,PROD_001,Nike Air Zoom Pegasus 40,Running,Zapatillas Running,115,True,15,113.43,1701.45
2024-11-14,PROD_001,Nike Air Zoom Pegasus 40,Running,Zapatillas Running,115,True,12,118.44,1421.28
2024-11-15,PROD_001,Nike Air Zoom Pegasus 40,Running,Zapatillas Running,115,True,19,112.32,2134.08
2024-11-16,PROD_001,Nike Air Zoom Pegasus 40,Running,Zapatillas Running,115,True,16,116.11,1857.76
2024-11-17,PROD_001,Nike Air Zoom Pegasus 40,Running,Zapatillas Running,115,True,16,114.79,1836.64
2024-11-18,PROD_001,Nike Air Zoom Pegasus 40,Running,Zapatillas Running,115,True,17,116.24,1976.08
2024-11-19,PROD_001,Nike Air Zoom Pegasus 40,Running,Zapatillas Running,115,True,12,118.2,1418.4
2024-11-20,PROD_001,Nike Air Zoom Pegasus 40,Running,Zapatillas Running,115,True,18,115.96,2087.28
2024-11-21,PROD_001,Nike Air Zoom Pegasus 40,Running,Zapatillas Running,115,True,18,112.13,2018.34
2024-11-22,PROD_001,Nike Air Zoom Pegasus 40,Running,Zapatillas Running,115,True,18,118.06,2125.08
2024-11-23,PROD_001,Nike Air Zoom Pegasus 40,Running,Zapatillas Running,115,True,16,114.24,1827.84
2024-11-24,PROD_001,Nike Air Zoom Pegasus 40,Running,Zapatillas Running,115,True,16,113.28,1812.48
2024-11-25,PROD_001,Nike Air Zoom Pegasus 40,Running,Zapatillas Running,115,True,12,116.78,1401.36
2024-11-26,PROD_001,Nike Air Zoom Pegasus 40,Running,Zapatillas Running,115,True,18,118.22,2127.96
2024-11-27,PROD_001,Nike Air Zoom Pegasus 40,Running,Zapatillas Running,115,True,13,116.6,1515.8
2024-11-28,PROD_001,Nike Air Zoom Pegasus 40,Running,Zapatillas Running,115,True,15,117.58,1763.7
2024-11-29,PROD_001,Nike Air Zoom Pegasus 40,Running,Zapatillas Running,115,True,66,97.75,6451.5
2024-11-30,PROD_001,Nike Air Zoom Pegasus 40,Running,Zapatillas Running,115,True,80,101.2,8096.0
