Data_Practica/data/raw/entrenamiento/ventas.csv
fecha,producto_id,nombre,categoria,subcategoria,precio_base,es_estrella,unidades_vendidas,precio_venta,ingresos
2021-10-25,PROD_002,Adidas Ultraboost 23,Running,Zapatillas Running,135,True,10,136.82,1368.2
2021-10-26,PROD_002,Adidas Ultraboost 23,Running,Zapatillas Running,135,True,10,137.98,1379.8
2021-10-27,PROD_002,Adidas Ultraboost 23,Running,Zapatillas Running,135,True,8,136.28,1090.24
2021-10-28,PROD_002,Adidas Ultraboost 23,Running,Zapatillas Running,135,True,8,138.46,1107.68
2021-10-29,PROD_002,Adidas Ultraboost 23,Running,Zapatillas Running,135,True,9,131.72,1185.48
2021-10-30,PROD_002,Adidas Ultraboost 23,Running,Zapatillas Running,135,True,12,136.87,1642.44
2021-10-31,PROD_002,Adidas Ultraboost 23,Running,Zapatillas Running,135,True,10,138.06,1380.6
2021-11-01,PROD_002,Adidas Ultraboost 23,Running,Zapatillas Running,135,True,10,136.0,1360.0
2021-11-02,PROD_002,Adidas Ultraboost 23,Running,Zapatillas Running,135,True,10,135.92,1359.2
2021-11-03,PROD_002,Adidas Ultraboost 23,Running,Zapatillas Running,135,True,9,132.9,1196.1
2021-11-04,PROD_002,Adidas Ultraboost 23,Running,Zapatillas Running,135,True,9,132.6,1193.4
2021-11-05,PROD_002,Adidas Ultraboost 23,Running,Zapatillas Running,135,True,12,132.74,1592.88
2021-11-06,PROD_002,Adidas Ultraboost 23,Running,Zapatillas Running,135,True,11,137.1,1508.1
2021-11-07,PROD_002,Adidas Ultraboost 23,Running,Zapatillas Running,135,True,10,135.1,1351.0
2021-11-08,PROD_002,Adidas Ultraboost 23,Running,Zapatillas Running,135,True,9,138.19,1243.71
2021-11-09,PROD_002,Adidas Ultraboost 23,Running,Zapatillas Running,135,True,11,138.88,1527.68
2021-11-10,PROD_002,Adidas Ultraboost 23,Running,Zapatillas Running,135,True,8,135.33,1082.64
2021-11-11,PROD_002,Adidas Ultraboost 23,Running,Zapatillas Running,135,True,11,135.05,1485.55
2021-11-12,PROD_002,Adidas Ultraboost 23,Running,Zapatillas Running,135,True,9,133.94,1205.46
2021-11-13,PROD_002,Adidas Ultraboost 23,Running,Zapatillas Running,135,True,14,136.53,1911.42
2021-11-14,PROD_002,Adidas Ultraboost 23,Running,Zapatillas Running,135,True,12,133.4,1600.8
2021-11-15,PROD_002,Adidas Ultraboost 23,Running,Zapatillas Running,135,True,8,137.96,1103.68
2021-11-16,PROD_002,Adidas Ultraboost 23,Running,Zapatillas Running,135,True,10,138.63,1386.3
2021-11-17,PROD_002,Adidas Ultraboost 23,Running,Zapatillas Running,135,True,9,131.39,1182.51
2021-11-18,PROD_002,Adidas Ultraboost 23,Running,Zapatillas Running,135,True,11,138.08,1518.88
2021-11-19,PROD_002,Adidas Ultraboost 23,Running,Zapatillas Running,135,True,9,135.15,1216.35
2021-11-20,PROD_002,Adidas Ultraboost 23,Running,Zapatillas Running,135,True,10,136.45,1364.5
2021-11-21,PROD_002,Adidas Ultraboost 23,Running,Zapatillas Running,135,True,9,137.82,1240.38
2021-11-22,PROD_002,Adidas Ultraboost 23,Running,Zapatillas Running,135,True,8,132.46,1059.68
2021-11-23,PROD_002,Adidas Ultraboost 23,Running,Zapatillas Running,135,True,12,132.31,1587.72
2021-11-24,PROD_002,Adidas Ultraboost 23,Running,Zapatillas Running,135,True,9,137.94,1241.46
2021-11-25,PROD_002,Adidas Ultraboost 23,Running,Zapatillas Running,135,True,9,136.66,1229.94
2021-11-26,PROD_002,Adidas Ultraboost 23,Running,Zapatillas Running,135,True,40,114.75,4590.0
2021-11-27,PROD_002,Adidas Ultraboost 23,Running,Zapatillas Running,135,True,47,118.8,5583.6
2021-11-28,PROD_002,Adidas Ultraboost 23,Running,Zapatillas Running,135,True,50,118.8,5940.0
2021-11-29,PROD_002,Adidas Ultraboost 23,Running,Zapatillas Running,135,True,31,114.75,3557.25
2021-11-30,PROD_002,Adidas Ultraboost 23,Running,Zapatillas Running,135,True,23,124.2,2856.6
2022-10-25,PROD_002,Adidas Ultraboost 23,Running,Zapatillas Running,135,True,11,131.09,1441.99
2022-10-26,PROD_002,Adidas Ultraboost 23,Running,Zapatillas Running,135,True,8,135.42,1083.36
2022-10-27,PROD_002,Adidas Ultraboost 23,Running,Zapatillas Running,135,True,10,136.61,1366.1
2022-10-28,PROD_002,Adidas Ultraboost 23,Running,Zapatillas Running,135,True,11,133.93,1473.23
2022-10-29,PROD_002,Adidas Ultraboost 23,Running,Zapatillas Running,135,True,11,137.21,1509.31
2022-10-30,PROD_002,Adidas Ultraboost 23,Running,Zapatillas Running,135,True,9,136.95,1232.55
2022-10-31,PROD_002,Adidas Ultraboost 23,Running,Zapatillas Running,135,True,9,132.78,1195.02
2022-11-01,PROD_002,Adidas Ultraboost 23,Running,Zapatillas Running,135,True,10,136.41,1364.1
2022-11-02,PROD_002,Adidas Ultraboost 23,Running,Zapatillas Running,135,True,10,135.3,1353.0
2022-11-03,PROD_002,Adidas Ultraboost 23,Running,Zapatillas Running,135,True,10,135.0,1350.0
2022-11-04,PROD_002,Adidas Ultraboost 23,Running,Zapatillas Running,135,True,13,135.09,1756.17
2022-11-05,PROD_002,Adidas Ultraboost 23,Running,Zapatillas Running,135,True,14,137.91,1930.74
2022-11-06,PROD_002,Adidas Ultraboost 23,Running,Zapatillas Running,135,True,12,131.81,1581.72
2022-11-07,PROD_002,Adidas Ultraboost 23,Running,Zapatillas Running,135,True,10,139.02,1390.2
2022-11-08,PROD_002,Adidas Ultraboost 23,Running,Zapatillas Running,135,True,9,136.32,1226.88
2022-11-09,PROD_002,Adidas Ultraboost 23,Running,Zapatillas Running,135,True,13,135.59,1762.67
2022-11-10,PROD_002,Adidas Ultraboost 23,Running,Zapatillas Running,135,True,12,136.64,1639.68
2022-11-11,PROD_002,Adidas Ultraboost 23,Running,Zapatillas Running,135,True,8,137.49,1099.92
2022-11-12,PROD_002,Adidas Ultraboost 23,Running,Zapatillas Running,135,True,16,131.52,2104.32
2022-11-13,PROD_002,Adidas Ultraboost 23,Running,Zapatillas Running,135,True,10,137.71,1377.1
2022-11-14,PROD_002,Adidas Ultraboost 23,Running,Zapatillas Running,135,True,10,138.8,1388.0
2022-11-15,PROD_002,Adidas Ultraboost 23,Running,Zapatillas Running,135,True,12,131.33,1575.96
2022-11-16,PROD_002,Adidas Ultraboost 23,Running,Zapatillas Running,135,True,11,132.14,1453.54
2022-11-17,PROD_002,Adidas Ultraboost 23,Running,Zapatillas Running,135,True,10,134.89,1348.9
2022-11-18,PROD_002,Adidas Ultraboost 23,Running,Zapatillas Running,135,True,14,132.03,1848.42
2022-11-19,PROD_002,Adidas Ultraboost 23,Running,Zapatillas Running,135,True,15,136.18,2042.7
2022-11-20,PROD_002,Adidas Ultraboost 23,Running,Zapatillas Running,135,True,14,133.46,1868.44
2022-11-21,PROD_002,Adidas Ultraboost 23,Running,Zapatillas Running,135,True,10,134.23,1342.3
2022-11-22,PROD_002,Adidas Ultraboost 23,Running,Zapatillas Running,135,True,14,132.06,1848.84
2022-11-23,PROD_002,Adidas Ultraboost 23,Running,Zapatillas Running,135,True,9,139.0,1251.0
2022-11-24,PROD_002,Adidas Ultraboost 23,Running,Zapatillas Running,135,True,11,134.2,1476.2
2022-11-25,PROD_002,Adidas Ultraboost 23,Running,Zapatillas Running,135,True,52,114.75,5967.0
2022-11-26,PROD_002,Adidas Ultraboost 23,Running,Zapatillas Running,135,True,79,118.8,9385.2
2022-11-27,PROD_002,Adidas Ultraboost 23,Running,Zapatillas Running,135,True,43,118.8,5108.4
2022-11-28,PROD_002,Adidas Ultraboost 23,Running,Zapatillas Running,135,True,52,114.75,5967.0
2022-11-29,PROD_002,Adidas Ultraboost 23,Running,Zapatillas Running,135,True,33,124.2,4098.6
2022-11-30,PROD_002,Adidas Ultraboost 23,Running,Zapatillas Running,135,True,22,124.2,2732.4
2023-10-25,PROD_002,Adidas Ultraboost 23,Running,Zapatillas Running,135,True,14,134.55,1883.7
2023-10-26,PROD_002,Adidas Ultraboost 23,Running,Zapatillas Running,135,True,13,133.99,1741.87
2023-10-27,PROD_002,Adidas Ultraboost 23,Running,Zapatillas Running,135,True,16,131.81,2108.96
2023-10-28,PROD_002,Adidas Ultraboost 23,Running,Zapatillas Running,135,True,18,134.7,2424.6
2023-10-29,PROD_002,Adidas Ultraboost 23,Running,Zapatillas Running,135,True,16,132.52,2120.32
2023-10-30,PROD_002,Adidas Ultraboost 23,Running,Zapatillas Running,135,True,10,138.88,1388.8
2023-10-31,PROD_002,Adidas Ultraboost 23,Running,Zapatillas Running,135,True,11,136.06,1496.66
2023-11-01,PROD_002,Adidas Ultraboost 23,Running,Zapatillas Running,135,True,11,135.93,1495.23
2023-11-02,PROD_002,Adidas Ultraboost 23,Running,Zapatillas Running,135,True,10,137.64,1376.4
2023-11-03,PROD_002,Adidas Ultraboost 23,Running,Zapatillas Running,135,True,16,133.68,2138.88
2023-11-04,PROD_002,Adidas Ultraboost 23,Running,Zapatillas Running,135,True,15,136.34,2045.1
2023-11-05,PROD_002,Adidas Ultraboost 23,Running,Zapatillas Running,135,True,12,138.67,1664.04
2023-11-06,PROD_002,Adidas Ultraboost 23,Running,Zapatillas Running,135,True,14,132.44,1854.16
2023-11-07,PROD_002,Adidas Ultraboost 23,Running,Zapatillas Running,135,True,10,138.8,1388.0
2023-11-08,PROD_002,Adidas Ultraboost 23,Running,Zapatillas Running,135,True,12,131.63,1579.56
2023-11-09,PROD_002,Adidas Ultraboost 23,Running,Zapatillas Running,135,True,13,131.31,1707.03
2023-11-10,PROD_002,Adidas Ultraboost 23,Running,Zapatillas Running,135,True,15,138.73,2080.95
2023-11-11,PROD_002,Adidas Ultraboost 23,Running,Zapatillas Running,135,True,16,134.67,2154.72
2023-11-12,PROD_002,Adidas Ultraboost 23,Running,Zapatillas Running,135,True,15,133.25,1998.75
2023-11-13,PROD_002,Adidas Ultraboost 23,Running,Zapatillas Running,135,True,11,138.0,1518.0
2023-11-14,PROD_002,Adidas Ultraboost 23,Running,Zapatillas Running,135,True,11,134.1,1475.1
2023-11-15,PROD_002,Adidas Ultraboost 23,Running,Zapatillas Running,135,True,11,138.37,1522.07
2023-11-16,PROD_002,Adidas Ultraboost 23,Running,Zapatillas Running,135,True,13,137.22,1783.86
2023-11-17,PROD_002,Adidas Ultraboost 23,Running,Zapatillas Running,135,True,19,131.48,2498.12
2023-11-18,PROD_002,Adidas Ultraboost 23,Running,Zapatillas Running,135,True,13,137.0,1781.0
2023-11-19,PROD_002,Adidas Ultraboost 23,Running,Zapatillas Running,135,True,13,136.87,1779.31
2023-11-20,PROD_002,Adidas Ultraboost 23,Running,Zapatillas Running,135,True,12,136.41,1636.92
2023-11-21,PROD_002,Adidas Ultraboost 23,Running,Zapatillas Running,135,True,15,137.05,2055.75
2023-11-22,PROD_002,Adidas Ultraboost 23,Running,Zapatillas Running,135,True,14,137.8,1929.2
2023-11-23,PROD_002,Adidas Ultraboost 23,Running,Zapatillas Running,135,True,16,134.05,2144.8
2023-11-24,PROD_002,Adidas Ultraboost 23,Running,Zapatillas Running,135,True,85,114.75,9753.75
2023-11-25,PROD_002,Adidas Ultraboost 23,Running,Zapatillas Running,135,True,76,118.8,9028.8
2023-11-26,PROD_002,Adidas Ultraboost 23,Running,Zapatillas Running,135,True,63,118.8,7484.4
2023-11-27,PROD_002,Adidas Ultraboost 23,Running,Zapatillas Running,135,True,49,114.75,5622.75
2023-11-28,PROD_002,Adidas Ultraboost 23,Running,Zapatillas Running,135,True,32,124.2,3974.4
2023-11-29,PROD_002,Adidas Ultraboost 23,Running,Zapatillas Running,135,True,52,124.2,6458.4
2023-11-30,PROD_002,Adidas Ultraboost 23,Running,Zapatillas Running,135,True,12,132.49,1589.88
2024-10-25,PROD_002,Adidas Ultraboost 23,Running,Zapatillas Running,135,True,15,133.41,2001.15
2024-10-26,PROD_002,Adidas Ultraboost 23,Running,Zapatillas Running,135,True,16,136.59,2185.44
2024-10-27,PROD_002,Adidas Ultraboost 23,Running,Zapatillas Running,135,True,14,132.79,1859.06
2024-10-28,PROD_002,Adidas Ultraboost 23,Running,Zapatillas Running,135,True,9,133.24,1199.16
2024-10-29,PROD_002,Adidas Ultraboost 23,Running,Zapatillas Running,135,True,15,134.4,2016.0
2024-10-30,PROD_002,Adidas Ultraboost 23,Running,Zapatillas Running,135,True,11,135.78,1493.58
2024-10-31,PROD_002,Adidas Ultraboost 23,Running,Zapatillas Running,135,True,14,134.93,1889.02
2024-11-01,PROD_002,Adidas Ultraboost 23,Running,Zapatillas Running,135,True,19,132.9,2525.1
2024-11-02,PROD_002,Adidas Ultraboost 23,Running,Zapatillas Running,135,True,16,138.51,2216.16
2024-11-03,PROD_002,Adidas Ultraboost 23,Running,Zapatillas Running,135,True,18,137.05,2466.9
2024-11-04,PROD_002,Adidas Ultraboost 23,Running,Zapatillas Running,135,True,16,134.12,2145.92
2024-11-05,PROD_002,Adidas Ultraboost 23,Running,Zapatillas Running,135,True,18,133.18,2397.24
2024-11-06,PROD_002,Adidas Ultraboost 23,Running,Zapatillas Running,135,True,17,136.75,2324.75
2024-11-07,PROD_002,Adidas Ultraboost 23,Running,Zapatillas Running,135,True,15,132.03,1980.45
2024-11-08,PROD_002,Adidas Ultraboost 23,Running,Zapatillas Running,135,True,18,131.69,2370.42
2024-11-09,PROD_002,Adidas Ultraboost 23,Running,Zapatillas Running,135,True,20,133.75,2675.0
2024-11-10,PROD_002,Adidas Ultraboost 23,Running,Zapatillas Running,135,True,14,135.37,1895.18
2024-11-11,PROD_002,Adidas Ultraboost 23,Running,Zapatillas Running,135,True,17,136.21,2315.57
2024-11-12,PROD_002,Adidas Ultraboost 23,Running,Zapatillas Running,135,True,12,136.51,1638.12
2024-11-13,PROD_002,Adidas Ultraboost 23,Running,Zapatillas Running,135,True,14,132.5,1855.0
2024-11-14,PROD_002,Adidas Ultraboost 23,Running,Zapatillas Running,135,True,15,134.31,2014.65
2024-11-15,PROD_002,Adidas Ultraboost 23,Running,Zapatillas Running,135,True,17,131.4,2233.8
2024-11-16,PROD_002,Adidas Ultraboost 23,Running,Zapatillas Running,135,True,20,135.88,2717.6
2024-11-17,PROD_002,Adidas Ultraboost 23,Running,Zapatillas Running,135,True,16,138.54,2216.64
2024-11-18,PROD_002,Adidas Ultraboost 23,Running,Zapatillas Running,135,True,14,138.76,1942.64
2024-11-19,PROD_002,Adidas Ultraboost 23,Running,Zapatillas Running,135,True,18,137.68,2478.24
2024-11-20,PROD_002,Adidas Ultraboost 23,Running,Zapatillas Running,135,True,16,131.1,2097.6
2024-11-21,PROD_002,Adidas Ultraboost 23,Running,Zapatillas Running,135,True,14,138.56,1939.84
2024-11-22,PROD_002,Adidas Ultraboost 23,Running,Zapatillas Running,135,True,16,137.04,2192.64
2024-11-23,PROD_002,Adidas Ultraboost 23,Running,Zapatillas Running,135,True,21,136.0,2856.0
2024-11-24,PROD_002,Adidas Ultraboost 23,Running,Zapatillas Running,135,True,15,135.34,2030.1
2024-11-25,PROD_002,Adidas Ultraboost 23,Running,Zapatillas Running,135,True,15,134.82,2022.3
2024-11-26,PROD_002,Adidas Ultraboost 23,Running,Zapatillas Running,135,True,19,137.86,2619.34
2024-11-27,PROD_002,Adidas Ultraboost 23,Running,Zapatillas Running,135,True,16,132.4,2118.4
2024-11-28,PROD_002,Adidas Ultraboost 23,Running,Zapatillas Running,135,True,18,136.28,2453.04
2024-11-29,PROD_002,Adidas Ultraboost 23,Running,Zapatillas Running,135,True,68,114.75,7803.0
2024-11-30,PROD_002,Adidas Ultraboost 23,Running,Zapatillas Running,135,True,65,118.8,7722.0
