Data_Practica/data/raw/entrenamiento/ventas.csv
fecha,producto_id,nombre,categoria,subcategoria,precio_base,es_estrella,unidades_vendidas,precio_venta,ingresos
2021-10-25,PROD_003,Asics Gel Nimbus 25,Running,Zapatillas Running,85,False,2,84.93,169.86
2021-10-26,PROD_003,Asics Gel Nimbus 25,Running,Zapatillas Running,85,False,2,83.5,167.0
2021-10-27,PROD_003,Asics Gel Nimbus 25,Running,Zapatillas Running,85,False,3,87.55,262.65
2021-10-28,PROD_003,Asics Gel Nimbus 25,Running,Zapatillas Running,85,False,2,82.76,165.52
2021-10-29,PROD_003,Asics Gel Nimbus 25,Running,Zapatillas Running,85,False,3,85.63,256.89
2021-10-30,PROD_003,Asics Gel Nimbus 25,Running,Zapatillas Running,85,False,3,84.82,254.46
2021-10-31,PROD_003,Asics Gel Nimbus 25,Running,Zapatillas Running,85,False,3,86.88,260.64
2021-11-01,PROD_003,Asics Gel Nimbus 25,Running,Zapatillas Running,85,False,2,85.14,170.28
2021-11-02,PROD_003,Asics Gel Nimbus 25,Running,Zapatillas Running,85,False,2,82.79,165.58
2021-11-03,PROD_003,Asics Gel Nimbus 25,Running,Zapatillas Running,85,False,3,83.07,249.21
2021-11-04,PROD_003,Asics Gel Nimbus 25,Running,Zapatillas Running,85,False,3,85.28,255.84
2021-11-05,PROD_003,Asics Gel Nimbus 25,Running,Zapatillas Running,85,False,3,85.5,256.5
2021-11-06,PROD_003,Asics Gel Nimbus 25,Running,Zapatillas Running,85,False,3,84.74,254.22
2021-11-07,PROD_003,Asics Gel Nimbus 25,Running,Zapatillas Running,85,False,3,86.56,259.68
2021-11-08,PROD_003,Asics Gel Nimbus 25,Running,Zapatillas Running,85,False,2,85.79,171.58
2021-11-09,PROD_003,Asics Gel Nimbus 25,Running,Zapatillas Running,85,False,3,85.68,257.04
2021-11-10,PROD_003,Asics Gel Nimbus 25,Running,Zapatillas Running,85,False,2,82.94,165.88
2021-11-11,PROD_003,Asics Gel Nimbus 25,Running,Zapatillas Running,85,False,2,85.68,171.36
2021-11-12,PROD_003,Asics Gel Nimbus 25,Running,Zapatillas Running,85,False,3,83.07,249.21
2021-11-13,PROD_003,Asics Gel Nimbus 25,Running,Zapatillas Running,85,False,3,84.36,253.08
2021-11-14,PROD_003,Asics Gel Nimbus 25,Running,Zapatillas Running,85,False,2,83.77,167.54
2021-11-15,PROD_003,Asics Gel Nimbus 25,Running,Zapatillas Running,85,False,3,87.45,262.35
2021-11-16,PROD_003,Asics Gel Nimbus 25,Running,Zapatillas Running,85,False,3,82.82,248.46
2021-11-17,PROD_003,Asics Gel Nimbus 25,Running,Zapatillas Running,85,False,2,86.27,172.54
2021-11-18,PROD_003,Asics Gel Nimbus 25,Running,Zapatillas Running,85,False,3,83.55,250.65
2021-11-19,PROD_003,Asics Gel Nimbus 25,Running,Zapatillas Running,85,False,3,84.23,252.69
2021-11-20,PROD_003,Asics Gel Nimbus 25,Running,Zapatillas Running,85,False,4,82.84,331.36
2021-11-21,PROD_003,Asics Gel Nimbus 25,Running,Zapatillas Running,85,False,3,86.17,258.51
2021-11-22,PROD_003,Asics Gel Nimbus 25,Running,Zapatillas Running,85,False,2,84.14,168.28
2021-11-23,PROD_003,Asics Gel Nimbus 25,Running,Zapatillas Running,85,False,3,86.43,259.29
2021-11-24,PROD_003,Asics Gel Nimbus 25,Running,Zapatillas Running,85,False,3,83.36,250.08
2021-11-25,PROD_003,Asics Gel Nimbus 25,Running,Zapatillas Running,85,False,3,84.61,253.83
2021-11-26,PROD_003,Asics Gel Nimbus 25,Running,Zapatillas Running,85,False,13,72.25,939.25
2021-11-27,PROD_003,Asics Gel Nimbus 25,Running,Zapatillas Running,85,False,14,74.8,1047.2
2021-11-28,PROD_003,Asics Gel Nimbus 25,Running,Zapatillas Running,85,False,14,74.8,1047.2
2021-11-29,PROD_003,Asics Gel Nimbus 25,Running,Zapatillas Running,85,False,15,72.25,1083.75
2021-11-30,PROD_003,Asics Gel Nimbus 25,Running,Zapatillas Running,85,False,7,78.2,547.4
2022-10-25,PROD_003,Asics Gel Nimbus 25,Running,Zapatillas Running,85,False,3,85.19,255.57
2022-10-26,PROD_003,Asics Gel Nimbus 25,Running,Zapatillas Running,85,False,3,84.05,252.15
2022-10-27,PROD_003,Asics Gel Nimbus 25,Running,Zapatillas Running,85,False,3,84.18,252.54
2022-10-28,PROD_003,Asics Gel Nimbus 25,Running,Zapatillas Running,85,False,2,85.18,170.36
2022-10-29,PROD_003,Asics Gel Nimbus 25,Running,Zapatillas Running,85,False,4,86.1,344.4
2022-10-30,PROD_003,Asics Gel Nimbus 25,Running,Zapatillas Running,85,False,3,85.55,256.65
2022-10-31,PROD_003,Asics Gel Nimbus 25,Running,Zapatillas Running,85,False,3,86.12,258.36
2022-11-01,PROD_003,Asics Gel Nimbus 25,Running,Zapatillas Running,85,False,2,85.95,171.9
2022-11-02,PROD_003,Asics Gel Nimbus 25,Running,Zapatillas Running,85,False,3,82.54,247.62
2022-11-03,PROD_003,Asics Gel Nimbus 25,Running,Zapatillas Running,85,False,3,85.15,255.45
2022-11-04,PROD_003,Asics Gel Nimbus 25,Running,Zapatillas Running,85,False,3,84.99,254.97
2022-11-05,PROD_003,Asics Gel Nimbus 25,Running,Zapatillas Running,85,False,3,86.03,258.09
2022-11-06,PROD_003,Asics Gel Nimbus 25,Running,Zapatillas Running,85,False,2,83.12,166.24
2022-11-07,PROD_003,Asics Gel Nimbus 25,Running,Zapatillas Running,85,False,3,86.39,259.17
2022-11-08,PROD_003,Asics Gel Nimbus 25,Running,Zapatillas Running,85,False,3,84.91,254.73
2022-11-09,PROD_003,Asics Gel Nimbus 25,Running,Zapatillas Running,85,False,2,86.25,172.5
2022-11-10,PROD_003,Asics Gel Nimbus 25,Running,Zapatillas Running,85,False,2,85.34,170.68
2022-11-11,PROD_003,Asics Gel Nimbus 25,Running,Zapatillas Running,85,False,3,84.78,254.34
2022-11-12,PROD_003,Asics Gel Nimbus 25,Running,Zapatillas Running,85,False,4,85.18,340.72
2022-11-13,PROD_003,Asics Gel Nimbus 25,Running,Zapatillas Running,85,False,3,86.38,259.14
2022-11-14,PROD_003,Asics Gel Nimbus 25,Running,Zapatillas Running,85,False,2,87.45,174.9
2022-11-15,PROD_003,Asics Gel Nimbus 25,Running,Zapatillas Running,85,False,2,84.2,168.4
2022-11-16,PROD_003,Asics Gel Nimbus 25,Running,Zapatillas Running,85,False,3,85.04,255.12
2022-11-17,PROD_003,Asics Gel Nimbus 25,Running,Zapatillas Running,85,False,3,84.62,253.86
2022-11-18,PROD_003,Asics Gel Nimbus 25,Running,Zapatillas Running,85,False,3,83.16,249.48
2022-11-19,PROD_003,Asics Gel Nimbus 25,Running,Zapatillas Running,85,False,4,84.31,337.24
2022-11-20,PROD_003,Asics Gel Nimbus 25,Running,Zapatillas Running,85,False,4,87.38,349.52
2022-11-21,PROD_003,Asics Gel Nimbus 25,Running,Zapatillas Running,85,False,3,86.55,259.65
2022-11-22,PROD_003,Asics Gel Nimbus 25,Running,Zapatillas Running,85,False,4,83.19,332.76
2022-11-23,PROD_003,Asics Gel Nimbus 25,Running,Zapatillas Running,85,False,4,86.94,347.76
2022-11-24,PROD_003,Asics Gel Nimbus 25,Running,Zapatillas Running,85,False,3,86.7,260.1
2022-11-25,PROD_003,Asics Gel Nimbus 25,Running,Zapatillas Running,85,False,15,72.25,1083.75
2022-11-26,PROD_003,Asics Gel Nimbus 25,Running,Zapatillas Running,85,False,14,74.8,1047.2
2022-11-27,PROD_003,Asics Gel Nimbus 25,Running,Zapatillas Running,85,False,10,74.8,748.0
2022-11-28,PROD_003,Asics Gel Nimbus 25,Running,Zapatillas Running,85,False,12,72.25,867.0
2022-11-29,PROD_003,Asics Gel Nimbus 25,Running,Zapatillas Running,85,False,8,78.2,625.6
2022-11-30,PROD_003,Asics Gel Nimbus 25,Running,Zapatillas Running,85,False,7,78.2,547.4
2023-10-25,PROD_003,Asics Gel Nimbus 25,Running,Zapatillas Running,85,False,3,85.48,256.44
2023-10-26,PROD_003,Asics Gel Nimbus 25,Running,Zapatillas Running,85,False,2,86.39,172.78
2023-10-27,PROD_003,Asics Gel Nimbus 25,Running,Zapatillas Running,85,False,3,87.34,262.02
2023-10-28,PROD_003,Asics Gel Nimbus 25,Running,Zapatillas Running,85,False,4,83.47,333.88
2023-10-29,PROD_003,Asics Gel Nimbus 25,Running,Zapatillas Running,85,False,3,86.26,258.78
2023-10-30,PROD_003,Asics Gel Nimbus 25,Running,Zapatillas Running,85,False,2,83.68,167.36
2023-10-31,PROD_003,Asics Gel Nimbus 25,Running,Zapatillas Running,85,False,3,83.88,251.64
2023-11-01,PROD_003,Asics Gel Nimbus 25,Running,Zapatillas Running,85,False,3,85.8,257.4
2023-11-02,PROD_003,Asics Gel Nimbus 25,Running,Zapatillas Running,85,False,3,83.6,250.8
2023-11-03,PROD_003,Asics Gel Nimbus 25,Running,Zapatillas Running,85,False,3,85.14,255.42
2023-11-04,PROD_003,Asics Gel Nimbus 25,Running,Zapatillas Running,85,False,3,84.99,254.97
2023-11-05,PROD_003,Asics Gel Nimbus 25,Running,Zapatillas Running,85,False,4,83.15,332.6
2023-11-06,PROD_003,Asics Gel Nimbus 25,Running,Zapatillas Running,85,False,3,84.82,254.46
2023-11-07,PROD_003,Asics Gel Nimbus 25,Running,Zapatillas Running,85,False,3,86.41,259.23
2023-11-08,PROD_003,Asics Gel Nimbus 25,Running,Zapatillas Running,85,False,3,85.72,257.16
2023-11-09,PROD_003,Asics Gel Nimbus 25,Running,Zapatillas Running,85,False,4,85.43,341.72
2023-11-10,PROD_003,Asics Gel Nimbus 25,Running,Zapatillas Running,85,False,4,83.47,333.88
2023-11-11,PROD_003,Asics Gel Nimbus 25,Running,Zapatillas Running,85,False,3,85.63,256.89
2023-11-12,PROD_003,Asics Gel Nimbus 25,Running,Zapatillas Running,85,False,4,87.24,348.96
2023-11-13,PROD_003,Asics Gel Nimbus 25,Running,Zapatillas Running,85,False,3,84.17,252.51
2023-11-14,PROD_003,Asics Gel Nimbus 25,Running,Zapatillas Running,85,False,3,86.29,258.87
2023-11-15,PROD_003,Asics Gel Nimbus 25,Running,Zapatillas Running,85,False,3,85.57,256.71
2023-11-16,PROD_003,Asics Gel Nimbus 25,Running,Zapatillas Running,85,False,3,86.68,260.04
2023-11-17,PROD_003,Asics Gel Nimbus 25,Running,Zapatillas Running,85,False,4,86.19,344.76
2023-11-18,PROD_003,Asics Gel Nimbus 25,Running,Zapatillas Running,85,False,4,86.44,345.76
2023-11-19,PROD_003,Asics Gel Nimbus 25,Running,Zapatillas Running,85,False,3,86.73,260.19
2023-11-20,PROD_003,Asics Gel Nimbus 25,Running,Zapatillas Running,85,False,3,83.4,250.2
2023-11-21,PROD_003,Asics Gel Nimbus 25,Running,Zapatillas Running,85,False,4,86.51,346.04
2023-11-22,PROD_003,Asics Gel Nimbus 25,Running,Zapatillas Running,85,False,3,83.59,250.77
2023-11-23,PROD_003,Asics Gel Nimbus 25,Running,Zapatillas Running,85,False,4,84.84,339.36
2023-11-24,PROD_003,Asics Gel Nimbus 25,Running,Zapatillas Running,85,False,16,72.25,1156.0
2023-11-25,PROD_003,Asics Gel Nimbus 25,Running,Zapatillas Running,85,False,13,74.8,972.4
2023-11-26,PROD_003,Asics Gel Nimbus 25,Running,Zapatillas Running,85,False,13,74.8,972.4
2023-11-27,PROD_003,Asics Gel Nimbus 25,Running,Zapatillas Running,85,False,11,72.25,794.75
2023-11-28,PROD_003,Asics Gel Nimbus 25,Running,Zapatillas Running,85,False,8,78.2,625.6
2023-11-29,PROD_003,Asics Gel Nimbus 25,Running,Zapatillas Running,85,False,7,78.2,547.4
2023-11-30,PROD_003,Asics Gel Nimbus 25,Running,Zapatillas Running,85,False,2,83.86,167.72
2024-10-25,PROD_003,Asics Gel Nimbus 25,Running,Zapatillas Running,85,False,3,85.11,255.33
2024-10-26,PROD_003,Asics Gel Nimbus 25,Running,Zapatillas Running,85,False,4,87.43,349.72
2024-10-27,PROD_003,Asics Gel Nimbus 25,Running,Zapatillas Running,85,False,4,86.36,345.44
2024-10-28,PROD_003,Asics Gel Nimbus 25,Running,Zapatillas Running,85,False,2,84.73,169.46
2024-10-29,PROD_003,Asics Gel Nimbus 25,Running,Zapatillas Running,85,False,2,82.8,165.6
2024-10-30,PROD_003,Asics Gel Nimbus 25,Running,Zapatillas Running,85,False,3,83.87,251.61
2024-10-31,PROD_003,Asics Gel Nimbus 25,Running,Zapatillas Running,85,False,3,87.53,262.59
2024-11-01,PROD_003,Asics Gel Nimbus 25,Running,Zapatillas Running,85,False,3,83.37,250.11
2024-11-02,PROD_003,Asics Gel Nimbus 25,Running,Zapatillas Running,85,False,4,85.76,343.04
2024-11-03,PROD_003,Asics Gel Nimbus 25,Running,Zapatillas Running,85,False,3,86.51,259.53
2024-11-04,PROD_003,Asics Gel Nimbus 25,Running,Zapatillas Running,85,False,3,84.03,252.09
2024-11-05,PROD_003,Asics Gel Nimbus 25,Running,Zapatillas Running,85,False,3,84.0,252.0
2024-11-06,PROD_003,Asics Gel Nimbus 25,Running,Zapatillas Running,85,False,3,86.38,259.14
2024-11-07,PROD_003,Asics Gel Nimbus 25,Running,Zapatillas Running,85,False,3,86.37,259.11
2024-11-08,PROD_003,Asics Gel Nimbus 25,Running,Zapatillas Running,85,False,4,85.26,341.04
2024-11-09,PROD_003,Asics Gel Nimbus 25,Running,Zapatillas Running,85,False,4,84.06,336.24
2024-11-10,PROD_003,Asics Gel Nimbus 25,Running,Zapatillas Running,85,False,3,85.65,256.95
2024-11-11,PROD_003,Asics Gel Nimbus 25,Running,Zapatillas Running,85,False,3,85.39,256.17
2024-11-12,PROD_003,Asics Gel Nimbus 25,Running,Zapatillas Running,85,False,3,87.32,261.96
2024-11-13,PROD_003,Asics Gel Nimbus 25,Running,Zapatillas Running,85,False,3,83.97,251.91
2024-11-14,PROD_003,Asics Gel Nimbus 25,Running,Zapatillas Running,85,False,3,82.49,247.47
2024-11-15,PROD_003,Asics Gel Nimbus 25,Running,Zapatillas Running,85,False,4,83.9,335.6
2024-11-16,PROD_003,Asics Gel Nimbus 25,Running,Zapatillas Running,85,False,5,83.88,419.4
2024-11-17,PROD_003,Asics Gel Nimbus 25,Running,Zapatillas Running,85,False,3,82.94,248.82
2024-11-18,PROD_003,Asics Gel Nimbus 25,Running,Zapatillas Running,85,False,3,86.38,259.14
2024-11-19,PROD_003,Asics Gel Nimbus 25,Running,Zapatillas Running,85,False,3,86.69,260.07
2024-11-20,PROD_003,Asics Gel Nimbus 25,Running,Zapatillas Running,85,False,4,86.71,346.84
2024-11-21,PROD_003,Asics Gel Nimbus 25,Running,Zapatillas Running,85,False,3,84.39,253.17
2024-11-22,PROD_003,Asics Gel Nimbus 25,Running,Zapatillas Running,85,False,3,84.21,252.63
2024-11-23,PROD_003,Asics Gel Nimbus 25,Running,Zapatillas Running,85,False,4,85.83,343.32
2024-11-24,PROD_003,Asics Gel Nimbus 25,Running,Zapatillas Running,85,False,4,86.15,344.6
2024-11-25,PROD_003,Asics Gel Nimbus 25,Running,Zapatillas Running,85,False,3,87.27,261.81
2024-11-26,PROD_003,Asics Gel Nimbus 25,Running,Zapatillas Running,85,False,5,84.17,420.85
2024-11-27,PROD_003,Asics Gel Nimbus 25,Running,Zapatillas Running,85,False,4,82.81,331.24
2024-11-28,PROD_003,Asics Gel Nimbus 25,Running,Zapatillas Running,85,False,3,87.03,261.09
2024-11-29,PROD_003,Asics Gel Nimbus 25,Running,Zapatillas Running,85,False,18,72.25,1300.5
2024-11-30,PROD_003,Asics Gel Nimbus 25,Running,Zapatillas Running,85,False,20,74.8,1496.0
