Data_Practica/data/raw/entrenamiento/ventas.csv
fecha,producto_id,nombre,categoria,subcategoria,precio_base,es_estrella,unidades_vendidas,precio_venta,ingresos
2021-10-25,PROD_004,New Balance Fresh Foam X 1080v12,Running,Zapatillas Running,75,False,2,75.42,150.84
2021-10-26,PROD_004,New Balance Fresh Foam X 1080v12,Running,Zapatillas Running,75,False,2,73.01,146.02
2021-10-27,PROD_004,New Balance Fresh Foam X 1080v12,Running,Zapatillas Running,75,False,2,76.27,152.54
2021-10-28,PROD_004,New Balance Fresh Foam X 1080v12,Running,Zapatillas Running,75,False,2,73.21,146.42
2021-10-29,PROD_004,New Balance Fresh Foam X 1080v12,Running,Zapatillas Running,75,False,2,73.51,147.02
2021-10-30,PROD_004,New Balance Fresh Foam X 1080v12,Running,Zapatillas Running,75,False,3,77.06,231.18
2021-10-31,PROD_004,New Balance Fresh Foam X 1080v12,Running,Zapatillas Running,75,False,3,74.12,222.36
2021-11-01,PROD_004,New Balance Fresh Foam X 1080v12,Running,Zapatillas Running,75,False,2,76.74,153.48
2021-11-02,PROD_004,New Balance Fresh Foam X 1080v12,Running,Zapatillas Running,75,False,2,76.07,152.14
2021-11-03,PROD_004,New Balance Fresh Foam X 1080v12,Running,Zapatillas Running,75,False,2,75.66,151.32
2021-11-04,PROD_004,New Balance Fresh Foam X 1080v12,Running,Zapatillas Running,75,False,3,73.6,220.8
2021-11-05,PROD_004,New Balance Fresh Foam X 1080v12,Running,Zapatillas Running,75,False,3,74.65,223.95
2021-11-06,PROD_004,New Balance Fresh Foam X 1080v12,Running,Zapatillas Running,75,False,3,73.03,219.09
2021-11-07,PROD_004,New Balance Fresh Foam X 1080v12,Running,Zapatillas Running,75,False,3,76.29,228.87
2021-11-08,PROD_004,New Balance Fresh Foam X 1080v12,Running,Zapatillas Running,75,False,2,75.52,151.04
2021-11-09,PROD_004,New Balance Fresh Foam X 1080v12,Running,Zapatillas Running,75,False,2,74.21,148.42
2021-11-10,PROD_004,New Balance Fresh Foam X 1080v12,Running,Zapatillas Running,75,False,2,75.44,150.88
2021-11-11,PROD_004,New Balance Fresh Foam X 1080v12,Running,Zapatillas Running,75,False,2,74.38,148.76
2021-11-12,PROD_004,New Balance Fresh Foam X 1080v12,Running,Zapatillas Running,75,False,3,73.07,219.21
2021-11-13,PROD_004,New Balance Fresh Foam X 1080v12,Running,Zapatillas Running,75,False,3,73.39,220.17
2021-11-14,PROD_004,New Balance Fresh Foam X 1080v12,Running,Zapatillas Running,75,False,2,77.1,154.2
2021-11-15,PROD_004,New Balance Fresh Foam X 1080v12,Running,Zapatillas Running,75,False,2,76.19,152.38
2021-11-16,PROD_004,New Balance Fresh Foam X 1080v12,Running,Zapatillas Running,75,False,3,74.1,222.3
2021-11-17,PROD_004,New Balance Fresh Foam X 1080v12,Running,Zapatillas Running,75,False,2,73.99,147.98
2021-11-18,PROD_004,New Balance Fresh Foam X 1080v12,Running,Zapatillas Running,75,False,3,74.08,222.24
2021-11-19,PROD_004,New Balance Fresh Foam X 1080v12,Running,Zapatillas Running,75,False,2,77.13,154.26
2021-11-20,PROD_004,New Balance Fresh Foam X 1080v12,Running,Zapatillas Running,75,False,3,74.82,224.46
2021-11-21,PROD_004,New Balance Fresh Foam X 1080v12,Running,Zapatillas Running,75,False,2,72.88,145.76
2021-11-22,PROD_004,New Balance Fresh Foam X 1080v12,Running,Zapatillas Running,75,False,3,73.07,219.21
2021-11-23,PROD_004,New Balance Fresh Foam X 1080v12,Running,Zapatillas Running,75,False,3,72.94,218.82
2021-11-24,PROD_004,New Balance Fresh Foam X 1080v12,Running,Zapatillas Running,75,False,4,74.53,298.12
2021-11-25,PROD_004,New Balance Fresh Foam X 1080v12,Running,Zapatillas Running,75,False,3,73.94,221.82
2021-11-26,PROD_004,New Balance Fresh Foam X 1080v12,Running,Zapatillas Running,75,False,12,63.75,765.0
2021-11-27,PROD_004,New Balance Fresh Foam X 1080v12,Running,Zapatillas Running,75,False,13,66.0,858.0
2021-11-28,PROD_004,New Balance Fresh Foam X 1080v12,Running,Zapatillas Running,75,False,9,66.0,594.0
2021-11-29,PROD_004,New Balance Fresh Foam X 1080v12,Running,Zapatillas Running,75,False,12,63.75,765.0
2021-11-30,PROD_004,New Balance Fresh Foam X 1080v12,Running,Zapatillas Running,75,False,5,69.0,345.0
2022-10-25,PROD_004,New Balance Fresh Foam X 1080v12,Running,Zapatillas Running,75,False,2,74.58,149.16
2022-10-26,PROD_004,New Balance Fresh Foam X 1080v12,Running,Zapatillas Running,75,False,2,75.2,150.4
2022-10-27,PROD_004,New Balance Fresh Foam X 1080v12,Running,Zapatillas Running,75,False,2,73.04,146.08
2022-10-28,PROD_004,New Balance Fresh Foam X 1080v12,Running,Zapatillas Running,75,False,2,76.82,153.64
2022-10-29,PROD_004,New Balance Fresh Foam X 1080v12,Running,Zapatillas Running,75,False,3,74.02,222.06
2022-10-30,PROD_004,New Balance Fresh Foam X 1080v12,Running,Zapatillas Running,75,False,2,75.23,150.46
2022-10-31,PROD_004,New Balance Fresh Foam X 1080v12,Running,Zapatillas Running,75,False,2,75.07,150.14
2022-11-01,PROD_004,New Balance Fresh Foam X 1080v12,Running,Zapatillas Running,75,False,3,73.2,219.6
2022-11-02,PROD_004,New Balance Fresh Foam X 1080v12,Running,Zapatillas Running,75,False,2,76.9,153.8
2022-11-03,PROD_004,New Balance Fresh Foam X 1080v12,Running,Zapatillas Running,75,False,3,74.45,223.35
2022-11-04,PROD_004,New Balance Fresh Foam X 1080v12,Running,Zapatillas Running,75,False,3,76.39,229.17
2022-11-05,PROD_004,New Balance Fresh Foam X 1080v12,Running,Zapatillas Running,75,False,3,73.83,221.49
2022-11-06,PROD_004,New Balance Fresh Foam X 1080v12,Running,Zapatillas Running,75,False,3,75.93,227.79
2022-11-07,PROD_004,New Balance Fresh Foam X 1080v12,Running,Zapatillas Running,75,False,3,75.01,225.03
2022-11-08,PROD_004,New Balance Fresh Foam X 1080v12,Running,Zapatillas Running,75,False,2,73.79,147.58
2022-11-09,PROD_004,New Balance Fresh Foam X 1080v12,Running,Zapatillas Running,75,False,2,75.63,151.26
2022-11-10,PROD_004,New Balance Fresh Foam X 1080v12,Running,Zapatillas Running,75,False,3,74.83,224.49
2022-11-11,PROD_004,New Balance Fresh Foam X 1080v12,Running,Zapatillas Running,75,False,3,73.34,220.02
2022-11-12,PROD_004,New Balance Fresh Foam X 1080v12,Running,Zapatillas Running,75,False,3,76.21,228.63
2022-11-13,PROD_004,New Balance Fresh Foam X 1080v12,Running,Zapatillas Running,75,False,3,76.85,230.55
2022-11-14,PROD_004,New Balance Fresh Foam X 1080v12,Running,Zapatillas Running,75,False,2,73.03,146.06
2022-11-15,PROD_004,New Balance Fresh Foam X 1080v12,Running,Zapatillas Running,75,False,2,74.63,149.26
2022-11-16,PROD_004,New Balance Fresh Foam X 1080v12,Running,Zapatillas Running,75,False,3,75.79,227.37
2022-11-17,PROD_004,New Balance Fresh Foam X 1080v12,Running,Zapatillas Running,75,False,3,73.58,220.74
2022-11-18,PROD_004,New Balance Fresh Foam X 1080v12,Running,Zapatillas Running,75,False,3,76.32,228.96
2022-11-19,PROD_004,New Balance Fresh Foam X 1080v12,Running,Zapatillas Running,75,False,3,75.59,226.77
2022-11-20,PROD_004,New Balance Fresh Foam X 1080v12,Running,Zapatillas Running,75,False,3,74.45,223.35
2022-11-21,PROD_004,New Balance Fresh Foam X 1080v12,Running,Zapatillas Running,75,False,3,74.29,222.87
2022-11-22,PROD_004,New Balance Fresh Foam X 1080v12,Running,Zapatillas Running,75,False,3,73.27,219.81
2022-11-23,PROD_004,New Balance Fresh Foam X 1080v12,Running,Zapatillas Running,75,False,3,75.91,227.73
2022-11-24,PROD_004,New Balance Fresh Foam X 1080v12,Running,Zapatillas Running,75,False,3,76.88,230.64
2022-11-25,PROD_004,New Balance Fresh Foam X 1080v12,Running,Zapatillas Running,75,False,14,63.75,892.5
2022-11-26,PROD_004,New Balance Fresh Foam X 1080v12,Running,Zapatillas Running,75,False,17,66.0,1122.0
2022-11-27,PROD_004,New Balance Fresh Foam X 1080v12,Running,Zapatillas Running,75,False,14,66.0,924.0
2022-11-28,PROD_004,New Balance Fresh Foam X 1080v12,Running,Zapatillas Running,75,False,13,63.75,828.75
2022-11-29,PROD_004,New Balance Fresh Foam X 1080v12,Running,Zapatillas Running,75,False,5,69.0,345.0
2022-11-30,PROD_004,New Balance Fresh Foam X 1080v12,Running,Zapatillas Running,75,False,8,69.0,552.0
2023-10-25,PROD_004,New Balance Fresh Foam X 1080v12,Running,Zapatillas Running,75,False,3,73.92,221.76
2023-10-26,PROD_004,New Balance Fresh Foam X 1080v12,Running,Zapatillas Running,75,False,3,75.61,226.83
2023-10-27,PROD_004,New Balance Fresh Foam X 1080v12,Running,Zapatillas Running,75,False,3,76.37,229.11
2023-10-28,PROD_004,New Balance Fresh Foam X 1080v12,Running,Zapatillas Running,75,False,3,73.28,219.84
2023-10-29,PROD_004,New Balance Fresh Foam X 1080v12,Running,Zapatillas Running,75,False,3,76.16,228.48
2023-10-30,PROD_004,New Balance Fresh Foam X 1080v12,Running,Zapatillas Running,75,False,3,74.67,224.01
2023-10-31,PROD_004,New Balance Fresh Foam X 1080v12,Running,Zapatillas Running,75,False,2,75.29,150.58
2023-11-01,PROD_004,New Balance Fresh Foam X 1080v12,Running,Zapatillas Running,75,False,3,76.11,228.33
2023-11-02,PROD_004,New Balance Fresh Foam X 1080v12,Running,Zapatillas Running,75,False,2,75.84,151.68
2023-11-03,PROD_004,New Balance Fresh Foam X 1080v12,Running,Zapatillas Running,75,False,3,77.18,231.54
2023-11-04,PROD_004,New Balance Fresh Foam X 1080v12,Running,Zapatillas Running,75,False,4,75.03,300.12
2023-11-05,PROD_004,New Balance Fresh Foam X 1080v12,Running,Zapatillas Running,75,False,3,76.31,228.93
2023-11-06,PROD_004,New Balance Fresh Foam X 1080v12,Running,Zapatillas Running,75,False,2,74.82,149.64
2023-11-07,PROD_004,New Balance Fresh Foam X 1080v12,Running,Zapatillas Running,75,False,3,73.68,221.04
2023-11-08,PROD_004,New Balance Fresh Foam X 1080v12,Running,Zapatillas Running,75,False,3,76.13,228.39
2023-11-09,PROD_004,New Balance Fresh Foam X 1080v12,Running,Zapatillas Running,75,False,3,75.19,225.57
2023-11-10,PROD_004,New Balance Fresh Foam X 1080v12,Running,Zapatillas Running,75,False,3,76.28,228.84
2023-11-11,PROD_004,New Balance Fresh Foam X 1080v12,Running,Zapatillas Running,75,False,3,76.41,229.23
2023-11-12,PROD_004,New Balance Fresh Foam X 1080v12,Running,Zapatillas Running,75,False,3,76.81,230.43
2023-11-13,PROD_004,New Balance Fresh Foam X 1080v12,Running,Zapatillas Running,75,False,3,73.43,220.29
2023-11-14,PROD_004,New Balance Fresh Foam X 1080v12,Running,Zapatillas Running,75,False,3,73.58,220.74
2023-11-15,PROD_004,New Balance Fresh Foam X 1080v12,Running,Zapatillas Running,75,False,2,77.21,154.42
2023-11-16,PROD_004,New Balance Fresh Foam X 1080v12,Running,Zapatillas Running,75,False,3,73.72,221.16
2023-11-17,PROD_004,New Balance Fresh Foam X 1080v12,Running,Zapatillas Running,75,False,3,76.47,229.41
2023-11-18,PROD_004,New Balance Fresh Foam X 1080v12,Running,Zapatillas Running,75,False,4,72.86,291.44
2023-11-19,PROD_004,New Balance Fresh Foam X 1080v12,Running,Zapatillas Running,75,False,3,76.62,229.86
2023-11-20,PROD_004,New Balance Fresh Foam X 1080v12,Running,Zapatillas Running,75,False,3,76.5,229.5
2023-11-21,PROD_004,New Balance Fresh Foam X 1080v12,Running,Zapatillas Running,75,False,3,75.81,227.43
2023-11-22,PROD_004,New Balance Fresh Foam X 1080v12,Running,Zapatillas Running,75,False,4,77.08,308.32
2023-11-23,PROD_004,New Balance Fresh Foam X 1080v12,Running,Zapatillas Running,75,False,4,73.79,295.16
2023-11-24,PROD_004,New Balance Fresh Foam X 1080v12,Running,Zapatillas Running,75,False,14,63.75,892.5
2023-11-25,PROD_004,New Balance Fresh Foam X 1080v12,Running,Zapatillas Running,75,False,11,66.0,726.0
2023-11-26,PROD_004,New Balance Fresh Foam X 1080v12,Running,Zapatillas Running,75,False,16,66.0,1056.0
2023-11-27,PROD_004,New Balance Fresh Foam X 1080v12,Running,Zapatillas Running,75,False,9,63.75,573.75
2023-11-28,PROD_004,New Balance Fresh Foam X 1080v12,Running,Zapatillas Running,75,False,9,69.0,621.0
2023-11-29,PROD_004,New Balance Fresh Foam X 1080v12,Running,Zapatillas Running,75,False,9,69.0,621.0
2023-11-30,PROD_004,New Balance Fresh Foam X 1080v12,Running,Zapatillas Running,75,False,2,76.11,152.22
2024-10-25,PROD_004,New Balance Fresh Foam X 1080v12,Running,Zapatillas Running,75,False,3,74.11,222.33
2024-10-26,PROD_004,New Balance Fresh Foam X 1080v12,Running,Zapatillas Running,75,False,4,74.52,298.08
2024-10-27,PROD_004,New Balance Fresh Foam X 1080v12,Running,Zapatillas Running,75,False,2,77.01,154.02
2024-10-28,PROD_004,New Balance Fresh Foam X 1080v12,Running,Zapatillas Running,75,False,2,76.29,152.58
2024-10-29,PROD_004,New Balance Fresh Foam X 1080v12,Running,Zapatillas Running,75,False,3,73.89,221.67
2024-10-30,PROD_004,New Balance Fresh Foam X 1080v12,Running,Zapatillas Running,75,False,2,75.8,151.6
2024-10-31,PROD_004,New Balance Fresh Foam X 1080v12,Running,Zapatillas Running,75,False,2,74.54,149.08
2024-11-01,PROD_004,New Balance Fresh Foam X 1080v12,Running,Zapatillas Running,75,False,4,72.97,291.88
2024-11-02,PROD_004,New Balance Fresh Foam X 1080v12,Running,Zapatillas Running,75,False,4,75.59,302.36
2024-11-03,PROD_004,New Balance Fresh Foam X 1080v12,Running,Zapatillas Running,75,False,3,76.77,230.31
2024-11-04,PROD_004,New Balance Fresh Foam X 1080v12,Running,Zapatillas Running,75,False,3,74.68,224.04
2024-11-05,PROD_004,New Balance Fresh Foam X 1080v12,Running,Zapatillas Running,75,False,3,74.0,222.0
2024-11-06,PROD_004,New Balance Fresh Foam X 1080v12,Running,Zapatillas Running,75,False,4,74.67,298.68
2024-11-07,PROD_004,New Balance Fresh Foam X 1080v12,Running,Zapatillas Running,75,False,3,76.88,230.64
2024-11-08,PROD_004,New Balance Fresh Foam X 1080v12,Running,Zapatillas Running,75,False,3,76.07,228.21
2024-11-09,PROD_004,New Balance Fresh Foam X 1080v12,Running,Zapatillas Running,75,False,5,75.5,377.5
2024-11-10,PROD_004,New Balance Fresh Foam X 1080v12,Running,Zapatillas Running,75,False,4,76.21,304.84
2024-11-11,PROD_004,New Balance Fresh Foam X 1080v12,Running,Zapatillas Running,75,False,2,76.67,153.34
2024-11-12,PROD_004,New Balance Fresh Foam X 1080v12,Running,Zapatillas Running,75,False,4,76.34,305.36
2024-11-13,PROD_004,New Balance Fresh Foam X 1080v12,Running,Zapatillas Running,75,False,2,72.86,145.72
2024-11-14,PROD_004,New Balance Fresh Foam X 1080v12,Running,Zapatillas Running,75,False,3,75.1,225.3
2024-11-15,PROD_004,New Balance Fresh Foam X 1080v12,Running,Zapatillas Running,75,False,3,73.87,221.61
2024-11-16,PROD_004,New Balance Fresh Foam X 1080v12,Running,Zapatillas Running,75,False,4,72.89,291.56
2024-11-17,PROD_004,New Balance Fresh Foam X 1080v12,Running,Zapatillas Running,75,False,3,73.44,220.32
2024-11-18,PROD_004,New Balance Fresh Foam X 1080v12,Running,Zapatillas Running,75,False,2,73.4,146.8
2024-11-19,PROD_004,New Balance Fresh Foam X 1080v12,Running,Zapatillas Running,75,False,2,73.44,146.88
2024-11-20,PROD_004,New Balance Fresh Foam X 1080v12,Running,Zapatillas Running,75,False,2,74.6,149.2
2024-11-21,PROD_004,New Balance Fresh Foam X 1080v12,Running,Zapatillas Running,75,False,3,75.66,226.98
2024-11-22,PROD_004,New Balance Fresh Foam X 1080v12,Running,Zapatillas Running,75,False,4,75.84,303.36
2024-11-23,PROD_004,New Balance Fresh Foam X 1080v12,Running,Zapatillas Running,75,False,3,76.8,230.4
2024-11-24,PROD_004,New Balance Fresh Foam X 1080v12,Running,Zapatillas Running,75,False,4,73.27,293.08
2024-11-25,PROD_004,New Balance Fresh Foam X 1080v12,Running,Zapatillas Running,75,False,3,75.32,225.96
2024-11-26,PROD_004,New Balance Fresh Foam X 1080v12,Running,Zapatillas Running,75,False,4,77.1,308.4
2024-11-27,PROD_004,New Balance Fresh Foam X 1080v12,Running,Zapatillas Running,75,False,4,76.62,306.48
2024-11-28,PROD_004,New Balance Fresh Foam X 1080v12,Running,Zapatillas Running,75,False,4,75.92,303.68
2024-11-29,PROD_004,New Balance Fresh Foam X 1080v12,Running,Zapatillas Running,75,False,14,63.75,892.5
2024-11-30,PROD_004,New Balance Fresh Foam X 1080v12,Running,Zapatillas Running,75,False,12,66.0,792.0
