Data_Practica/data/raw/entrenamiento/ventas.csv
fecha,producto_id,nombre,categoria,subcategoria,precio_base,es_estrella,unidades_vendidas,precio_venta,ingresos
2021-10-25,PROD_005,Nike Dri-FIT Miler,Running,Ropa Running,35,False,2,35.87,71.74
2021-10-26,PROD_005,Nike Dri-FIT Miler,Running,Ropa Running,35,False,2,35.07,70.14
2021-10-27,PROD_005,Nike Dri-FIT Miler,Running,Ropa Running,35,False,2,35.14,70.28
2021-10-28,PROD_005,Nike Dri-FIT Miler,Running,Ropa Running,35,False,2,34.97,69.94
2021-10-29,PROD_005,Nike Dri-FIT Miler,Running,Ropa Running,35,False,2,35.5,71.0
2021-10-30,PROD_005,Nike Dri-FIT Miler,Running,Ropa Running,35,False,2,34.32,68.64
2021-10-31,PROD_005,Nike Dri-FIT Miler,Running,Ropa Running,35,False,2,34.12,68.24
2021-11-01,PROD_005,Nike Dri-FIT Miler,Running,Ropa Running,35,False,2,34.89,69.78
2021-11-02,PROD_005,Nike Dri-FIT Miler,Running,Ropa Running,35,False,2,35.03,70.06
2021-11-03,PROD_005,Nike Dri-FIT Miler,Running,Ropa Running,35,False,2,34.55,69.1
2021-11-04,PROD_005,Nike Dri-FIT Miler,Running,Ropa Running,35,False,2,34.7,69.4
2021-11-05,PROD_005,Nike Dri-FIT Miler,Running,Ropa Running,35,False,2,35.29,70.58
2021-11-06,PROD_005,Nike Dri-FIT Miler,Running,Ropa Running,35,False,3,35.85,107.55
2021-11-07,PROD_005,Nike Dri-FIT Miler,Running,Ropa Running,35,False,2,34.37,68.74
2021-11-08,PROD_005,Nike Dri-FIT Miler,Running,Ropa Running,35,False,2,34.13,68.26
2021-11-09,PROD_005,Nike Dri-FIT Miler,Running,Ropa Running,35,False,2,35.39,70.78
2021-11-10,PROD_005,Nike Dri-FIT Miler,Running,Ropa Running,35,False,3,34.57,103.71
2021-11-11,PROD_005,Nike Dri-FIT Miler,Running,Ropa Running,35,False,2,34.94,69.88
2021-11-12,PROD_005,Nike Dri-FIT Miler,Running,Ropa Running,35,False,3,34.12,102.36
2021-11-13,PROD_005,Nike Dri-FIT Miler,Running,Ropa Running,35,False,3,35.82,107.46
2021-11-14,PROD_005,Nike Dri-FIT Miler,Running,Ropa Running,35,False,3,35.12,105.36
2021-11-15,PROD_005,Nike Dri-FIT Miler,Running,Ropa Running,35,False,3,35.15,105.45
2021-11-16,PROD_005,Nike Dri-FIT Miler,Running,Ropa Running,35,False,3,34.11,102.33
2021-11-17,PROD_005,Nike Dri-FIT Miler,Running,Ropa Running,35,False,2,35.43,70.86
2021-11-18,PROD_005,Nike Dri-FIT Miler,Running,Ropa Running,35,False,3,34.24,102.72
2021-11-19,PROD_005,Nike Dri-FIT Miler,Running,Ropa Running,35,False,3,35.73,107.19
2021-11-20,PROD_005,Nike Dri-FIT Miler,Running,Ropa Running,35,False,3,35.1,105.3
2021-11-21,PROD_005,Nike Dri-FIT Miler,Running,Ropa Running,35,False,2,34.96,69.92
2021-11-22,PROD_005,Nike Dri-FIT Miler,Running,Ropa Running,35,False,2,34.09,68.18
2021-11-23,PROD_005,Nike Dri-FIT Miler,Running,Ropa Running,35,False,2,34.51,69.02
2021-11-24,PROD_005,Nike Dri-FIT Miler,Running,Ropa Running,35,False,3,34.23,102.69
2021-11-25,PROD_005,Nike Dri-FIT Miler,Running,Ropa Running,35,False,2,34.38,68.76
2021-11-26,PROD_005,Nike Dri-FIT Miler,Running,Ropa Running,35,False,11,29.75,327.25
2021-11-27,PROD_005,Nike Dri-FIT Miler,Running,Ropa Running,35,False,12,30.8,369.6
2021-11-28,PROD_005,Nike Dri-FIT Miler,Running,Ropa Running,35,False,9,30.8,277.2
2021-11-29,PROD_005,Nike Dri-FIT Miler,Running,Ropa Running,35,False,8,29.75,238.0
2021-11-30,PROD_005,Nike Dri-FIT Miler,Running,Ropa Running,35,False,6,32.2,193.2
2022-10-25,PROD_005,Nike Dri-FIT Miler,Running,Ropa Running,35,False,2,34.62,69.24
2022-10-26,PROD_005,Nike Dri-FIT Miler,Running,Ropa Running,35,False,2,34.41,68.82
2022-10-27,PROD_005,Nike Dri-FIT Miler,Running,Ropa Running,35,False,2,35.57,71.14
2022-10-28,PROD_005,Nike Dri-FIT Miler,Running,Ropa Running,35,False,3,34.34,103.02
2022-10-29,PROD_005,Nike Dri-FIT Miler,Running,Ropa Running,35,False,2,35.81,71.62
2022-10-30,PROD_005,Nike Dri-FIT Miler,Running,Ropa Running,35,False,2,35.61,71.22
2022-10-31,PROD_005,Nike Dri-FIT Miler,Running,Ropa Running,35,False,2,34.13,68.26
2022-11-01,PROD_005,Nike Dri-FIT Miler,Running,Ropa Running,35,False,2,35.86,71.72
2022-11-02,PROD_005,Nike Dri-FIT Miler,Running,Ropa Running,35,False,2,34.15,68.3
2022-11-03,PROD_005,Nike Dri-FIT Miler,Running,Ropa Running,35,False,3,34.82,104.46
2022-11-04,PROD_005,Nike Dri-FIT Miler,Running,Ropa Running,35,False,3,35.52,106.56
2022-11-05,PROD_005,Nike Dri-FIT Miler,Running,Ropa Running,35,False,3,34.09,102.27
2022-11-06,PROD_005,Nike Dri-FIT Miler,Running,Ropa Running,35,False,3,35.78,107.34
2022-11-07,PROD_005,Nike Dri-FIT Miler,Running,Ropa Running,35,False,3,35.05,105.15
2022-11-08,PROD_005,Nike Dri-FIT Miler,Running,Ropa Running,35,False,2,34.82,69.64
2022-11-09,PROD_005,Nike Dri-FIT Miler,Running,Ropa Running,35,False,2,34.82,69.64
2022-11-10,PROD_005,Nike Dri-FIT Miler,Running,Ropa Running,35,False,3,34.11,102.33
2022-11-11,PROD_005,Nike Dri-FIT Miler,Running,Ropa Running,35,False,3,35.78,107.34
2022-11-12,PROD_005,Nike Dri-FIT Miler,Running,Ropa Running,35,False,3,34.54,103.62
2022-11-13,PROD_005,Nike Dri-FIT Miler,Running,Ropa Running,35,False,3,34.63,103.89
2022-11-14,PROD_005,Nike Dri-FIT Miler,Running,Ropa Running,35,False,2,35.78,71.56
2022-11-15,PROD_005,Nike Dri-FIT Miler,Running,Ropa Running,35,False,3,35.71,107.13
2022-11-16,PROD_005,Nike Dri-FIT Miler,Running,Ropa Running,35,False,2,35.26,70.52
2022-11-17,PROD_005,Nike Dri-FIT Miler,Running,Ropa Running,35,False,2,34.38,68.76
2022-11-18,PROD_005,Nike Dri-FIT Miler,Running,Ropa Running,35,False,3,35.23,105.69
2022-11-19,PROD_005,Nike Dri-FIT Miler,Running,Ropa Running,35,False,3,34.79,104.37
2022-11-20,PROD_005,Nike Dri-FIT Miler,Running,Ropa Running,35,False,3,34.11,102.33
2022-11-21,PROD_005,Nike Dri-FIT Miler,Running,Ropa Running,35,False,2,35.96,71.92
2022-11-22,PROD_005,Nike Dri-FIT Miler,Running,Ropa Running,35,False,4,35.72,142.88
2022-11-23,PROD_005,Nike Dri-FIT Miler,Running,Ropa Running,35,False,3,34.39,103.17
2022-11-24,PROD_005,Nike Dri-FIT Miler,Running,Ropa Running,35,False,3,34.47,103.41
2022-11-25,PROD_005,Nike Dri-FIT Miler,Running,Ropa Running,35,False,13,29.75,386.75
2022-11-26,PROD_005,Nike Dri-FIT Miler,Running,Ropa Running,35,False,13,30.8,400.4
2022-11-27,PROD_005,Nike Dri-FIT Miler,Running,Ropa Running,35,False,10,30.8,308.0
2022-11-28,PROD_005,Nike Dri-FIT Miler,Running,Ropa Running,35,False,10,29.75,297.5
2022-11-29,PROD_005,Nike Dri-FIT Miler,Running,Ropa Running,35,False,6,32.2,193.2
2022-11-30,PROD_005,Nike Dri-FIT Miler,Running,Ropa Running,35,False,6,32.2,193.2
2023-10-25,PROD_005,Nike Dri-FIT Miler,Running,Ropa Running,35,False,2,35.65,71.3
2023-10-26,PROD_005,Nike Dri-FIT Miler,Running,Ropa Running,35,False,2,35.49,70.98
2023-10-27,PROD_005,Nike Dri-FIT Miler,Running,Ropa Running,35,False,2,34.81,69.62
2023-10-28,PROD_005,Nike Dri-FIT Miler,Running,Ropa Running,35,False,3,34.34,103.02
2023-10-29,PROD_005,Nike Dri-FIT Miler,Running,Ropa Running,35,False,2,35.57,71.14
2023-10-30,PROD_005,Nike Dri-FIT Miler,Running,Ropa Running,35,False,2,34.54,69.08
2023-10-31,PROD_005,Nike Dri-FIT Miler,Running,Ropa Running,35,False,3,34.9,104.7
2023-11-01,PROD_005,Nike Dri-FIT Miler,Running,Ropa Running,35,False,2,35.37,70.74
2023-11-02,PROD_005,Nike Dri-FIT Miler,Running,Ropa Running,35,False,3,34.57,103.71
2023-11-03,PROD_005,Nike Dri-FIT Miler,Running,Ropa Running,35,False,3,35.79,107.37
2023-11-04,PROD_005,Nike Dri-FIT Miler,Running,Ropa Running,35,False,3,34.49,103.47
2023-11-05,PROD_005,Nike Dri-FIT Miler,Running,Ropa Running,35,False,4,35.49,141.96
2023-11-06,PROD_005,Nike Dri-FIT Miler,Running,Ropa Running,35,False,3,34.24,102.72
2023-11-07,PROD_005,Nike Dri-FIT Miler,Running,Ropa Running,35,False,2,35.41,70.82
2023-11-08,PROD_005,Nike Dri-FIT Miler,Running,Ropa Running,35,False,3,35.69,107.07
2023-11-09,PROD_005,Nike Dri-FIT Miler,Running,Ropa Running,35,False,2,34.79,69.58
2023-11-10,PROD_005,Nike Dri-FIT Miler,Running,Ropa Running,35,False,3,35.49,106.47
2023-11-11,PROD_005,Nike Dri-FIT Miler,Running,Ropa Running,35,False,3,35.42,106.26
2023-11-12,PROD_005,Nike Dri-FIT Miler,Running,Ropa Running,35,False,3,35.11,105.33
2023-11-13,PROD_005,Nike Dri-FIT Miler,Running,Ropa Running,35,False,3,35.58,106.74
2023-11-14,PROD_005,Nike Dri-FIT Miler,Running,Ropa Running,35,False,3,35.09,105.27
2023-11-15,PROD_005,Nike Dri-FIT Miler,Running,Ropa Running,35,False,3,35.73,107.19
2023-11-16,PROD_005,Nike Dri-FIT Miler,Running,Ropa Running,35,False,2,35.73,71.46
2023-11-17,PROD_005,Nike Dri-FIT Miler,Running,Ropa Running,35,False,2,34.63,69.26
2023-11-18,PROD_005,Nike Dri-FIT Miler,Running,Ropa Running,35,False,3,35.38,106.14
2023-11-19,PROD_005,Nike Dri-FIT Miler,Running,Ropa Running,35,False,3,35.35,106.05
2023-11-20,PROD_005,Nike Dri-FIT Miler,Running,Ropa Running,35,False,3,35.55,106.65
2023-11-21,PROD_005,Nike Dri-FIT Miler,Running,Ropa Running,35,False,3,35.51,106.53
2023-11-22,PROD_005,Nike Dri-FIT Miler,Running,Ropa Running,35,False,3,34.87,104.61
2023-11-23,PROD_005,Nike Dri-FIT Miler,Running,Ropa Running,35,False,4,35.03,140.12
2023-11-24,PROD_005,Nike Dri-FIT Miler,Running,Ropa Running,35,False,13,29.75,386.75
2023-11-25,PROD_005,Nike Dri-FIT Miler,Running,Ropa Running,35,False,13,30.8,400.4
2023-11-26,PROD_005,Nike Dri-FIT Miler,Running,Ropa Running,35,False,12,30.8,369.6
2023-11-27,PROD_005,Nike Dri-FIT Miler,Running,Ropa Running,35,False,10,29.75,297.5
2023-11-28,PROD_005,Nike Dri-FIT Miler,Running,Ropa Running,35,False,6,32.2,193.2
2023-11-29,PROD_005,Nike Dri-FIT Miler,Running,Ropa Running,35,False,7,32.2,225.4
2023-11-30,PROD_005,Nike Dri-FIT Miler,Running,Ropa Running,35,False,2,34.98,69.96
2024-10-25,PROD_005,Nike Dri-FIT Miler,Running,Ropa Running,35,False,3,34.55,103.65
2024-10-26,PROD_005,Nike Dri-FIT Miler,Running,Ropa Running,35,False,3,34.2,102.6
2024-10-27,PROD_005,Nike Dri-FIT Miler,Running,Ropa Running,35,False,2,35.47,70.94
2024-10-28,PROD_005,Nike Dri-FIT Miler,Running,Ropa Running,35,False,2,34.81,69.62
2024-10-29,PROD_005,Nike Dri-FIT Miler,Running,Ropa Running,35,False,2,35.79,71.58
2024-10-30,PROD_005,Nike Dri-FIT Miler,Running,Ropa Running,35,False,2,34.5,69.0
2024-10-31,PROD_005,Nike Dri-FIT Miler,Running,Ropa Running,35,False,2,35.57,71.14
2024-11-01,PROD_005,Nike Dri-FIT Miler,Running,Ropa Running,35,False,3,34.56,103.68
2024-11-02,PROD_005,Nike Dri-FIT Miler,Running,Ropa Running,35,False,3,33.99,101.97
2024-11-03,PROD_005,Nike Dri-FIT Miler,Running,Ropa Running,35,False,3,34.15,102.45
2024-11-04,PROD_005,Nike Dri-FIT Miler,Running,Ropa Running,35,False,3,35.27,105.81
2024-11-05,PROD_005,Nike Dri-FIT Miler,Running,Ropa Running,35,False,3,34.07,102.21
2024-11-06,PROD_005,Nike Dri-FIT Miler,Running,Ropa Running,35,False,3,34.91,104.73
2024-11-07,PROD_005,Nike Dri-FIT Miler,Running,Ropa Running,35,False,3,33.97,101.91
2024-11-08,PROD_005,Nike Dri-FIT Miler,Running,Ropa Running,35,False,3,34.36,103.08
2024-11-09,PROD_005,Nike Dri-FIT Miler,Running,Ropa Running,35,False,3,35.73,107.19
2024-11-10,PROD_005,Nike Dri-FIT Miler,Running,Ropa Running,35,False,3,35.59,106.77
2024-11-11,PROD_005,Nike Dri-FIT Miler,Running,Ropa Running,35,False,3,35.76,107.28
2024-11-12,PROD_005,Nike Dri-FIT Miler,Running,Ropa Running,35,False,3,34.27,102.81
2024-11-13,PROD_005,Nike Dri-FIT Miler,Running,Ropa Running,35,False,3,35.93,107.79
2024-11-14,PROD_005,Nike Dri-FIT Miler,Running,Ropa Running,35,False,2,35.26,70.52
2024-11-15,PROD_005,Nike Dri-FIT Miler,Running,Ropa Running,35,False,4,35.58,142.32
2024-11-16,PROD_005,Nike Dri-FIT Miler,Running,Ropa Running,35,False,4,34.33,137.32
2024-11-17,PROD_005,Nike Dri-FIT Miler,Running,Ropa Running,35,False,3,34.8,104.4
2024-11-18,PROD_005,Nike Dri-FIT Miler,Running,Ropa Running,35,False,2,34.59,69.18
2024-11-19,PROD_005,Nike Dri-FIT Miler,Running,Ropa Running,35,False,3,35.28,105.84
2024-11-20,PROD_005,Nike Dri-FIT Miler,Running,Ropa Running,35,False,2,36.03,72.06
2024-11-21,PROD_005,Nike Dri-FIT Miler,Running,Ropa Running,35,False,3,35.1,105.3
2024-11-22,PROD_005,Nike Dri-FIT Miler,Running,Ropa Running,35,False,3,34.04,102.12
2024-11-23,PROD_005,Nike Dri-FIT Miler,Running,Ropa Running,35,False,5,34.01,170.05
2024-11-24,PROD_005,Nike Dri-FIT Miler,Running,Ropa Running,35,False,3,34.71,104.13
2024-11-25,PROD_005,Nike Dri-FIT Miler,Running,Ropa Running,35,False,2,35.64,71.28
2024-11-26,PROD_005,Nike Dri-FIT Miler,Running,Ropa Running,35,False,4,34.23,136.92
2024-11-27,PROD_005,Nike Dri-FIT Miler,Running,Ropa Running,35,False,4,35.77,143.08
2024-11-28,PROD_005,Nike Dri-FIT Miler,Running,Ropa Running,35,False,3,35.57,106.71
2024-11-29,PROD_005,Nike Dri-FIT Miler,Running,Ropa Running,35,False,14,29.75,416.5
2024-11-30,PROD_005,Nike Dri-FIT Miler,Running,Ropa Running,35,False,12,30.8,369.6
