Data_Practica/data/raw/entrenamiento/ventas.csv
fecha,producto_id,nombre,categoria,subcategoria,precio_base,es_estrella,unidades_vendidas,precio_venta,ingresos
2021-10-25,PROD_006,Adidas Own The Run Jacket,Running,Ropa Running,65,False,2,65.51,131.02
2021-10-26,PROD_006,Adidas Own The Run Jacket,Running,Ropa Running,65,False,2,66.69,133.38
2021-10-27,PROD_006,Adidas Own The Run Jacket,Running,Ropa Running,65,False,2,64.63,129.26
2021-10-28,PROD_006,Adidas Own The Run Jacket,Running,Ropa Running,65,False,2,64.25,128.5
2021-10-29,PROD_006,Adidas Own The Run Jacket,Running,Ropa Running,65,False,2,63.42,126.84
2021-10-30,PROD_006,Adidas Own The Run Jacket,Running,Ropa Running,65,False,3,65.14,195.42
2021-10-31,PROD_006,Adidas Own The Run Jacket,Running,Ropa Running,65,False,2,65.76,131.52
2021-11-01,PROD_006,Adidas Own The Run Jacket,Running,Ropa Running,65,False,2,64.67,129.34
2021-11-02,PROD_006,Adidas Own The Run Jacket,Running,Ropa Running,65,False,2,63.38,126.76
2021-11-03,PROD_006,Adidas Own The Run Jacket,Running,Ropa Running,65,False,2,66.35,132.7
2021-11-04,PROD_006,Adidas Own The Run Jacket,Running,Ropa Running,65,False,3,63.07,189.21
2021-11-05,PROD_006,Adidas Own The Run Jacket,Running,Ropa Running,65,False,2,64.65,129.3
2021-11-06,PROD_006,Adidas Own The Run Jacket,Running,Ropa Running,65,False,2,64.65,129.3
2021-11-07,PROD_006,Adidas Own The Run Jacket,Running,Ropa Running,65,False,2,64.34,128.68
2021-11-08,PROD_006,Adidas Own The Run Jacket,Running,Ropa Running,65,False,2,65.02,130.04
2021-11-09,PROD_006,Adidas Own The Run Jacket,Running,Ropa Running,65,False,2,66.31,132.62
2021-11-10,PROD_006,Adidas Own The Run Jacket,Running,Ropa Running,65,False,2,63.24,126.48
2021-11-11,PROD_006,Adidas Own The Run Jacket,Running,Ropa Running,65,False,2,63.81,127.62
2021-11-12,PROD_006,Adidas Own The Run Jacket,Running,Ropa Running,65,False,2,65.66,131.32
2021-11-13,PROD_006,Adidas Own The Run Jacket,Running,Ropa Running,65,False,3,63.15,189.45
2021-11-14,PROD_006,Adidas Own The Run Jacket,Running,Ropa Running,65,False,2,63.59,127.18
2021-11-15,PROD_006,Adidas Own The Run Jacket,Running,Ropa Running,65,False,2,66.53,133.06
2021-11-16,PROD_006,Adidas Own The Run Jacket,Running,Ropa Running,65,False,2,65.81,131.62
2021-11-17,PROD_006,Adidas Own The Run Jacket,Running,Ropa Running,65,False,2,63.45,126.9
2021-11-18,PROD_006,Adidas Own The Run Jacket,Running,Ropa Running,65,False,2,64.28,128.56
2021-11-19,PROD_006,Adidas Own The Run Jacket,Running,Ropa Running,65,False,3,64.84,194.52
2021-11-20,PROD_006,Adidas Own The Run Jacket,Running,Ropa Running,65,False,3,63.7,191.1
2021-11-21,PROD_006,Adidas Own The Run Jacket,Running,Ropa Running,65,False,2,64.18,128.36
2021-11-22,PROD_006,Adidas Own The Run Jacket,Running,Ropa Running,65,False,2,64.65,129.3
2021-11-23,PROD_006,Adidas Own The Run Jacket,Running,Ropa Running,65,False,3,65.84,197.52
2021-11-24,PROD_006,Adidas Own The Run Jacket,Running,Ropa Running,65,False,2,66.45,132.9
2021-11-25,PROD_006,Adidas Own The Run Jacket,Running,Ropa Running,65,False,3,64.17,192.51
2021-11-26,PROD_006,Adidas Own The Run Jacket,Running,Ropa Running,65,False,12,55.25,663.0
2021-11-27,PROD_006,Adidas Own The Run Jacket,Running,Ropa Running,65,False,12,57.2,686.4
2021-11-28,PROD_006,Adidas Own The Run Jacket,Running,Ropa Running,65,False,10,57.2,572.0
2021-11-29,PROD_006,Adidas Own The Run Jacket,Running,Ropa Running,65,False,7,55.25,386.75
2021-11-30,PROD_006,Adidas Own The Run Jacket,Running,Ropa Running,65,False,5,59.8,299.0
2022-10-25,PROD_006,Adidas Own The Run Jacket,Running,Ropa Running,65,False,2,64.44,128.88
2022-10-26,PROD_006,Adidas Own The Run Jacket,Running,Ropa Running,65,False,2,66.84,133.68
2022-10-27,PROD_006,Adidas Own The Run Jacket,Running,Ropa Running,65,False,2,65.95,131.9
2022-10-28,PROD_006,Adidas Own The Run Jacket,Running,Ropa Running,65,False,2,65.15,130.3
2022-10-29,PROD_006,Adidas Own The Run Jacket,Running,Ropa Running,65,False,2,64.63,129.26
2022-10-30,PROD_006,Adidas Own The Run Jacket,Running,Ropa Running,65,False,2,66.46,132.92
2022-10-31,PROD_006,Adidas Own The Run Jacket,Running,Ropa Running,65,False,2,66.57,133.14
2022-11-01,PROD_006,Adidas Own The Run Jacket,Running,Ropa Running,65,False,2,65.35,130.7
2022-11-02,PROD_006,Adidas Own The Run Jacket,Running,Ropa Running,65,False,2,64.65,129.3
2022-11-03,PROD_006,Adidas Own The Run Jacket,Running,Ropa Running,65,False,2,64.82,129.64
2022-11-04,PROD_006,Adidas Own The Run Jacket,Running,Ropa Running,65,False,2,64.39,128.78
2022-11-05,PROD_006,Adidas Own The Run Jacket,Running,Ropa Running,65,False,3,66.15,198.45
2022-11-06,PROD_006,Adidas Own The Run Jacket,Running,Ropa Running,65,False,3,63.45,190.35
2022-11-07,PROD_006,Adidas Own The Run Jacket,Running,Ropa Running,65,False,2,66.57,133.14
2022-11-08,PROD_006,Adidas Own The Run Jacket,Running,Ropa Running,65,False,2,66.56,133.12
2022-11-09,PROD_006,Adidas Own The Run Jacket,Running,Ropa Running,65,False,3,63.65,190.95
2022-11-10,PROD_006,Adidas Own The Run Jacket,Running,Ropa Running,65,False,2,66.77,133.54
2022-11-11,PROD_006,Adidas Own The Run Jacket,Running,Ropa Running,65,False,3,66.84,200.52
2022-11-12,PROD_006,Adidas Own The Run Jacket,Running,Ropa Running,65,False,3,66.14,198.42
2022-11-13,PROD_006,Adidas Own The Run Jacket,Running,Ropa Running,65,False,2,65.15,130.3
2022-11-14,PROD_006,Adidas Own The Run Jacket,Running,Ropa Running,65,False,3,63.49,190.47
2022-11-15,PROD_006,Adidas Own The Run Jacket,Running,Ropa Running,65,False,2,64.41,128.82
2022-11-16,PROD_006,Adidas Own The Run Jacket,Running,Ropa Running,65,False,2,65.17,130.34
2022-11-17,PROD_006,Adidas Own The Run Jacket,Running,Ropa Running,65,False,2,65.61,131.22
2022-11-18,PROD_006,Adidas Own The Run Jacket,Running,Ropa Running,65,False,3,64.37,193.11
2022-11-19,PROD_006,Adidas Own The Run Jacket,Running,Ropa Running,65,False,3,66.87,200.61
2022-11-20,PROD_006,Adidas Own The Run Jacket,Running,Ropa Running,65,False,2,64.17,128.34
2022-11-21,PROD_006,Adidas Own The Run Jacket,Running,Ropa Running,65,False,2,63.95,127.9
2022-11-22,PROD_006,Adidas Own The Run Jacket,Running,Ropa Running,65,False,3,66.7,200.1
2022-11-23,PROD_006,Adidas Own The Run Jacket,Running,Ropa Running,65,False,3,64.39,193.17
2022-11-24,PROD_006,Adidas Own The Run Jacket,Running,Ropa Running,65,False,3,63.46,190.38
2022-11-25,PROD_006,Adidas Own The Run Jacket,Running,Ropa Running,65,False,13,55.25,718.25
2022-11-26,PROD_006,Adidas Own The Run Jacket,Running,Ropa Running,65,False,11,57.2,629.2
2022-11-27,PROD_006,Adidas Own The Run Jacket,Running,Ropa Running,65,False,9,57.2,514.8
2022-11-28,PROD_006,Adidas Own The Run Jacket,Running,Ropa Running,65,False,10,55.25,552.5
2022-11-29,PROD_006,Adidas Own The Run Jacket,Running,Ropa Running,65,False,5,59.8,299.0
2022-11-30,PROD_006,Adidas Own The Run Jacket,Running,Ropa Running,65,False,5,59.8,299.0
2023-10-25,PROD_006,Adidas Own The Run Jacket,Running,Ropa Running,65,False,2,63.12,126.24
2023-10-26,PROD_006,Adidas Own The Run Jacket,Running,Ropa Running,65,False,2,64.72,129.44
2023-10-27,PROD_006,Adidas Own The Run Jacket,Running,Ropa Running,65,False,3,65.15,195.45
2023-10-28,PROD_006,Adidas Own The Run Jacket,Running,Ropa Running,65,False,3,63.55,190.65
2023-10-29,PROD_006,Adidas Own The Run Jacket,Running,Ropa Running,65,False,3,66.43,199.29
2023-10-30,PROD_006,Adidas Own The Run Jacket,Running,Ropa Running,65,False,2,64.23,128.46
2023-10-31,PROD_006,Adidas Own The Run Jacket,Running,Ropa Running,65,False,2,65.1,130.2
2023-11-01,PROD_006,Adidas Own The Run Jacket,Running,Ropa Running,65,False,2,66.11,132.22
2023-11-02,PROD_006,Adidas Own The Run Jacket,Running,Ropa Running,65,False,3,64.41,193.23
2023-11-03,PROD_006,Adidas Own The Run Jacket,Running,Ropa Running,65,False,2,63.95,127.9
2023-11-04,PROD_006,Adidas Own The Run Jacket,Running,Ropa Running,65,False,3,63.73,191.19
2023-11-05,PROD_006,Adidas Own The Run Jacket,Running,Ropa Running,65,False,3,65.78,197.34
2023-11-06,PROD_006,Adidas Own The Run Jacket,Running,Ropa Running,65,False,2,63.68,127.36
2023-11-07,PROD_006,Adidas Own The Run Jacket,Running,Ropa Running,65,False,2,64.85,129.7
2023-11-08,PROD_006,Adidas Own The Run Jacket,Running,Ropa Running,65,False,3,64.82,194.46
2023-11-09,PROD_006,Adidas Own The Run Jacket,Running,Ropa Running,65,False,2,64.75,129.5
2023-11-10,PROD_006,Adidas Own The Run Jacket,Running,Ropa Running,65,False,3,65.53,196.59
2023-11-11,PROD_006,Adidas Own The Run Jacket,Running,Ropa Running,65,False,3,63.92,191.76
2023-11-12,PROD_006,Adidas Own The Run Jacket,Running,Ropa Running,65,False,3,65.39,196.17
2023-11-13,PROD_006,Adidas Own The Run Jacket,Running,Ropa Running,65,False,2,66.91,133.82
2023-11-14,PROD_006,Adidas Own The Run Jacket,Running,Ropa Running,65,False,2,63.09,126.18
2023-11-15,PROD_006,Adidas Own The Run Jacket,Running,Ropa Running,65,False,2,64.24,128.48
2023-11-16,PROD_006,Adidas Own The Run Jacket,Running,Ropa Running,65,False,2,66.62,133.24
2023-11-17,PROD_006,Adidas Own The Run Jacket,Running,Ropa Running,65,False,3,63.84,191.52
2023-11-18,PROD_006,Adidas Own The Run Jacket,Running,Ropa Running,65,False,3,63.41,190.23
2023-11-19,PROD_006,Adidas Own The Run Jacket,Running,Ropa Running,65,False,2,66.67,133.34
2023-11-20,PROD_006,Adidas Own The Run Jacket,Running,Ropa Running,65,False,2,64.96,129.92
2023-11-21,PROD_006,Adidas Own The Run Jacket,Running,Ropa Running,65,False,3,66.74,200.22
2023-11-22,PROD_006,Adidas Own The Run Jacket,Running,Ropa Running,65,False,4,64.78,259.12
2023-11-23,PROD_006,Adidas Own The Run Jacket,Running,Ropa Running,65,False,2,66.64,133.28
2023-11-24,PROD_006,Adidas Own The Run Jacket,Running,Ropa Running,65,False,13,55.25,718.25
2023-11-25,PROD_006,Adidas Own The Run Jacket,Running,Ropa Running,65,False,15,57.2,858.0
2023-11-26,PROD_006,Adidas Own The Run Jacket,Running,Ropa Running,65,False,10,57.2,572.0
2023-11-27,PROD_006,Adidas Own The Run Jacket,Running,Ropa Running,65,False,8,55.25,442.0
2023-11-28,PROD_006,Adidas Own The Run Jacket,Running,Ropa Running,65,False,6,59.8,358.8
2023-11-29,PROD_006,Adidas Own The Run Jacket,Running,Ropa Running,65,False,6,59.8,358.8
2023-11-30,PROD_006,Adidas Own The Run Jacket,Running,Ropa Running,65,False,2,65.92,131.84
2024-10-25,PROD_006,Adidas Own The Run Jacket,Running,Ropa Running,65,False,3,63.85,191.55
2024-10-26,PROD_006,Adidas Own The Run Jacket,Running,Ropa Running,65,False,3,65.66,196.98
2024-10-27,PROD_006,Adidas Own The Run Jacket,Running,Ropa Running,65,False,2,63.79,127.58
2024-10-28,PROD_006,Adidas Own The Run Jacket,Running,Ropa Running,65,False,2,64.9,129.8
2024-10-29,PROD_006,Adidas Own The Run Jacket,Running,Ropa Running,65,False,2,66.15,132.3
2024-10-30,PROD_006,Adidas Own The Run Jacket,Running,Ropa Running,65,False,2,66.14,132.28
2024-10-31,PROD_006,Adidas Own The Run Jacket,Running,Ropa Running,65,False,2,65.77,131.54
2024-11-01,PROD_006,Adidas Own The Run Jacket,Running,Ropa Running,65,False,3,65.56,196.68
2024-11-02,PROD_006,Adidas Own The Run Jacket,Running,Ropa Running,65,False,3,65.61,196.83
2024-11-03,PROD_006,Adidas Own The Run Jacket,Running,Ropa Running,65,False,2,66.25,132.5
2024-11-04,PROD_006,Adidas Own The Run Jacket,Running,Ropa Running,65,False,2,63.43,126.86
2024-11-05,PROD_006,Adidas Own The Run Jacket,Running,Ropa Running,65,False,2,65.69,131.38
2024-11-06,PROD_006,Adidas Own The Run Jacket,Running,Ropa Running,65,False,2,64.31,128.62
2024-11-07,PROD_006,Adidas Own The Run Jacket,Running,Ropa Running,65,False,2,64.15,128.3
2024-11-08,PROD_006,Adidas Own The Run Jacket,Running,Ropa Running,65,False,3,63.91,191.73
2024-11-09,PROD_006,Adidas Own The Run Jacket,Running,Ropa Running,65,False,3,63.1,189.3
2024-11-10,PROD_006,Adidas Own The Run Jacket,Running,Ropa Running,65,False,3,66.9,200.7
2024-11-11,PROD_006,Adidas Own The Run Jacket,Running,Ropa Running,65,False,3,66.12,198.36
2024-11-12,PROD_006,Adidas Own The Run Jacket,Running,Ropa Running,65,False,3,63.65,190.95
2024-11-13,PROD_006,Adidas Own The Run Jacket,Running,Ropa Running,65,False,3,65.79,197.37
2024-11-14,PROD_006,Adidas Own The Run Jacket,Running,Ropa Running,65,False,3,65.85,197.55
2024-11-15,PROD_006,Adidas Own The Run Jacket,Running,Ropa Running,65,False,3,66.41,199.23
2024-11-16,PROD_006,Adidas Own The Run Jacket,Running,Ropa Running,65,False,4,64.23,256.92
2024-11-17,PROD_006,Adidas Own The Run Jacket,Running,Ropa Running,65,False,2,63.21,126.42
2024-11-18,PROD_006,Adidas Own The Run Jacket,Running,Ropa Running,65,False,2,66.62,133.24
2024-11-19,PROD_006,Adidas Own The Run Jacket,Running,Ropa Running,65,False,3,64.31,192.93
2024-11-20,PROD_006,Adidas Own The Run Jacket,Running,Ropa Running,65,False,3,66.1,198.3
2024-11-21,PROD_006,Adidas Own The Run Jacket,Running,Ropa Running,65,False,2,65.57,131.14
2024-11-22,PROD_006,Adidas Own The Run Jacket,Running,Ropa Running,65,False,3,63.28,189.84
2024-11-23,PROD_006,Adidas Own The Run Jacket,Running,Ropa Running,65,False,4,65.82,263.28
2024-11-24,PROD_006,Adidas Own The Run Jacket,Running,Ropa Running,65,False,3,64.79,194.37
2024-11-25,PROD_006,Adidas Own The Run Jacket,Running,Ropa Running,65,False,3,64.3,192.9
2024-11-26,PROD_006,Adidas Own The Run Jacket,Running,Ropa Running,65,False,4,66.35,265.4
2024-11-27,PROD_006,Adidas Own The Run Jacket,Running,Ropa Running,65,False,4,63.7,254.8
2024-11-28,PROD_006,Adidas Own The Run Jacket,Running,Ropa Running,65,False,4,64.61,258.44
2024-11-29,PROD_006,Adidas Own The Run Jacket,Running,Ropa Running,65,False,12,55.25,663.0
2024-11-30,PROD_006,Adidas Own The Run Jacket,Running,Ropa Running,65,False,13,57.2,743.6
