Data_Practica/data/raw/entrenamiento/ventas.csv
fecha,producto_id,nombre,categoria,subcategoria,precio_base,es_estrella,unidades_vendidas,precio_venta,ingresos
2021-10-25,PROD_007,Puma Velocity Nitro 2,Running,Zapatillas Running,70,False,2,70.98,141.96
2021-10-26,PROD_007,Puma Velocity Nitro 2,Running,Zapatillas Running,70,False,2,69.23,138.46
2021-10-27,PROD_007,Puma Velocity Nitro 2,Running,Zapatillas Running,70,False,2,69.27,138.54
2021-10-28,PROD_007,Puma Velocity Nitro 2,Running,Zapatillas Running,70,False,1,71.27,71.27
2021-10-29,PROD_007,Puma Velocity Nitro 2,Running,Zapatillas Running,70,False,2,68.0,136.0
2021-10-30,PROD_007,Puma Velocity Nitro 2,Running,Zapatillas Running,70,False,3,68.31,204.93
2021-10-31,PROD_007,Puma Velocity Nitro 2,Running,Zapatillas Running,70,False,2,69.35,138.7
2021-11-01,PROD_007,Puma Velocity Nitro 2,Running,Zapatillas Running,70,False,2,71.38,142.76
2021-11-02,PROD_007,Puma Velocity Nitro 2,Running,Zapatillas Running,70,False,2,70.91,141.82
2021-11-03,PROD_007,Puma Velocity Nitro 2,Running,Zapatillas Running,70,False,2,71.76,143.52
2021-11-04,PROD_007,Puma Velocity Nitro 2,Running,Zapatillas Running,70,False,2,71.1,142.2
2021-11-05,PROD_007,Puma Velocity Nitro 2,Running,Zapatillas Running,70,False,3,71.43,214.29
2021-11-06,PROD_007,Puma Velocity Nitro 2,Running,Zapatillas Running,70,False,3,69.36,208.08
2021-11-07,PROD_007,Puma Velocity Nitro 2,Running,Zapatillas Running,70,False,2,71.08,142.16
2021-11-08,PROD_007,Puma Velocity Nitro 2,Running,Zapatillas Running,70,False,2,71.96,143.92
2021-11-09,PROD_007,Puma Velocity Nitro 2,Running,Zapatillas Running,70,False,2,69.07,138.14
2021-11-10,PROD_007,Puma Velocity Nitro 2,Running,Zapatillas Running,70,False,2,71.69,143.38
2021-11-11,PROD_007,Puma Velocity Nitro 2,Running,Zapatillas Running,70,False,2,70.47,140.94
2021-11-12,PROD_007,Puma Velocity Nitro 2,Running,Zapatillas Running,70,False,3,70.75,212.25
2021-11-13,PROD_007,Puma Velocity Nitro 2,Running,Zapatillas Running,70,False,2,70.61,141.22
2021-11-14,PROD_007,Puma Velocity Nitro 2,Running,Zapatillas Running,70,False,2,69.76,139.52
2021-11-15,PROD_007,Puma Velocity Nitro 2,Running,Zapatillas Running,70,False,2,68.16,136.32
2021-11-16,PROD_007,Puma Velocity Nitro 2,Running,Zapatillas Running,70,False,2,68.11,136.22
2021-11-17,PROD_007,Puma Velocity Nitro 2,Running,Zapatillas Running,70,False,2,69.41,138.82
2021-11-18,PROD_007,Puma Velocity Nitro 2,Running,Zapatillas Running,70,False,2,70.61,141.22
2021-11-19,PROD_007,Puma Velocity Nitro 2,Running,Zapatillas Running,70,False,2,69.57,139.14
2021-11-20,PROD_007,Puma Velocity Nitro 2,Running,Zapatillas Running,70,False,3,69.77,209.31
2021-11-21,PROD_007,Puma Velocity Nitro 2,Running,Zapatillas Running,70,False,2,69.57,139.14
2021-11-22,PROD_007,Puma Velocity Nitro 2,Running,Zapatillas Running,70,False,2,71.31,142.62
2021-11-23,PROD_007,Puma Velocity Nitro 2,Running,Zapatillas Running,70,False,3,71.09,213.27
2021-11-24,PROD_007,Puma Velocity Nitro 2,Running,Zapatillas Running,70,False,2,70.73,141.46
2021-11-25,PROD_007,Puma Velocity Nitro 2,Running,Zapatillas Running,70,False,3,70.66,211.98
2021-11-26,PROD_007,Puma Velocity Nitro 2,Running,Zapatillas Running,70,False,10,59.5,595.0
2021-11-27,PROD_007,Puma Velocity Nitro 2,Running,Zapatillas Running,70,False,11,61.6,677.6
2021-11-28,PROD_007,Puma Velocity Nitro 2,Running,Zapatillas Running,70,False,8,61.6,492.8
2021-11-29,PROD_007,Puma Velocity Nitro 2,Running,Zapatillas Running,70,False,9,59.5,535.5
2021-11-30,PROD_007,Puma Velocity Nitro 2,Running,Zapatillas Running,70,False,5,64.4,322.0
2022-10-25,PROD_007,Puma Velocity Nitro 2,Running,Zapatillas Running,70,False,2,71.5,143.0
2022-10-26,PROD_007,Puma Velocity Nitro 2,Running,Zapatillas Running,70,False,2,67.92,135.84
2022-10-27,PROD_007,Puma Velocity Nitro 2,Running,Zapatillas Running,70,False,2,69.29,138.58
2022-10-28,PROD_007,Puma Velocity Nitro 2,Running,Zapatillas Running,70,False,2,71.58,143.16
2022-10-29,PROD_007,Puma Velocity Nitro 2,Running,Zapatillas Running,70,False,2,68.31,136.62
2022-10-30,PROD_007,Puma Velocity Nitro 2,Running,Zapatillas Running,70,False,1,68.11,68.11
2022-10-31,PROD_007,Puma Velocity Nitro 2,Running,Zapatillas Running,70,False,2,70.3,140.6
2022-11-01,PROD_007,Puma Velocity Nitro 2,Running,Zapatillas Running,70,False,2,68.71,137.42
2022-11-02,PROD_007,Puma Velocity Nitro 2,Running,Zapatillas Running,70,False,2,71.41,142.82
2022-11-03,PROD_007,Puma Velocity Nitro 2,Running,Zapatillas Running,70,False,2,71.64,143.28
2022-11-04,PROD_007,Puma Velocity Nitro 2,Running,Zapatillas Running,70,False,2,71.88,143.76
2022-11-05,PROD_007,Puma Velocity Nitro 2,Running,Zapatillas Running,70,False,3,67.93,203.79
2022-11-06,PROD_007,Puma Velocity Nitro 2,Running,Zapatillas Running,70,False,2,70.88,141.76
2022-11-07,PROD_007,Puma Velocity Nitro 2,Running,Zapatillas Running,70,False,2,68.59,137.18
2022-11-08,PROD_007,Puma Velocity Nitro 2,Running,Zapatillas Running,70,False,2,71.02,142.04
2022-11-09,PROD_007,Puma Velocity Nitro 2,Running,Zapatillas Running,70,False,2,69.87,139.74
2022-11-10,PROD_007,Puma Velocity Nitro 2,Running,Zapatillas Running,70,False,3,71.94,215.82
2022-11-11,PROD_007,Puma Velocity Nitro 2,Running,Zapatillas Running,70,False,2,69.99,139.98
2022-11-12,PROD_007,Puma Velocity Nitro 2,Running,Zapatillas Running,70,False,3,71.84,215.52
2022-11-13,PROD_007,Puma Velocity Nitro 2,Running,Zapatillas Running,70,False,3,71.49,214.47
2022-11-14,PROD_007,Puma Velocity Nitro 2,Running,Zapatillas Running,70,False,2,71.88,143.76
2022-11-15,PROD_007,Puma Velocity Nitro 2,Running,Zapatillas Running,70,False,2,71.87,143.74
2022-11-16,PROD_007,Puma Velocity Nitro 2,Running,Zapatillas Running,70,False,2,69.52,139.04
2022-11-17,PROD_007,Puma Velocity Nitro 2,Running,Zapatillas Running,70,False,2,72.08,144.16
2022-11-18,PROD_007,Puma Velocity Nitro 2,Running,Zapatillas Running,70,False,3,69.42,208.26
2022-11-19,PROD_007,Puma Velocity Nitro 2,Running,Zapatillas Running,70,False,3,69.74,209.22
2022-11-20,PROD_007,Puma Velocity Nitro 2,Running,Zapatillas Running,70,False,2,71.46,142.92
2022-11-21,PROD_007,Puma Velocity Nitro 2,Running,Zapatillas Running,70,False,2,72.04,144.08
2022-11-22,PROD_007,Puma Velocity Nitro 2,Running,Zapatillas Running,70,False,3,71.66,214.98
2022-11-23,PROD_007,Puma Velocity Nitro 2,Running,Zapatillas Running,70,False,3,71.09,213.27
2022-11-24,PROD_007,Puma Velocity Nitro 2,Running,Zapatillas Running,70,False,3,68.83,206.49
2022-11-25,PROD_007,Puma Velocity Nitro 2,Running,Zapatillas Running,70,False,10,59.5,595.0
2022-11-26,PROD_007,Puma Velocity Nitro 2,Running,Zapatillas Running,70,False,10,61.6,616.0
2022-11-27,PROD_007,Puma Velocity Nitro 2,Running,Zapatillas Running,70,False,11,61.6,677.6
2022-11-28,PROD_007,Puma Velocity Nitro 2,Running,Zapatillas Running,70,False,10,59.5,595.0
2022-11-29,PROD_007,Puma Velocity Nitro 2,Running,Zapatillas Running,70,False,6,64.4,386.4
2022-11-30,PROD_007,Puma Velocity Nitro 2,Running,Zapatillas Running,70,False,5,64.4,322.0
2023-10-25,PROD_007,Puma Velocity Nitro 2,Running,Zapatillas Running,70,False,2,71.68,143.36
2023-10-26,PROD_007,Puma Velocity Nitro 2,Running,Zapatillas Running,70,False,2,71.28,142.56
2023-10-27,PROD_007,Puma Velocity Nitro 2,Running,Zapatillas Running,70,False,2,68.43,136.86
2023-10-28,PROD_007,Puma Velocity Nitro 2,Running,Zapatillas Running,70,False,2,71.53,143.06
2023-10-29,PROD_007,Puma Velocity Nitro 2,Running,Zapatillas Running,70,False,2,70.94,141.88
2023-10-30,PROD_007,Puma Velocity Nitro 2,Running,Zapatillas Running,70,False,2,69.77,139.54
2023-10-31,PROD_007,Puma Velocity Nitro 2,Running,Zapatillas Running,70,False,2,68.46,136.92
2023-11-01,PROD_007,Puma Velocity Nitro 2,Running,Zapatillas Running,70,False,2,68.03,136.06
2023-11-02,PROD_007,Puma Velocity Nitro 2,Running,Zapatillas Running,70,False,2,70.11,140.22
2023-11-03,PROD_007,Puma Velocity Nitro 2,Running,Zapatillas Running,70,False,2,70.06,140.12
2023-11-04,PROD_007,Puma Velocity Nitro 2,Running,Zapatillas Running,70,False,2,69.05,138.1
2023-11-05,PROD_007,Puma Velocity Nitro 2,Running,Zapatillas Running,70,False,3,69.98,209.94
2023-11-06,PROD_007,Puma Velocity Nitro 2,Running,Zapatillas Running,70,False,2,70.7,141.4
2023-11-07,PROD_007,Puma Velocity Nitro 2,Running,Zapatillas Running,70,False,2,70.1,140.2
2023-11-08,PROD_007,Puma Velocity Nitro 2,Running,Zapatillas Running,70,False,3,71.58,214.74
2023-11-09,PROD_007,Puma Velocity Nitro 2,Running,Zapatillas Running,70,False,2,71.22,142.44
2023-11-10,PROD_007,Puma Velocity Nitro 2,Running,Zapatillas Running,70,False,2,69.83,139.66
2023-11-11,PROD_007,Puma Velocity Nitro 2,Running,Zapatillas Running,70,False,3,70.32,210.96
2023-11-12,PROD_007,Puma Velocity Nitro 2,Running,Zapatillas Running,70,False,2,69.77,139.54
2023-11-13,PROD_007,Puma Velocity Nitro 2,Running,Zapatillas Running,70,False,2,71.92,143.84
2023-11-14,PROD_007,Puma Velocity Nitro 2,Running,Zapatillas Running,70,False,3,72.05,216.15
2023-11-15,PROD_007,Puma Velocity Nitro 2,Running,Zapatillas Running,70,False,2,70.73,141.46
2023-11-16,PROD_007,Puma Velocity Nitro 2,Running,Zapatillas Running,70,False,2,72.0,144.0
2023-11-17,PROD_007,Puma Velocity Nitro 2,Running,Zapatillas Running,70,False,3,67.9,203.7
2023-11-18,PROD_007,Puma Velocity Nitro 2,Running,Zapatillas Running,70,False,3,68.71,206.13
2023-11-19,PROD_007,Puma Velocity Nitro 2,Running,Zapatillas Running,70,False,2,71.36,142.72
2023-11-20,PROD_007,Puma Velocity Nitro 2,Running,Zapatillas Running,70,False,2,68.44,136.88
2023-11-21,PROD_007,Puma Velocity Nitro 2,Running,Zapatillas Running,70,False,3,68.89,206.67
2023-11-22,PROD_007,Puma Velocity Nitro 2,Running,Zapatillas Running,70,False,3,70.11,210.33
2023-11-23,PROD_007,Puma Velocity Nitro 2,Running,Zapatillas Running,70,False,3,71.75,215.25
2023-11-24,PROD_007,Puma Velocity Nitro 2,Running,Zapatillas Running,70,False,12,59.5,714.0
2023-11-25,PROD_007,Puma Velocity Nitro 2,Running,Zapatillas Running,70,False,8,61.6,492.8
2023-11-26,PROD_007,Puma Velocity Nitro 2,Running,Zapatillas Running,70,False,10,61.6,616.0
2023-11-27,PROD_007,Puma Velocity Nitro 2,Running,Zapatillas Running,70,False,11,59.5,654.5
2023-11-28,PROD_007,Puma Velocity Nitro 2,Running,Zapatillas Running,70,False,5,64.4,322.0
2023-11-29,PROD_007,Puma Velocity Nitro 2,Running,Zapatillas Running,70,False,7,64.4,450.8
2023-11-30,PROD_007,Puma Velocity Nitro 2,Running,Zapatillas Running,70,False,2,71.18,142.36
2024-10-25,PROD_007,Puma Velocity Nitro 2,Running,Zapatillas Running,70,False,2,70.8,141.6
2024-10-26,PROD_007,Puma Velocity Nitro 2,Running,Zapatillas Running,70,False,3,70.63,211.89
2024-10-27,PROD_007,Puma Velocity Nitro 2,Running,Zapatillas Running,70,False,2,71.08,142.16
2024-10-28,PROD_007,Puma Velocity Nitro 2,Running,Zapatillas Running,70,False,3,71.1,213.3
2024-10-29,PROD_007,Puma Velocity Nitro 2,Running,Zapatillas Running,70,False,2,71.47,142.94
2024-10-30,PROD_007,Puma Velocity Nitro 2,Running,Zapatillas Running,70,False,3,71.56,214.68
2024-10-31,PROD_007,Puma Velocity Nitro 2,Running,Zapatillas Running,70,False,2,70.43,140.86
2024-11-01,PROD_007,Puma Velocity Nitro 2,Running,Zapatillas Running,70,False,3,68.26,204.78
2024-11-02,PROD_007,Puma Velocity Nitro 2,Running,Zapatillas Running,70,False,3,69.6,208.8
2024-11-03,PROD_007,Puma Velocity Nitro 2,Running,Zapatillas Running,70,False,2,68.4,136.8
2024-11-04,PROD_007,Puma Velocity Nitro 2,Running,Zapatillas Running,70,False,2,70.9,141.8
2024-11-05,PROD_007,Puma Velocity Nitro 2,Running,Zapatillas Running,70,False,3,68.67,206.01
2024-11-06,PROD_007,Puma Velocity Nitro 2,Running,Zapatillas Running,70,False,3,70.57,211.71
2024-11-07,PROD_007,Puma Velocity Nitro 2,Running,Zapatillas Running,70,False,2,69.43,138.86
2024-11-08,PROD_007,Puma Velocity Nitro 2,Running,Zapatillas Running,70,False,3,69.75,209.25
2024-11-09,PROD_007,Puma Velocity Nitro 2,Running,Zapatillas Running,70,False,3,68.57,205.71
2024-11-10,PROD_007,Puma Velocity Nitro 2,Running,Zapatillas Running,70,False,3,70.6,211.8
2024-11-11,PROD_007,Puma Velocity Nitro 2,Running,Zapatillas Running,70,False,3,69.53,208.59
2024-11-12,PROD_007,Puma Velocity Nitro 2,Running,Zapatillas Running,70,False,2,68.58,137.16
2024-11-13,PROD_007,Puma Velocity Nitro 2,Running,Zapatillas Running,70,False,3,68.2,204.6
2024-11-14,PROD_007,Puma Velocity Nitro 2,Running,Zapatillas Running,70,False,3,68.39,205.17
2024-11-15,PROD_007,Puma Velocity Nitro 2,Running,Zapatillas Running,70,False,3,68.01,204.03
2024-11-16,PROD_007,Puma Velocity Nitro 2,Running,Zapatillas Running,70,False,3,71.78,215.34
2024-11-17,PROD_007,Puma Velocity Nitro 2,Running,Zapatillas Running,70,False,3,68.82,206.46
2024-11-18,PROD_007,Puma Velocity Nitro 2,Running,Zapatillas Running,70,False,3,67.95,203.85
2024-11-19,PROD_007,Puma Velocity Nitro 2,Running,Zapatillas Running,70,False,3,69.79,209.37
2024-11-20,PROD_007,Puma Velocity Nitro 2,Running,Zapatillas Running,70,False,2,69.74,139.48
2024-11-21,PROD_007,Puma Velocity Nitro 2,Running,Zapatillas Running,70,False,3,70.89,212.67
2024-11-22,PROD_007,Puma Velocity Nitro 2,Running,Zapatillas Running,70,False,3,71.56,214.68
2024-11-23,PROD_007,Puma Velocity Nitro 2,Running,Zapatillas Running,70,False,3,69.52,208.56
2024-11-24,PROD_007,Puma Velocity Nitro 2,Running,Zapatillas Running,70,False,2,70.15,140.3
2024-11-25,PROD_007,Puma Velocity Nitro 2,Running,Zapatillas Running,70,False,3,69.18,207.54
2024-11-26,PROD_007,Puma Velocity Nitro 2,Running,Zapatillas Running,70,False,3,71.39,214.17
2024-11-27,PROD_007,Puma Velocity Nitro 2,Running,Zapatillas Running,70,False,3,70.65,211.95
2024-11-28,PROD_007,Puma Velocity Nitro 2,Running,Zapatillas Running,70,False,3,69.88,209.64
2024-11-29,PROD_007,Puma Velocity Nitro 2,Running,Zapatillas Running,70,False,13,59.5,773.5
2024-11-30,PROD_007,Puma Velocity Nitro 2,Running,Zapatillas Running,70,False,12,61.6,739.2
