Data_Practica/data/raw/entrenamiento/ventas.csv
fecha,producto_id,nombre,categoria,subcategoria,precio_base,es_estrella,unidades_vendidas,precio_venta,ingresos
2021-10-25,PROD_008,Reebok Floatride Energy 5,Running,Zapatillas Running,65,False,2,66.6,133.2
2021-10-26,PROD_008,Reebok Floatride Energy 5,Running,Zapatillas Running,65,False,2,63.63,127.26
2021-10-27,PROD_008,Reebok Floatride Energy 5,Running,Zapatillas Running,65,False,2,66.02,132.04
2021-10-28,PROD_008,Reebok Floatride Energy 5,Running,Zapatillas Running,65,False,2,65.43,130.86
2021-10-29,PROD_008,Reebok Floatride Energy 5,Running,Zapatillas Running,65,False,2,65.18,130.36
2021-10-30,PROD_008,Reebok Floatride Energy 5,Running,Zapatillas Running,65,False,2,64.41,128.82
2021-10-31,PROD_008,Reebok Floatride Energy 5,Running,Zapatillas Running,65,False,2,66.26,132.52
2021-11-01,PROD_008,Reebok Floatride Energy 5,Running,Zapatillas Running,65,False,2,63.09,126.18
2021-11-02,PROD_008,Reebok Floatride Energy 5,Running,Zapatillas Running,65,False,2,64.21,128.42
2021-11-03,PROD_008,Reebok Floatride Energy 5,Running,Zapatillas Running,65,False,2,64.85,129.7
2021-11-04,PROD_008,Reebok Floatride Energy 5,Running,Zapatillas Running,65,False,2,63.63,127.26
2021-11-05,PROD_008,Reebok Floatride Energy 5,Running,Zapatillas Running,65,False,2,65.34,130.68
2021-11-06,PROD_008,Reebok Floatride Energy 5,Running,Zapatillas Running,65,False,3,65.23,195.69
2021-11-07,PROD_008,Reebok Floatride Energy 5,Running,Zapatillas Running,65,False,2,66.47,132.94
2021-11-08,PROD_008,Reebok Floatride Energy 5,Running,Zapatillas Running,65,False,2,65.65,131.3
2021-11-09,PROD_008,Reebok Floatride Energy 5,Running,Zapatillas Running,65,False,2,65.05,130.1
2021-11-10,PROD_008,Reebok Floatride Energy 5,Running,Zapatillas Running,65,False,2,65.36,130.72
2021-11-11,PROD_008,Reebok Floatride Energy 5,Running,Zapatillas Running,65,False,2,65.06,130.12
2021-11-12,PROD_008,Reebok Floatride Energy 5,Running,Zapatillas Running,65,False,2,63.09,126.18
2021-11-13,PROD_008,Reebok Floatride Energy 5,Running,Zapatillas Running,65,False,3,63.33,189.99
2021-11-14,PROD_008,Reebok Floatride Energy 5,Running,Zapatillas Running,65,False,3,64.62,193.86
2021-11-15,PROD_008,Reebok Floatride Energy 5,Running,Zapatillas Running,65,False,2,65.04,130.08
2021-11-16,PROD_008,Reebok Floatride Energy 5,Running,Zapatillas Running,65,False,2,64.2,128.4
2021-11-17,PROD_008,Reebok Floatride Energy 5,Running,Zapatillas Running,65,False,2,64.27,128.54
2021-11-18,PROD_008,Reebok Floatride Energy 5,Running,Zapatillas Running,65,False,2,63.83,127.66
2021-11-19,PROD_008,Reebok Floatride Energy 5,Running,Zapatillas Running,65,False,2,63.94,127.88
2021-11-20,PROD_008,Reebok Floatride Energy 5,Running,Zapatillas Running,65,False,3,63.99,191.97
2021-11-21,PROD_008,Reebok Floatride Energy 5,Running,Zapatillas Running,65,False,2,65.99,131.98
2021-11-22,PROD_008,Reebok Floatride Energy 5,Running,Zapatillas Running,65,False,2,65.76,131.52
2021-11-23,PROD_008,Reebok Floatride Energy 5,Running,Zapatillas Running,65,False,2,65.03,130.06
2021-11-24,PROD_008,Reebok Floatride Energy 5,Running,Zapatillas Running,65,False,3,65.49,196.47
2021-11-25,PROD_008,Reebok Floatride Energy 5,Running,Zapatillas Running,65,False,3,63.35,190.05
2021-11-26,PROD_008,Reebok Floatride Energy 5,Running,Zapatillas Running,65,False,8,55.25,442.0
2021-11-27,PROD_008,Reebok Floatride Energy 5,Running,Zapatillas Running,65,False,9,57.2,514.8
2021-11-28,PROD_008,Reebok Floatride Energy 5,Running,Zapatillas Running,65,False,9,57.2,514.8
2021-11-29,PROD_008,Reebok Floatride Energy 5,Running,Zapatillas Running,65,False,9,55.25,497.25
2021-11-30,PROD_008,Reebok Floatride Energy 5,Running,Zapatillas Running,65,False,5,59.8,299.0
2022-10-25,PROD_008,Reebok Floatride Energy 5,Running,Zapatillas Running,65,False,2,66.94,133.88
2022-10-26,PROD_008,Reebok Floatride Energy 5,Running,Zapatillas Running,65,False,2,66.81,133.62
2022-10-27,PROD_008,Reebok Floatride Energy 5,Running,Zapatillas Running,65,False,2,65.14,130.28
2022-10-28,PROD_008,Reebok Floatride Energy 5,Running,Zapatillas Running,65,False,2,64.83,129.66
2022-10-29,PROD_008,Reebok Floatride Energy 5,Running,Zapatillas Running,65,False,2,63.34,126.68
2022-10-30,PROD_008,Reebok Floatride Energy 5,Running,Zapatillas Running,65,False,3,65.98,197.94
2022-10-31,PROD_008,Reebok Floatride Energy 5,Running,Zapatillas Running,65,False,2,63.66,127.32
2022-11-01,PROD_008,Reebok Floatride Energy 5,Running,Zapatillas Running,65,False,2,63.94,127.88
2022-11-02,PROD_008,Reebok Floatride Energy 5,Running,Zapatillas Running,65,False,2,63.31,126.62
2022-11-03,PROD_008,Reebok Floatride Energy 5,Running,Zapatillas Running,65,False,2,65.82,131.64
2022-11-04,PROD_008,Reebok Floatride Energy 5,Running,Zapatillas Running,65,False,2,65.38,130.76
2022-11-05,PROD_008,Reebok Floatride Energy 5,Running,Zapatillas Running,65,False,3,66.69,200.07
2022-11-06,PROD_008,Reebok Floatride Energy 5,Running,Zapatillas Running,65,False,2,66.34,132.68
2022-11-07,PROD_008,Reebok Floatride Energy 5,Running,Zapatillas Running,65,False,2,64.12,128.24
2022-11-08,PROD_008,Reebok Floatride Energy 5,Running,Zapatillas Running,65,False,2,63.99,127.98
2022-11-09,PROD_008,Reebok Floatride Energy 5,Running,Zapatillas Running,65,False,2,64.97,129.94
2022-11-10,PROD_008,Reebok Floatride Energy 5,Running,Zapatillas Running,65,False,2,63.77,127.54
2022-11-11,PROD_008,Reebok Floatride Energy 5,Running,Zapatillas Running,65,False,2,63.92,127.84
2022-11-12,PROD_008,Reebok Floatride Energy 5,Running,Zapatillas Running,65,False,3,64.0,192.0
2022-11-13,PROD_008,Reebok Floatride Energy 5,Running,Zapatillas Running,65,False,2,63.21,126.42
2022-11-14,PROD_008,Reebok Floatride Energy 5,Running,Zapatillas Running,65,False,2,64.42,128.84
2022-11-15,PROD_008,Reebok Floatride Energy 5,Running,Zapatillas Running,65,False,3,64.71,194.13
2022-11-16,PROD_008,Reebok Floatride Energy 5,Running,Zapatillas Running,65,False,2,63.55,127.1
2022-11-17,PROD_008,Reebok Floatride Energy 5,Running,Zapatillas Running,65,False,3,64.65,193.95
2022-11-18,PROD_008,Reebok Floatride Energy 5,Running,Zapatillas Running,65,False,2,63.68,127.36
2022-11-19,PROD_008,Reebok Floatride Energy 5,Running,Zapatillas Running,65,False,2,66.5,133.0
2022-11-20,PROD_008,Reebok Floatride Energy 5,Running,Zapatillas Running,65,False,2,63.54,127.08
2022-11-21,PROD_008,Reebok Floatride Energy 5,Running,Zapatillas Running,65,False,2,65.02,130.04
2022-11-22,PROD_008,Reebok Floatride Energy 5,Running,Zapatillas Running,65,False,3,63.57,190.71
2022-11-23,PROD_008,Reebok Floatride Energy 5,Running,Zapatillas Running,65,False,3,66.47,199.41
2022-11-24,PROD_008,Reebok Floatride Energy 5,Running,Zapatillas Running,65,False,3,63.63,190.89
2022-11-25,PROD_008,Reebok Floatride Energy 5,Running,Zapatillas Running,65,False,12,55.25,663.0
2022-11-26,PROD_008,Reebok Floatride Energy 5,Running,Zapatillas Running,65,False,9,57.2,514.8
2022-11-27,PROD_008,Reebok Floatride Energy 5,Running,Zapatillas Running,65,False,10,57.2,572.0
2022-11-28,PROD_008,Reebok Floatride Energy 5,Running,Zapatillas Running,65,False,8,55.25,442.0
2022-11-29,PROD_008,Reebok Floatride Energy 5,Running,Zapatillas Running,65,False,4,59.8,239.2
2022-11-30,PROD_008,Reebok Floatride Energy 5,Running,Zapatillas Running,65,False,5,59.8,299.0
2023-10-25,PROD_008,Reebok Floatride Energy 5,Running,Zapatillas Running,65,False,2,63.9,127.8
2023-10-26,PROD_008,Reebok Floatride Energy 5,Running,Zapatillas Running,65,False,2,64.41,128.82
2023-10-27,PROD_008,Reebok Floatride Energy 5,Running,Zapatillas Running,65,False,2,64.81,129.62
2023-10-28,PROD_008,Reebok Floatride Energy 5,Running,Zapatillas Running,65,False,3,64.41,193.23
2023-10-29,PROD_008,Reebok Floatride Energy 5,Running,Zapatillas Running,65,False,2,65.31,130.62
2023-10-30,PROD_008,Reebok Floatride Energy 5,Running,Zapatillas Running,65,False,2,65.33,130.66
2023-10-31,PROD_008,Reebok Floatride Energy 5,Running,Zapatillas Running,65,False,2,65.75,131.5
2023-11-01,PROD_008,Reebok Floatride Energy 5,Running,Zapatillas Running,65,False,2,65.44,130.88
2023-11-02,PROD_008,Reebok Floatride Energy 5,Running,Zapatillas Running,65,False,3,65.78,197.34
2023-11-03,PROD_008,Reebok Floatride Energy 5,Running,Zapatillas Running,65,False,3,66.44,199.32
2023-11-04,PROD_008,Reebok Floatride Energy 5,Running,Zapatillas Running,65,False,3,66.81,200.43
2023-11-05,PROD_008,Reebok Floatride Energy 5,Running,Zapatillas Running,65,False,3,64.27,192.81
2023-11-06,PROD_008,Reebok Floatride Energy 5,Running,Zapatillas Running,65,False,2,63.31,126.62
2023-11-07,PROD_008,Reebok Floatride Energy 5,Running,Zapatillas Running,65,False,2,63.76,127.52
2023-11-08,PROD_008,Reebok Floatride Energy 5,Running,Zapatillas Running,65,False,2,65.45,130.9
2023-11-09,PROD_008,Reebok Floatride Energy 5,Running,Zapatillas Running,65,False,3,63.07,189.21
2023-11-10,PROD_008,Reebok Floatride Energy 5,Running,Zapatillas Running,65,False,2,65.47,130.94
2023-11-11,PROD_008,Reebok Floatride Energy 5,Running,Zapatillas Running,65,False,3,65.14,195.42
2023-11-12,PROD_008,Reebok Floatride Energy 5,Running,Zapatillas Running,65,False,2,66.86,133.72
2023-11-13,PROD_008,Reebok Floatride Energy 5,Running,Zapatillas Running,65,False,3,65.68,197.04
2023-11-14,PROD_008,Reebok Floatride Energy 5,Running,Zapatillas Running,65,False,2,64.45,128.9
2023-11-15,PROD_008,Reebok Floatride Energy 5,Running,Zapatillas Running,65,False,2,64.67,129.34
2023-11-16,PROD_008,Reebok Floatride Energy 5,Running,Zapatillas Running,65,False,2,64.2,128.4
2023-11-17,PROD_008,Reebok Floatride Energy 5,Running,Zapatillas Running,65,False,3,63.1,189.3
2023-11-18,PROD_008,Reebok Floatride Energy 5,Running,Zapatillas Running,65,False,3,66.67,200.01
2023-11-19,PROD_008,Reebok Floatride Energy 5,Running,Zapatillas Running,65,False,3,65.85,197.55
2023-11-20,PROD_008,Reebok Floatride Energy 5,Running,Zapatillas Running,65,False,2,63.39,126.78
2023-11-21,PROD_008,Reebok Floatride Energy 5,Running,Zapatillas Running,65,False,3,64.24,192.72
2023-11-22,PROD_008,Reebok Floatride Energy 5,Running,Zapatillas Running,65,False,3,66.15,198.45
2023-11-23,PROD_008,Reebok Floatride Energy 5,Running,Zapatillas Running,65,False,3,63.68,191.04
2023-11-24,PROD_008,Reebok Floatride Energy 5,Running,Zapatillas Running,65,False,12,55.25,663.0
2023-11-25,PROD_008,Reebok Floatride Energy 5,Running,Zapatillas Running,65,False,11,57.2,629.2
2023-11-26,PROD_008,Reebok Floatride Energy 5,Running,Zapatillas Running,65,False,9,57.2,514.8
2023-11-27,PROD_008,Reebok Floatride Energy 5,Running,Zapatillas Running,65,False,10,55.25,552.5
2023-11-28,PROD_008,Reebok Floatride Energy 5,Running,Zapatillas Running,65,False,5,59.8,299.0
2023-11-29,PROD_008,Reebok Floatride Energy 5,Running,Zapatillas Running,65,False,6,59.8,358.8
2023-11-30,PROD_008,Reebok Floatride Energy 5,Running,Zapatillas Running,65,False,2,66.69,133.38
2024-10-25,PROD_008,Reebok Floatride Energy 5,Running,Zapatillas Running,65,False,2,65.96,131.92
2024-10-26,PROD_008,Reebok Floatride Energy 5,Running,Zapatillas Running,65,False,3,65.5,196.5
2024-10-27,PROD_008,Reebok Floatride Energy 5,Running,Zapatillas Running,65,False,2,65.5,131.0
2024-10-28,PROD_008,Reebok Floatride Energy 5,Running,Zapatillas Running,65,False,2,65.79,131.58
2024-10-29,PROD_008,Reebok Floatride Energy 5,Running,Zapatillas Running,65,False,2,63.7,127.4
2024-10-30,PROD_008,Reebok Floatride Energy 5,Running,Zapatillas Running,65,False,2,64.08,128.16
2024-10-31,PROD_008,Reebok Floatride Energy 5,Running,Zapatillas Running,65,False,3,65.98,197.94
2024-11-01,PROD_008,Reebok Floatride Energy 5,Running,Zapatillas Running,65,False,3,64.98,194.94
2024-11-02,PROD_008,Reebok Floatride Energy 5,Running,Zapatillas Running,65,False,3,63.51,190.53
2024-11-03,PROD_008,Reebok Floatride Energy 5,Running,Zapatillas Running,65,False,3,63.29,189.87
2024-11-04,PROD_008,Reebok Floatride Energy 5,Running,Zapatillas Running,65,False,3,64.5,193.5
2024-11-05,PROD_008,Reebok Floatride Energy 5,Running,Zapatillas Running,65,False,3,66.3,198.9
2024-11-06,PROD_008,Reebok Floatride Energy 5,Running,Zapatillas Running,65,False,2,66.1,132.2
2024-11-07,PROD_008,Reebok Floatride Energy 5,Running,Zapatillas Running,65,False,2,64.61,129.22
2024-11-08,PROD_008,Reebok Floatride Energy 5,Running,Zapatillas Running,65,False,2,63.97,127.94
2024-11-09,PROD_008,Reebok Floatride Energy 5,Running,Zapatillas Running,65,False,3,63.37,190.11
2024-11-10,PROD_008,Reebok Floatride Energy 5,Running,Zapatillas Running,65,False,3,65.44,196.32
2024-11-11,PROD_008,Reebok Floatride Energy 5,Running,Zapatillas Running,65,False,3,64.22,192.66
2024-11-12,PROD_008,Reebok Floatride Energy 5,Running,Zapatillas Running,65,False,2,63.73,127.46
2024-11-13,PROD_008,Reebok Floatride Energy 5,Running,Zapatillas Running,65,False,3,66.89,200.67
2024-11-14,PROD_008,Reebok Floatride Energy 5,Running,Zapatillas Running,65,False,2,63.38,126.76
2024-11-15,PROD_008,Reebok Floatride Energy 5,Running,Zapatillas Running,65,False,3,66.5,199.5
2024-11-16,PROD_008,Reebok Floatride Energy 5,Running,Zapatillas Running,65,False,3,63.75,191.25
2024-11-17,PROD_008,Reebok Floatride Energy 5,Running,Zapatillas Running,65,False,3,64.34,193.02
2024-11-18,PROD_008,Reebok Floatride Energy 5,Running,Zapatillas Running,65,False,2,65.91,131.82
2024-11-19,PROD_008,Reebok Floatride Energy 5,Running,Zapatillas Running,65,False,3,64.29,192.87
2024-11-20,PROD_008,Reebok Floatride Energy 5,Running,Zapatillas Running,65,False,2,65.95,131.9
2024-11-21,PROD_008,Reebok Floatride Energy 5,Running,Zapatillas Running,65,False,2,63.51,127.02
2024-11-22,PROD_008,Reebok Floatride Energy 5,Running,Zapatillas Running,65,False,3,64.6,193.8
2024-11-23,PROD_008,Reebok Floatride Energy 5,Running,Zapatillas Running,65,False,4,64.64,258.56
2024-11-24,PROD_008,Reebok Floatride Energy 5,Running,Zapatillas Running,65,False,3,63.14,189.42
2024-11-25,PROD_008,Reebok Floatride Energy 5,Running,Zapatillas Running,65,False,2,66.26,132.52
2024-11-26,PROD_008,Reebok Floatride Energy 5,Running,Zapatillas Running,65,False,3,66.58,199.74
2024-11-27,PROD_008,Reebok Floatride Energy 5,Running,Zapatillas Running,65,False,3,63.36,190.08
2024-11-28,PROD_008,Reebok Floatride Energy 5,Running,Zapatillas Running,65,False,3,63.68,191.04
2024-11-29,PROD_008,Reebok Floatride Energy 5,Running,Zapatillas Running,65,False,12,55.25,663.0
2024-11-30,PROD_008,Reebok Floatride Energy 5,Running,Zapatillas Running,65,False,12,57.2,686.4
