Data_Practica/data/raw/entrenamiento/ventas.csv
fecha,producto_id,nombre,categoria,subcategoria,precio_base,es_estrella,unidades_vendidas,precio_venta,ingresos
2021-10-25,PROD_009,Bowflex SelectTech 552,Fitness,Mancuernas Ajustables,400,True,2,392.31,784.62
2021-10-26,PROD_009,Bowflex SelectTech 552,Fitness,Mancuernas Ajustables,400,True,2,411.68,823.36
2021-10-27,PROD_009,Bowflex SelectTech 552,Fitness,Mancuernas Ajustables,400,True,2,407.15,814.3
2021-10-28,PROD_009,Bowflex SelectTech 552,Fitness,Mancuernas Ajustables,400,True,1,405.19,405.19
2021-10-29,PROD_009,Bowflex SelectTech 552,Fitness,Mancuernas Ajustables,400,True,2,393.57,787.14
2021-10-30,PROD_009,Bowflex SelectTech 552,Fitness,Mancuernas Ajustables,400,True,2,403.96,807.92
2021-10-31,PROD_009,Bowflex SelectTech 552,Fitness,Mancuernas Ajustables,400,True,2,391.18,782.36
2021-11-01,PROD_009,Bowflex SelectTech 552,Fitness,Mancuernas Ajustables,400,True,2,397.99,795.98
2021-11-02,PROD_009,Bowflex SelectTech 552,Fitness,Mancuernas Ajustables,400,True,2,396.39,792.78
2021-11-03,PROD_009,Bowflex SelectTech 552,Fitness,Mancuernas Ajustables,400,True,2,408.21,816.42
2021-11-04,PROD_009,Bowflex SelectTech 552,Fitness,Mancuernas Ajustables,400,True,2,395.33,790.66
2021-11-05,PROD_009,Bowflex SelectTech 552,Fitness,Mancuernas Ajustables,400,True,2,392.43,784.86
2021-11-06,PROD_009,Bowflex SelectTech 552,Fitness,Mancuernas Ajustables,400,True,2,410.48,820.96
2021-11-07,PROD_009,Bowflex SelectTech 552,Fitness,Mancuernas Ajustables,400,True,2,409.11,818.22
2021-11-08,PROD_009,Bowflex SelectTech 552,Fitness,Mancuernas Ajustables,400,True,1,403.23,403.23
2021-11-09,PROD_009,Bowflex SelectTech 552,Fitness,Mancuernas Ajustables,400,True,2,395.33,790.66
2021-11-10,PROD_009,Bowflex SelectTech 552,Fitness,Mancuernas Ajustables,400,True,2,409.42,818.84
2021-11-11,PROD_009,Bowflex SelectTech 552,Fitness,Mancuernas Ajustables,400,True,2,388.13,776.26
2021-11-12,PROD_009,Bowflex SelectTech 552,Fitness,Mancuernas Ajustables,400,True,2,403.27,806.54
2021-11-13,PROD_009,Bowflex SelectTech 552,Fitness,Mancuernas Ajustables,400,True,3,397.83,1193.49
2021-11-14,PROD_009,Bowflex SelectTech 552,Fitness,Mancuernas Ajustables,400,True,2,411.85,823.7
2021-11-15,PROD_009,Bowflex SelectTech 552,Fitness,Mancuernas Ajustables,400,True,2,403.04,806.08
2021-11-16,PROD_009,Bowflex SelectTech 552,Fitness,Mancuernas Ajustables,400,True,2,393.58,787.16
2021-11-17,PROD_009,Bowflex SelectTech 552,Fitness,Mancuernas Ajustables,400,True,2,406.93,813.86
2021-11-18,PROD_009,Bowflex SelectTech 552,Fitness,Mancuernas Ajustables,400,True,2,409.37,818.74
2021-11-19,PROD_009,Bowflex SelectTech 552,Fitness,Mancuernas Ajustables,400,True,3,393.92,1181.76
2021-11-20,PROD_009,Bowflex SelectTech 552,Fitness,Mancuernas Ajustables,400,True,2,411.06,822.12
2021-11-21,PROD_009,Bowflex SelectTech 552,Fitness,Mancuernas Ajustables,400,True,2,410.04,820.08
2021-11-22,PROD_009,Bowflex SelectTech 552,Fitness,Mancuernas Ajustables,400,True,2,406.51,813.02
2021-11-23,PROD_009,Bowflex SelectTech 552,Fitness,Mancuernas Ajustables,400,True,2,396.86,793.72
2021-11-24,PROD_009,Bowflex SelectTech 552,Fitness,Mancuernas Ajustables,400,True,2,401.72,803.44
2021-11-25,PROD_009,Bowflex SelectTech 552,Fitness,Mancuernas Ajustables,400,True,2,389.81,779.62
2021-11-26,PROD_009,Bowflex SelectTech 552,Fitness,Mancuernas Ajustables,400,True,10,360.0,3600.0
2021-11-27,PROD_009,Bowflex SelectTech 552,Fitness,Mancuernas Ajustables,400,True,9,368.0,3312.0
2021-11-28,PROD_009,Bowflex SelectTech 552,Fitness,Mancuernas Ajustables,400,True,6,368.0,2208.0
2021-11-29,PROD_009,Bowflex SelectTech 552,Fitness,Mancuernas Ajustables,400,True,6,360.0,2160.0
2021-11-30,PROD_009,Bowflex SelectTech 552,Fitness,Mancuernas Ajustables,400,True,4,380.0,1520.0
2022-10-25,PROD_009,Bowflex SelectTech 552,Fitness,Mancuernas Ajustables,400,True,2,392.16,784.32
2022-10-26,PROD_009,Bowflex SelectTech 552,Fitness,Mancuernas Ajustables,400,True,2,397.49,794.98
2022-10-27,PROD_009,Bowflex SelectTech 552,Fitness,Mancuernas Ajustables,400,True,1,406.66,406.66
2022-10-28,PROD_009,Bowflex SelectTech 552,Fitness,Mancuernas Ajustables,400,True,2,388.19,776.38
2022-10-29,PROD_009,Bowflex SelectTech 552,Fitness,Mancuernas Ajustables,400,True,2,391.65,783.3
2022-10-30,PROD_009,Bowflex SelectTech 552,Fitness,Mancuernas Ajustables,400,True,2,394.77,789.54
2022-10-31,PROD_009,Bowflex SelectTech 552,Fitness,Mancuernas Ajustables,400,True,2,391.94,783.88
2022-11-01,PROD_009,Bowflex SelectTech 552,Fitness,Mancuernas Ajustables,400,True,2,393.86,787.72
2022-11-02,PROD_009,Bowflex SelectTech 552,Fitness,Mancuernas Ajustables,400,True,3,389.03,1167.09
2022-11-03,PROD_009,Bowflex SelectTech 552,Fitness,Mancuernas Ajustables,400,True,2,411.3,822.6
2022-11-04,PROD_009,Bowflex SelectTech 552,Fitness,Mancuernas Ajustables,400,True,2,393.94,787.88
2022-11-05,PROD_009,Bowflex SelectTech 552,Fitness,Mancuernas Ajustables,400,True,2,393.02,786.04
2022-11-06,PROD_009,Bowflex SelectTech 552,Fitness,Mancuernas Ajustables,400,True,2,396.12,792.24
2022-11-07,PROD_009,Bowflex SelectTech 552,Fitness,Mancuernas Ajustables,400,True,2,402.97,805.94
2022-11-08,PROD_009,Bowflex SelectTech 552,Fitness,Mancuernas Ajustables,400,True,2,395.86,791.72
2022-11-09,PROD_009,Bowflex SelectTech 552,Fitness,Mancuernas Ajustables,400,True,2,391.97,783.94
2022-11-10,PROD_009,Bowflex SelectTech 552,Fitness,Mancuernas Ajustables,400,True,2,404.69,809.38
2022-11-11,PROD_009,Bowflex SelectTech 552,Fitness,Mancuernas Ajustables,400,True,3,405.01,1215.03
2022-11-12,PROD_009,Bowflex SelectTech 552,Fitness,Mancuernas Ajustables,400,True,3,400.62,1201.86
2022-11-13,PROD_009,Bowflex SelectTech 552,Fitness,Mancuernas Ajustables,400,True,2,402.63,805.26
2022-11-14,PROD_009,Bowflex SelectTech 552,Fitness,Mancuernas Ajustables,400,True,2,394.5,789.0
2022-11-15,PROD_009,Bowflex SelectTech 552,Fitness,Mancuernas Ajustables,400,True,2,410.05,820.1
2022-11-16,PROD_009,Bowflex SelectTech 552,Fitness,Mancuernas Ajustables,400,True,2,396.63,793.26
2022-11-17,PROD_009,Bowflex SelectTech 552,Fitness,Mancuernas Ajustables,400,True,2,395.5,791.0
2022-11-18,PROD_009,Bowflex SelectTech 552,Fitness,Mancuernas Ajustables,400,True,3,388.31,1164.93
2022-11-19,PROD_009,Bowflex SelectTech 552,Fitness,Mancuernas Ajustables,400,True,2,402.49,804.98
2022-11-20,PROD_009,Bowflex SelectTech 552,Fitness,Mancuernas Ajustables,400,True,2,397.72,795.44
2022-11-21,PROD_009,Bowflex SelectTech 552,Fitness,Mancuernas Ajustables,400,True,1,399.32,399.32
2022-11-22,PROD_009,Bowflex SelectTech 552,Fitness,Mancuernas Ajustables,400,True,2,400.05,800.1
2022-11-23,PROD_009,Bowflex SelectTech 552,Fitness,Mancuernas Ajustables,400,True,2,395.12,790.24
2022-11-24,PROD_009,Bowflex SelectTech 552,Fitness,Mancuernas Ajustables,400,True,2,401.14,802.28
2022-11-25,PROD_009,Bowflex SelectTech 552,Fitness,Mancuernas Ajustables,400,True,7,360.0,2520.0
2022-11-26,PROD_009,Bowflex SelectTech 552,Fitness,Mancuernas Ajustables,400,True,7,368.0,2576.0
2022-11-27,PROD_009,Bowflex SelectTech 552,Fitness,Mancuernas Ajustables,400,True,8,368.0,2944.0
2022-11-28,PROD_009,Bowflex SelectTech 552,Fitness,Mancuernas Ajustables,400,True,6,360.0,2160.0
2022-11-29,PROD_009,Bowflex SelectTech 552,Fitness,Mancuernas Ajustables,400,True,5,380.0,1900.0
2022-11-30,PROD_009,Bowflex SelectTech 552,Fitness,Mancuernas Ajustables,400,True,5,380.0,1900.0
2023-10-25,PROD_009,Bowflex SelectTech 552,Fitness,Mancuernas Ajustables,400,True,2,408.67,817.34
2023-10-26,PROD_009,Bowflex SelectTech 552,Fitness,Mancuernas Ajustables,400,True,2,411.07,822.14
2023-10-27,PROD_009,Bowflex SelectTech 552,Fitness,Mancuernas Ajustables,400,True,2,404.03,808.06
2023-10-28,PROD_009,Bowflex SelectTech 552,Fitness,Mancuernas Ajustables,400,True,2,410.48,820.96
2023-10-29,PROD_009,Bowflex SelectTech 552,Fitness,Mancuernas Ajustables,400,True,2,390.63,781.26
2023-10-30,PROD_009,Bowflex SelectTech 552,Fitness,Mancuernas Ajustables,400,True,2,395.03,790.06
2023-10-31,PROD_009,Bowflex SelectTech 552,Fitness,Mancuernas Ajustables,400,True,2,400.69,801.38
2023-11-01,PROD_009,Bowflex SelectTech 552,Fitness,Mancuernas Ajustables,400,True,2,389.35,778.7
2023-11-02,PROD_009,Bowflex SelectTech 552,Fitness,Mancuernas Ajustables,400,True,2,405.04,810.08
2023-11-03,PROD_009,Bowflex SelectTech 552,Fitness,Mancuernas Ajustables,400,True,3,402.25,1206.75
2023-11-04,PROD_009,Bowflex SelectTech 552,Fitness,Mancuernas Ajustables,400,True,3,392.11,1176.33
2023-11-05,PROD_009,Bowflex SelectTech 552,Fitness,Mancuernas Ajustables,400,True,2,400.56,801.12
2023-11-06,PROD_009,Bowflex SelectTech 552,Fitness,Mancuernas Ajustables,400,True,2,407.93,815.86
2023-11-07,PROD_009,Bowflex SelectTech 552,Fitness,Mancuernas Ajustables,400,True,2,402.72,805.44
2023-11-08,PROD_009,Bowflex SelectTech 552,Fitness,Mancuernas Ajustables,400,True,2,396.93,793.86
2023-11-09,PROD_009,Bowflex SelectTech 552,Fitness,Mancuernas Ajustables,400,True,3,406.95,1220.85
2023-11-10,PROD_009,Bowflex SelectTech 552,Fitness,Mancuernas Ajustables,400,True,3,397.76,1193.28
2023-11-11,PROD_009,Bowflex SelectTech 552,Fitness,Mancuernas Ajustables,400,True,3,393.59,1180.77
2023-11-12,PROD_009,Bowflex SelectTech 552,Fitness,Mancuernas Ajustables,400,True,3,406.89,1220.67
2023-11-13,PROD_009,Bowflex SelectTech 552,Fitness,Mancuernas Ajustables,400,True,2,405.47,810.94
2023-11-14,PROD_009,Bowflex SelectTech 552,Fitness,Mancuernas Ajustables,400,True,3,408.46,1225.38
2023-11-15,PROD_009,Bowflex SelectTech 552,Fitness,Mancuernas Ajustables,400,True,2,410.12,820.24
2023-11-16,PROD_009,Bowflex SelectTech 552,Fitness,Mancuernas Ajustables,400,True,2,410.87,821.74
2023-11-17,PROD_009,Bowflex SelectTech 552,Fitness,Mancuernas Ajustables,400,True,3,388.21,1164.63
2023-11-18,PROD_009,Bowflex SelectTech 552,Fitness,Mancuernas Ajustables,400,True,3,391.91,1175.73
2023-11-19,PROD_009,Bowflex SelectTech 552,Fitness,Mancuernas Ajustables,400,True,2,407.23,814.46
2023-11-20,PROD_009,Bowflex SelectTech 552,Fitness,Mancuernas Ajustables,400,True,2,400.85,801.7
2023-11-21,PROD_009,Bowflex SelectTech 552,Fitness,Mancuernas Ajustables,400,True,3,399.4,1198.2
2023-11-22,PROD_009,Bowflex SelectTech 552,Fitness,Mancuernas Ajustables,400,True,2,407.23,814.46
2023-11-23,PROD_009,Bowflex SelectTech 552,Fitness,Mancuernas Ajustables,400,True,3,410.27,1230.81
2023-11-24,PROD_009,Bowflex SelectTech 552,Fitness,Mancuernas Ajustables,400,True,11,360.0,3960.0
2023-11-25,PROD_009,Bowflex SelectTech 552,Fitness,Mancuernas Ajustables,400,True,12,368.0,4416.0
2023-11-26,PROD_009,Bowflex SelectTech 552,Fitness,Mancuernas Ajustables,400,True,10,368.0,3680.0
2023-11-27,PROD_009,Bowflex SelectTech 552,Fitness,Mancuernas Ajustables,400,True,6,360.0,2160.0
2023-11-28,PROD_009,Bowflex SelectTech 552,Fitness,Mancuernas Ajustables,400,True,4,380.0,1520.0
2023-11-29,PROD_009,Bowflex SelectTech 552,Fitness,Mancuernas Ajustables,400,True,5,380.0,1900.0
2023-11-30,PROD_009,Bowflex SelectTech 552,Fitness,Mancuernas Ajustables,400,True,2,408.27,816.54
2024-10-25,PROD_009,Bowflex SelectTech 552,Fitness,Mancuernas Ajustables,400,True,2,396.71,793.42
2024-10-26,PROD_009,Bowflex SelectTech 552,Fitness,Mancuernas Ajustables,400,True,3,409.31,1227.93
2024-10-27,PROD_009,Bowflex SelectTech 552,Fitness,Mancuernas Ajustables,400,True,2,408.67,817.34
2024-10-28,PROD_009,Bowflex SelectTech 552,Fitness,Mancuernas Ajustables,400,True,2,397.34,794.68
2024-10-29,PROD_009,Bowflex SelectTech 552,Fitness,Mancuernas Ajustables,400,True,2,391.74,783.48
2024-10-30,PROD_009,Bowflex SelectTech 552,Fitness,Mancuernas Ajustables,400,True,2,405.79,811.58
2024-10-31,PROD_009,Bowflex SelectTech 552,Fitness,Mancuernas Ajustables,400,True,2,403.51,807.02
2024-11-01,PROD_009,Bowflex SelectTech 552,Fitness,Mancuernas Ajustables,400,True,3,410.42,1231.26
2024-11-02,PROD_009,Bowflex SelectTech 552,Fitness,Mancuernas Ajustables,400,True,3,393.94,1181.82
2024-11-03,PROD_009,Bowflex SelectTech 552,Fitness,Mancuernas Ajustables,400,True,3,411.06,1233.18
2024-11-04,PROD_009,Bowflex SelectTech 552,Fitness,Mancuernas Ajustables,400,True,3,390.16,1170.48
2024-11-05,PROD_009,Bowflex SelectTech 552,Fitness,Mancuernas Ajustables,400,True,3,402.62,1207.86
2024-11-06,PROD_009,Bowflex SelectTech 552,Fitness,Mancuernas Ajustables,400,True,2,401.88,803.76
2024-11-07,PROD_009,Bowflex SelectTech 552,Fitness,Mancuernas Ajustables,400,True,2,403.0,806.0
2024-11-08,PROD_009,Bowflex SelectTech 552,Fitness,Mancuernas Ajustables,400,True,3,404.04,1212.12
2024-11-09,PROD_009,Bowflex SelectTech 552,Fitness,Mancuernas Ajustables,400,True,3,411.3,1233.9
2024-11-10,PROD_009,Bowflex SelectTech 552,Fitness,Mancuernas Ajustables,400,True,2,399.3,798.6
2024-11-11,PROD_009,Bowflex SelectTech 552,Fitness,Mancuernas Ajustables,400,True,3,398.87,1196.61
2024-11-12,PROD_009,Bowflex SelectTech 552,Fitness,Mancuernas Ajustables,400,True,3,394.45,1183.35
2024-11-13,PROD_009,Bowflex SelectTech 552,Fitness,Mancuernas Ajustables,400,True,3,396.21,1188.63
2024-11-14,PROD_009,Bowflex SelectTech 552,Fitness,Mancuernas Ajustables,400,True,2,390.8,781.6
2024-11-15,PROD_009,Bowflex SelectTech 552,Fitness,Mancuernas Ajustables,400,True,3,391.18,1173.54
2024-11-16,PROD_009,Bowflex SelectTech 552,Fitness,Mancuernas Ajustables,400,True,3,401.88,1205.64
2024-11-17,PROD_009,Bowflex SelectTech 552,Fitness,Mancuernas Ajustables,400,True,3,399.07,1197.21
2024-11-18,PROD_009,Bowflex SelectTech 552,Fitness,Mancuernas Ajustables,400,True,3,403.45,1210.35
2024-11-19,PROD_009,Bowflex SelectTech 552,Fitness,Mancuernas Ajustables,400,True,2,393.83,787.66
2024-11-20,PROD_009,Bowflex SelectTech 552,Fitness,Mancuernas Ajustables,400,True,3,392.38,1177.14
2024-11-21,PROD_009,Bowflex SelectTech 552,Fitness,Mancuernas Ajustables,400,True,3,388.24,1164.72
2024-11-22,PROD_009,Bowflex SelectTech 552,Fitness,Mancuernas Ajustables,400,True,3,391.27,1173.81
2024-11-23,PROD_009,Bowflex SelectTech 552,Fitness,Mancuernas Ajustables,400,True,3,405.26,1215.78
2024-11-24,PROD_009,Bowflex SelectTech 552,Fitness,Mancuernas Ajustables,400,True,3,391.01,1173.03
2024-11-25,PROD_009,Bowflex SelectTech 552,Fitness,Mancuernas Ajustables,400,True,3,394.79,1184.37
2024-11-26,PROD_009,Bowflex SelectTech 552,Fitness,Mancuernas Ajustables,400,True,3,388.12,1164.36
2024-11-27,PROD_009,Bowflex SelectTech 552,Fitness,Mancuernas Ajustables,400,True,3,398.17,1194.51
2024-11-28,PROD_009,Bowflex SelectTech 552,Fitness,Mancuernas Ajustables,400,True,3,399.99,1199.97
2024-11-29,PROD_009,Bowflex SelectTech 552,Fitness,Mancuernas Ajustables,400,True,10,360.0,3600.0
2024-11-30,PROD_009,Bowflex SelectTech 552,Fitness,Mancuernas Ajustables,400,True,11,368.0,4048.0
