Data_Practica/data/raw/entrenamiento/ventas.csv
fecha,producto_id,nombre,categoria,subcategoria,precio_base,es_estrella,unidades_vendidas,precio_venta,ingresos
2021-10-25,PROD_010,Domyos BM900,Fitness,Banco Gimnasio,175,True,2,174.92,349.84
2021-10-26,PROD_010,Domyos BM900,Fitness,Banco Gimnasio,175,True,1,178.86,178.86
2021-10-27,PROD_010,Domyos BM900,Fitness,Banco Gimnasio,175,True,2,171.01,342.02
2021-10-28,PROD_010,Domyos BM900,Fitness,Banco Gimnasio,175,True,1,171.03,171.03
2021-10-29,PROD_010,Domyos BM900,Fitness,Banco Gimnasio,175,True,1,174.97,174.97
2021-10-30,PROD_010,Domyos BM900,Fitness,Banco Gimnasio,175,True,2,171.35,342.7
2021-10-31,PROD_010,Domyos BM900,Fitness,Banco Gimnasio,175,True,2,177.78,355.56
2021-11-01,PROD_010,Domyos BM900,Fitness,Banco Gimnasio,175,True,2,172.48,344.96
2021-11-02,PROD_010,Domyos BM900,Fitness,Banco Gimnasio,175,True,2,171.69,343.38
2021-11-03,PROD_010,Domyos BM900,Fitness,Banco Gimnasio,175,True,2,176.64,353.28
2021-11-04,PROD_010,Domyos BM900,Fitness,Banco Gimnasio,175,True,1,177.33,177.33
2021-11-05,PROD_010,Domyos BM900,Fitness,Banco Gimnasio,175,True,2,170.03,340.06
2021-11-06,PROD_010,Domyos BM900,Fitness,Banco Gimnasio,175,True,2,172.48,344.96
2021-11-07,PROD_010,Domyos BM900,Fitness,Banco Gimnasio,175,True,2,174.49,348.98
2021-11-08,PROD_010,Domyos BM900,Fitness,Banco Gimnasio,175,True,2,169.88,339.76
2021-11-09,PROD_010,Domyos BM900,Fitness,Banco Gimnasio,175,True,1,179.6,179.6
2021-11-10,PROD_010,Domyos BM900,Fitness,Banco Gimnasio,175,True,2,170.11,340.22
2021-11-11,PROD_010,Domyos BM900,Fitness,Banco Gimnasio,175,True,2,175.76,351.52
2021-11-12,PROD_010,Domyos BM900,Fitness,Banco Gimnasio,175,True,2,178.92,357.84
2021-11-13,PROD_010,Domyos BM900,Fitness,Banco Gimnasio,175,True,2,176.11,352.22
2021-11-14,PROD_010,Domyos BM900,Fitness,Banco Gimnasio,175,True,2,175.73,351.46
2021-11-15,PROD_010,Domyos BM900,Fitness,Banco Gimnasio,175,True,2,177.34,354.68
2021-11-16,PROD_010,Domyos BM900,Fitness,Banco Gimnasio,175,True,2,179.51,359.02
2021-11-17,PROD_010,Domyos BM900,Fitness,Banco Gimnasio,175,True,2,179.3,358.6
2021-11-18,PROD_010,Domyos BM900,Fitness,Banco Gimnasio,175,True,2,170.36,340.72
2021-11-19,PROD_010,Domyos BM900,Fitness,Banco Gimnasio,175,True,2,174.73,349.46
2021-11-20,PROD_010,Domyos BM900,Fitness,Banco Gimnasio,175,True,3,172.48,517.44
2021-11-21,PROD_010,Domyos BM900,Fitness,Banco Gimnasio,175,True,2,173.5,347.0
2021-11-22,PROD_010,Domyos BM900,Fitness,Banco Gimnasio,175,True,2,178.95,357.9
2021-11-23,PROD_010,Domyos BM900,Fitness,Banco Gimnasio,175,True,3,174.6,523.8
2021-11-24,PROD_010,Domyos BM900,Fitness,Banco Gimnasio,175,True,2,172.77,345.54
2021-11-25,PROD_010,Domyos BM900,Fitness,Banco Gimnasio,175,True,2,170.72,341.44
2021-11-26,PROD_010,Domyos BM900,Fitness,Banco Gimnasio,175,True,9,157.5,1417.5
2021-11-27,PROD_010,Domyos BM900,Fitness,Banco Gimnasio,175,True,8,161.0,1288.0
2021-11-28,PROD_010,Domyos BM900,Fitness,Banco Gimnasio,175,True,5,161.0,805.0
2021-11-29,PROD_010,Domyos BM900,Fitness,Banco Gimnasio,175,True,6,157.5,945.0
2021-11-30,PROD_010,Domyos BM900,Fitness,Banco Gimnasio,175,True,5,166.25,831.25
2022-10-25,PROD_010,Domyos BM900,Fitness,Banco Gimnasio,175,True,2,177.81,355.62
2022-10-26,PROD_010,Domyos BM900,Fitness,Banco Gimnasio,175,True,2,172.76,345.52
2022-10-27,PROD_010,Domyos BM900,Fitness,Banco Gimnasio,175,True,2,177.46,354.92
2022-10-28,PROD_010,Domyos BM900,Fitness,Banco Gimnasio,175,True,2,176.78,353.56
2022-10-29,PROD_010,Domyos BM900,Fitness,Banco Gimnasio,175,True,2,171.05,342.1
2022-10-30,PROD_010,Domyos BM900,Fitness,Banco Gimnasio,175,True,2,171.78,343.56
2022-10-31,PROD_010,Domyos BM900,Fitness,Banco Gimnasio,175,True,2,174.72,349.44
2022-11-01,PROD_010,Domyos BM900,Fitness,Banco Gimnasio,175,True,2,174.83,349.66
2022-11-02,PROD_010,Domyos BM900,Fitness,Banco Gimnasio,175,True,2,171.89,343.78
2022-11-03,PROD_010,Domyos BM900,Fitness,Banco Gimnasio,175,True,2,171.41,342.82
2022-11-04,PROD_010,Domyos BM900,Fitness,Banco Gimnasio,175,True,3,169.94,509.82
2022-11-05,PROD_010,Domyos BM900,Fitness,Banco Gimnasio,175,True,3,175.48,526.44
2022-11-06,PROD_010,Domyos BM900,Fitness,Banco Gimnasio,175,True,2,179.22,358.44
2022-11-07,PROD_010,Domyos BM900,Fitness,Banco Gimnasio,175,True,3,178.31,534.93
2022-11-08,PROD_010,Domyos BM900,Fitness,Banco Gimnasio,175,True,2,176.82,353.64
2022-11-09,PROD_010,Domyos BM900,Fitness,Banco Gimnasio,175,True,2,174.09,348.18
2022-11-10,PROD_010,Domyos BM900,Fitness,Banco Gimnasio,175,True,2,176.77,353.54
2022-11-11,PROD_010,Domyos BM900,Fitness,Banco Gimnasio,175,True,3,176.74,530.22
2022-11-12,PROD_010,Domyos BM900,Fitness,Banco Gimnasio,175,True,2,173.81,347.62
2022-11-13,PROD_010,Domyos BM900,Fitness,Banco Gimnasio,175,True,3,172.01,516.03
2022-11-14,PROD_010,Domyos BM900,Fitness,Banco Gimnasio,175,True,2,178.75,357.5
2022-11-15,PROD_010,Domyos BM900,Fitness,Banco Gimnasio,175,True,2,174.13,348.26
2022-11-16,PROD_010,Domyos BM900,Fitness,Banco Gimnasio,175,True,2,179.11,358.22
2022-11-17,PROD_010,Domyos BM900,Fitness,Banco Gimnasio,175,True,2,177.84,355.68
2022-11-18,PROD_010,Domyos BM900,Fitness,Banco Gimnasio,175,True,3,176.15,528.45
2022-11-19,PROD_010,Domyos BM900,Fitness,Banco Gimnasio,175,True,4,170.06,680.24
2022-11-20,PROD_010,Domyos BM900,Fitness,Banco Gimnasio,175,True,2,175.46,350.92
2022-11-21,PROD_010,Domyos BM900,Fitness,Banco Gimnasio,175,True,2,175.35,350.7
2022-11-22,PROD_010,Domyos BM900,Fitness,Banco Gimnasio,175,True,3,178.9,536.7
2022-11-23,PROD_010,Domyos BM900,Fitness,Banco Gimnasio,175,True,2,172.11,344.22
2022-11-24,PROD_010,Domyos BM900,Fitness,Banco Gimnasio,175,True,3,179.57,538.71
2022-11-25,PROD_010,Domyos BM900,Fitness,Banco Gimnasio,175,True,8,157.5,1260.0
2022-11-26,PROD_010,Domyos BM900,Fitness,Banco Gimnasio,175,True,8,161.0,1288.0
2022-11-27,PROD_010,Domyos BM900,Fitness,Banco Gimnasio,175,True,9,161.0,1449.0
2022-11-28,PROD_010,Domyos BM900,Fitness,Banco Gimnasio,175,True,8,157.5,1260.0
2022-11-29,PROD_010,Domyos BM900,Fitness,Banco Gimnasio,175,True,4,166.25,665.0
2022-11-30,PROD_010,Domyos BM900,Fitness,Banco Gimnasio,175,True,4,166.25,665.0
2023-10-25,PROD_010,Domyos BM900,Fitness,Banco Gimnasio,175,True,2,179.97,359.94
2023-10-26,PROD_010,Domyos BM900,Fitness,Banco Gimnasio,175,True,2,177.78,355.56
2023-10-27,PROD_010,Domyos BM900,Fitness,Banco Gimnasio,175,True,2,178.61,357.22
2023-10-28,PROD_010,Domyos BM900,Fitness,Banco Gimnasio,175,True,3,176.02,528.06
2023-10-29,PROD_010,Domyos BM900,Fitness,Banco Gimnasio,175,True,3,173.03,519.09
2023-10-30,PROD_010,Domyos BM900,Fitness,Banco Gimnasio,175,True,2,172.03,344.06
2023-10-31,PROD_010,Domyos BM900,Fitness,Banco Gimnasio,175,True,2,173.17,346.34
2023-11-01,PROD_010,Domyos BM900,Fitness,Banco Gimnasio,175,True,3,173.63,520.89
2023-11-02,PROD_010,Domyos BM900,Fitness,Banco Gimnasio,175,True,2,170.49,340.98
2023-11-03,PROD_010,Domyos BM900,Fitness,Banco Gimnasio,175,True,3,171.14,513.42
2023-11-04,PROD_010,Domyos BM900,Fitness,Banco Gimnasio,175,True,3,172.1,516.3
2023-11-05,PROD_010,Domyos BM900,Fitness,Banco Gimnasio,175,True,2,171.96,343.92
2023-11-06,PROD_010,Domyos BM900,Fitness,Banco Gimnasio,175,True,3,172.52,517.56
2023-11-07,PROD_010,Domyos BM900,Fitness,Banco Gimnasio,175,True,2,175.42,350.84
2023-11-08,PROD_010,Domyos BM900,Fitness,Banco Gimnasio,175,True,2,178.39,356.78
2023-11-09,PROD_010,Domyos BM900,Fitness,Banco Gimnasio,175,True,2,174.42,348.84
2023-11-10,PROD_010,Domyos BM900,Fitness,Banco Gimnasio,175,True,3,172.51,517.53
2023-11-11,PROD_010,Domyos BM900,Fitness,Banco Gimnasio,175,True,3,178.85,536.55
2023-11-12,PROD_010,Domyos BM900,Fitness,Banco Gimnasio,175,True,3,173.4,520.2
2023-11-13,PROD_010,Domyos BM900,Fitness,Banco Gimnasio,175,True,3,172.46,517.38
2023-11-14,PROD_010,Domyos BM900,Fitness,Banco Gimnasio,175,True,3,176.56,529.68
2023-11-15,PROD_010,Domyos BM900,Fitness,Banco Gimnasio,175,True,2,177.91,355.82
2023-11-16,PROD_010,Domyos BM900,Fitness,Banco Gimnasio,175,True,2,174.89,349.78
2023-11-17,PROD_010,Domyos BM900,Fitness,Banco Gimnasio,175,True,3,170.16,510.48
2023-11-18,PROD_010,Domyos BM900,Fitness,Banco Gimnasio,175,True,3,173.42,520.26
2023-11-19,PROD_010,Domyos BM900,Fitness,Banco Gimnasio,175,True,3,170.24,510.72
2023-11-20,PROD_010,Domyos BM900,Fitness,Banco Gimnasio,175,True,2,171.62,343.24
2023-11-21,PROD_010,Domyos BM900,Fitness,Banco Gimnasio,175,True,2,176.32,352.64
2023-11-22,PROD_010,Domyos BM900,Fitness,Banco Gimnasio,175,True,3,176.92,530.76
2023-11-23,PROD_010,Domyos BM900,Fitness,Banco Gimnasio,175,True,2,178.18,356.36
2023-11-24,PROD_010,Domyos BM900,Fitness,Banco Gimnasio,175,True,13,157.5,2047.5
2023-11-25,PROD_010,Domyos BM900,Fitness,Banco Gimnasio,175,True,10,161.0,1610.0
2023-11-26,PROD_010,Domyos BM900,Fitness,Banco Gimnasio,175,True,12,161.0,1932.0
2023-11-27,PROD_010,Domyos BM900,Fitness,Banco Gimnasio,175,True,8,157.5,1260.0
2023-11-28,PROD_010,Domyos BM900,Fitness,Banco Gimnasio,175,True,6,166.25,997.5
2023-11-29,PROD_010,Domyos BM900,Fitness,Banco Gimnasio,175,True,7,166.25,1163.75
2023-11-30,PROD_010,Domyos BM900,Fitness,Banco Gimnasio,175,True,2,172.72,345.44
2024-10-25,PROD_010,Domyos BM900,Fitness,Banco Gimnasio,175,True,2,176.19,352.38
2024-10-26,PROD_010,Domyos BM900,Fitness,Banco Gimnasio,175,True,2,179.44,358.88
2024-10-27,PROD_010,Domyos BM900,Fitness,Banco Gimnasio,175,True,2,171.14,342.28
2024-10-28,PROD_010,Domyos BM900,Fitness,Banco Gimnasio,175,True,2,175.86,351.72
2024-10-29,PROD_010,Domyos BM900,Fitness,Banco Gimnasio,175,True,2,175.99,351.98
2024-10-30,PROD_010,Domyos BM900,Fitness,Banco Gimnasio,175,True,2,179.73,359.46
2024-10-31,PROD_010,Domyos BM900,Fitness,Banco Gimnasio,175,True,2,171.22,342.44
2024-11-01,PROD_010,Domyos BM900,Fitness,Banco Gimnasio,175,True,3,178.06,534.18
2024-11-02,PROD_010,Domyos BM900,Fitness,Banco Gimnasio,175,True,3,170.61,511.83
2024-11-03,PROD_010,Domyos BM900,Fitness,Banco Gimnasio,175,True,3,179.47,538.41
2024-11-04,PROD_010,Domyos BM900,Fitness,Banco Gimnasio,175,True,3,174.85,524.55
2024-11-05,PROD_010,Domyos BM900,Fitness,Banco Gimnasio,175,True,3,170.02,510.06
2024-11-06,PROD_010,Domyos BM900,Fitness,Banco Gimnasio,175,True,3,180.17,540.51
2024-11-07,PROD_010,Domyos BM900,Fitness,Banco Gimnasio,175,True,3,175.49,526.47
2024-11-08,PROD_010,Domyos BM900,Fitness,Banco Gimnasio,175,True,3,173.51,520.53
2024-11-09,PROD_010,Domyos BM900,Fitness,Banco Gimnasio,175,True,3,175.79,527.37
2024-11-10,PROD_010,Domyos BM900,Fitness,Banco Gimnasio,175,True,3,179.25,537.75
2024-11-11,PROD_010,Domyos BM900,Fitness,Banco Gimnasio,175,True,2,174.3,348.6
2024-11-12,PROD_010,Domyos BM900,Fitness,Banco Gimnasio,175,True,3,170.89,512.67
2024-11-13,PROD_010,Domyos BM900,Fitness,Banco Gimnasio,175,True,2,170.73,341.46
2024-11-14,PROD_010,Domyos BM900,Fitness,Banco Gimnasio,175,True,3,171.72,515.16
2024-11-15,PROD_010,Domyos BM900,Fitness,Banco Gimnasio,175,True,3,178.52,535.56
2024-11-16,PROD_010,Domyos BM900,Fitness,Banco Gimnasio,175,True,3,171.41,514.23
2024-11-17,PROD_010,Domyos BM900,Fitness,Banco Gimnasio,175,True,3,179.8,539.4
2024-11-18,PROD_010,Domyos BM900,Fitness,Banco Gimnasio,175,True,3,173.2,519.6
2024-11-19,PROD_010,Domyos BM900,Fitness,Banco Gimnasio,175,True,3,175.98,527.94
2024-11-20,PROD_010,Domyos BM900,Fitness,Banco Gimnasio,175,True,3,170.56,511.68
2024-11-21,PROD_010,Domyos BM900,Fitness,Banco Gimnasio,175,True,3,176.28,528.84
2024-11-22,PROD_010,Domyos BM900,Fitness,Banco Gimnasio,175,True,3,173.51,520.53
2024-11-23,PROD_010,Domyos BM900,Fitness,Banco Gimnasio,175,True,3,170.99,512.97
2024-11-24,PROD_010,Domyos BM900,Fitness,Banco Gimnasio,175,True,4,170.98,683.92
2024-11-25,PROD_010,Domyos BM900,Fitness,Banco Gimnasio,175,True,2,174.02,348.04
2024-11-26,PROD_010,Domyos BM900,Fitness,Banco Gimnasio,175,True,3,179.48,538.44
2024-11-27,PROD_010,Domyos BM900,Fitness,Banco Gimnasio,175,True,3,177.79,533.37
2024-11-28,PROD_010,Domyos BM900,Fitness,Banco Gimnasio,175,True,3,170.09,510.27
2024-11-29,PROD_010,Domyos BM900,Fitness,Banco Gimnasio,175,True,12,157.5,1890.0
2024-11-30,PROD_010,Domyos BM900,Fitness,Banco Gimnasio,175,True,11,161.0,1771.0
