Data_Practica/data/raw/entrenamiento/ventas.csv
fecha,producto_id,nombre,categoria,subcategoria,precio_base,es_estrella,unidades_vendidas,precio_venta,ingresos
2021-10-25,PROD_011,Reebok Professional Deck,Fitness,Esterilla Fitness,45,False,3,44.32,132.96
2021-10-26,PROD_011,Reebok Professional Deck,Fitness,Esterilla Fitness,45,False,2,44.88,89.76
2021-10-27,PROD_011,Reebok Professional Deck,Fitness,Esterilla Fitness,45,False,2,45.12,90.24
2021-10-28,PROD_011,Reebok Professional Deck,Fitness,Esterilla Fitness,45,False,2,44.14,88.28
2021-10-29,PROD_011,Reebok Professional Deck,Fitness,Esterilla Fitness,45,False,3,46.32,138.96
2021-10-30,PROD_011,Reebok Professional Deck,Fitness,Esterilla Fitness,45,False,3,46.33,138.99
2021-10-31,PROD_011,Reebok Professional Deck,Fitness,Esterilla Fitness,45,False,2,44.12,88.24
2021-11-01,PROD_011,Reebok Professional Deck,Fitness,Esterilla Fitness,45,False,3,45.7,137.1
2021-11-02,PROD_011,Reebok Professional Deck,Fitness,Esterilla Fitness,45,False,3,44.12,132.36
2021-11-03,PROD_011,Reebok Professional Deck,Fitness,Esterilla Fitness,45,False,3,44.13,132.39
2021-11-04,PROD_011,Reebok Professional Deck,Fitness,Esterilla Fitness,45,False,2,46.04,92.08
2021-11-05,PROD_011,Reebok Professional Deck,Fitness,Esterilla Fitness,45,False,3,43.72,131.16
2021-11-06,PROD_011,Reebok Professional Deck,Fitness,Esterilla Fitness,45,False,3,45.62,136.86
2021-11-07,PROD_011,Reebok Professional Deck,Fitness,Esterilla Fitness,45,False,3,46.31,138.93
2021-11-08,PROD_011,Reebok Professional Deck,Fitness,Esterilla Fitness,45,False,4,45.16,180.64
2021-11-09,PROD_011,Reebok Professional Deck,Fitness,Esterilla Fitness,45,False,3,46.0,138.0
2021-11-10,PROD_011,Reebok Professional Deck,Fitness,Esterilla Fitness,45,False,3,45.22,135.66
2021-11-11,PROD_011,Reebok Professional Deck,Fitness,Esterilla Fitness,45,False,3,45.03,135.09
2021-11-12,PROD_011,Reebok Professional Deck,Fitness,Esterilla Fitness,45,False,4,45.6,182.4
2021-11-13,PROD_011,Reebok Professional Deck,Fitness,Esterilla Fitness,45,False,5,44.63,223.15
2021-11-14,PROD_011,Reebok Professional Deck,Fitness,Esterilla Fitness,45,False,3,45.33,135.99
2021-11-15,PROD_011,Reebok Professional Deck,Fitness,Esterilla Fitness,45,False,3,45.52,136.56
2021-11-16,PROD_011,Reebok Professional Deck,Fitness,Esterilla Fitness,45,False,3,44.74,134.22
2021-11-17,PROD_011,Reebok Professional Deck,Fitness,Esterilla Fitness,45,False,3,44.67,134.01
2021-11-18,PROD_011,Reebok Professional Deck,Fitness,Esterilla Fitness,45,False,3,43.95,131.85
2021-11-19,PROD_011,Reebok Professional Deck,Fitness,Esterilla Fitness,45,False,4,43.81,175.24
2021-11-20,PROD_011,Reebok Professional Deck,Fitness,Esterilla Fitness,45,False,4,44.83,179.32
2021-11-21,PROD_011,Reebok Professional Deck,Fitness,Esterilla Fitness,45,False,3,45.78,137.34
2021-11-22,PROD_011,Reebok Professional Deck,Fitness,Esterilla Fitness,45,False,3,45.11,135.33
2021-11-23,PROD_011,Reebok Professional Deck,Fitness,Esterilla Fitness,45,False,4,46.14,184.56
2021-11-24,PROD_011,Reebok Professional Deck,Fitness,Esterilla Fitness,45,False,5,44.48,222.4
2021-11-25,PROD_011,Reebok Professional Deck,Fitness,Esterilla Fitness,45,False,5,45.27,226.35
2021-11-26,PROD_011,Reebok Professional Deck,Fitness,Esterilla Fitness,45,False,14,40.5,567.0
2021-11-27,PROD_011,Reebok Professional Deck,Fitness,Esterilla Fitness,45,False,15,41.4,621.0
2021-11-28,PROD_011,Reebok Professional Deck,Fitness,Esterilla Fitness,45,False,13,41.4,538.2
2021-11-29,PROD_011,Reebok Professional Deck,Fitness,Esterilla Fitness,45,False,13,40.5,526.5
2021-11-30,PROD_011,Reebok Professional Deck,Fitness,Esterilla Fitness,45,False,7,42.75,299.25
2022-10-25,PROD_011,Reebok Professional Deck,Fitness,Esterilla Fitness,45,False,3,44.99,134.97
2022-10-26,PROD_011,Reebok Professional Deck,Fitness,Esterilla Fitness,45,False,3,43.89,131.67
2022-10-27,PROD_011,Reebok Professional Deck,Fitness,Esterilla Fitness,45,False,3,45.24,135.72
2022-10-28,PROD_011,Reebok Professional Deck,Fitness,Esterilla Fitness,45,False,3,46.18,138.54
2022-10-29,PROD_011,Reebok Professional Deck,Fitness,Esterilla Fitness,45,False,4,45.39,181.56
2022-10-30,PROD_011,Reebok Professional Deck,Fitness,Esterilla Fitness,45,False,3,46.35,139.05
2022-10-31,PROD_011,Reebok Professional Deck,Fitness,Esterilla Fitness,45,False,3,46.34,139.02
2022-11-01,PROD_011,Reebok Professional Deck,Fitness,Esterilla Fitness,45,False,3,45.51,136.53
2022-11-02,PROD_011,Reebok Professional Deck,Fitness,Esterilla Fitness,45,False,3,45.4,136.2
2022-11-03,PROD_011,Reebok Professional Deck,Fitness,Esterilla Fitness,45,False,3,43.79,131.37
2022-11-04,PROD_011,Reebok Professional Deck,Fitness,Esterilla Fitness,45,False,3,45.29,135.87
2022-11-05,PROD_011,Reebok Professional Deck,Fitness,Esterilla Fitness,45,False,5,45.42,227.1
2022-11-06,PROD_011,Reebok Professional Deck,Fitness,Esterilla Fitness,45,False,4,44.57,178.28
2022-11-07,PROD_011,Reebok Professional Deck,Fitness,Esterilla Fitness,45,False,3,45.13,135.39
2022-11-08,PROD_011,Reebok Professional Deck,Fitness,Esterilla Fitness,45,False,3,45.08,135.24
2022-11-09,PROD_011,Reebok Professional Deck,Fitness,Esterilla Fitness,45,False,3,45.53,136.59
2022-11-10,PROD_011,Reebok Professional Deck,Fitness,Esterilla Fitness,45,False,3,44.49,133.47
2022-11-11,PROD_011,Reebok Professional Deck,Fitness,Esterilla Fitness,45,False,4,44.65,178.6
2022-11-12,PROD_011,Reebok Professional Deck,Fitness,Esterilla Fitness,45,False,5,45.9,229.5
2022-11-13,PROD_011,Reebok Professional Deck,Fitness,Esterilla Fitness,45,False,3,45.1,135.3
2022-11-14,PROD_011,Reebok Professional Deck,Fitness,Esterilla Fitness,45,False,3,44.89,134.67
2022-11-15,PROD_011,Reebok Professional Deck,Fitness,Esterilla Fitness,45,False,4,44.25,177.0
2022-11-16,PROD_011,Reebok Professional Deck,Fitness,Esterilla Fitness,45,False,3,44.95,134.85
2022-11-17,PROD_011,Reebok Professional Deck,Fitness,Esterilla Fitness,45,False,4,44.01,176.04
2022-11-18,PROD_011,Reebok Professional Deck,Fitness,Esterilla Fitness,45,False,4,45.76,183.04
2022-11-19,PROD_011,Reebok Professional Deck,Fitness,Esterilla Fitness,45,False,5,46.16,230.8
2022-11-20,PROD_011,Reebok Professional Deck,Fitness,Esterilla Fitness,45,False,4,44.39,177.56
2022-11-21,PROD_011,Reebok Professional Deck,Fitness,Esterilla Fitness,45,False,3,44.87,134.61
2022-11-22,PROD_011,Reebok Professional Deck,Fitness,Esterilla Fitness,45,False,5,43.79,218.95
2022-11-23,PROD_011,Reebok Professional Deck,Fitness,Esterilla Fitness,45,False,4,44.35,177.4
2022-11-24,PROD_011,Reebok Professional Deck,Fitness,Esterilla Fitness,45,False,4,45.77,183.08
2022-11-25,PROD_011,Reebok Professional Deck,Fitness,Esterilla Fitness,45,False,18,40.5,729.0
2022-11-26,PROD_011,Reebok Professional Deck,Fitness,Esterilla Fitness,45,False,18,41.4,745.2
2022-11-27,PROD_011,Reebok Professional Deck,Fitness,Esterilla Fitness,45,False,12,41.4,496.8
2022-11-28,PROD_011,Reebok Professional Deck,Fitness,Esterilla Fitness,45,False,12,40.5,486.0
2022-11-29,PROD_011,Reebok Professional Deck,Fitness,Esterilla Fitness,45,False,9,42.75,384.75
2022-11-30,PROD_011,Reebok Professional Deck,Fitness,Esterilla Fitness,45,False,9,42.75,384.75
2023-10-25,PROD_011,Reebok Professional Deck,Fitness,Esterilla Fitness,45,False,3,44.27,132.81
2023-10-26,PROD_011,Reebok Professional Deck,Fitness,Esterilla Fitness,45,False,3,45.98,137.94
2023-10-27,PROD_011,Reebok Professional Deck,Fitness,Esterilla Fitness,45,False,4,45.03,180.12
2023-10-28,PROD_011,Reebok Professional Deck,Fitness,Esterilla Fitness,45,False,4,45.78,183.12
2023-10-29,PROD_011,Reebok Professional Deck,Fitness,Esterilla Fitness,45,False,4,45.64,182.56
2023-10-30,PROD_011,Reebok Professional Deck,Fitness,Esterilla Fitness,45,False,3,45.15,135.45
2023-10-31,PROD_011,Reebok Professional Deck,Fitness,Esterilla Fitness,45,False,3,45.18,135.54
2023-11-01,PROD_011,Reebok Professional Deck,Fitness,Esterilla Fitness,45,False,4,44.89,179.56
2023-11-02,PROD_011,Reebok Professional Deck,Fitness,Esterilla Fitness,45,False,3,44.76,134.28
2023-11-03,PROD_011,Reebok Professional Deck,Fitness,Esterilla Fitness,45,False,4,44.56,178.24
2023-11-04,PROD_011,Reebok Professional Deck,Fitness,Esterilla Fitness,45,False,5,46.27,231.35
2023-11-05,PROD_011,Reebok Professional Deck,Fitness,Esterilla Fitness,45,False,3,43.71,131.13
2023-11-06,PROD_011,Reebok Professional Deck,Fitness,Esterilla Fitness,45,False,3,44.75,134.25
2023-11-07,PROD_011,Reebok Professional Deck,Fitness,Esterilla Fitness,45,False,3,45.77,137.31
2023-11-08,PROD_011,Reebok Professional Deck,Fitness,Esterilla Fitness,45,False,3,44.77,134.31
2023-11-09,PROD_011,Reebok Professional Deck,Fitness,Esterilla Fitness,45,False,3,45.17,135.51
2023-11-10,PROD_011,Reebok Professional Deck,Fitness,Esterilla Fitness,45,False,4,44.75,179.0
2023-11-11,PROD_011,Reebok Professional Deck,Fitness,Esterilla Fitness,45,False,3,46.19,138.57
2023-11-12,PROD_011,Reebok Professional Deck,Fitness,Esterilla Fitness,45,False,4,44.11,176.44
2023-11-13,PROD_011,Reebok Professional Deck,Fitness,Esterilla Fitness,45,False,4,44.71,178.84
2023-11-14,PROD_011,Reebok Professional Deck,Fitness,Esterilla Fitness,45,False,4,44.63,178.52
2023-11-15,PROD_011,Reebok Professional Deck,Fitness,Esterilla Fitness,45,False,3,45.61,136.83
2023-11-16,PROD_011,Reebok Professional Deck,Fitness,Esterilla Fitness,45,False,4,43.84,175.36
2023-11-17,PROD_011,Reebok Professional Deck,Fitness,Esterilla Fitness,45,False,4,45.46,181.84
2023-11-18,PROD_011,Reebok Professional Deck,Fitness,Esterilla Fitness,45,False,5,45.39,226.95
2023-11-19,PROD_011,Reebok Professional Deck,Fitness,Esterilla Fitness,45,False,4,45.43,181.72
2023-11-20,PROD_011,Reebok Professional Deck,Fitness,Esterilla Fitness,45,False,3,44.64,133.92
2023-11-21,PROD_011,Reebok Professional Deck,Fitness,Esterilla Fitness,45,False,4,46.12,184.48
2023-11-22,PROD_011,Reebok Professional Deck,Fitness,Esterilla Fitness,45,False,5,44.66,223.3
2023-11-23,PROD_011,Reebok Professional Deck,Fitness,Esterilla Fitness,45,False,4,45.04,180.16
2023-11-24,PROD_011,Reebok Professional Deck,Fitness,Esterilla Fitness,45,False,23,40.5,931.5
2023-11-25,PROD_011,Reebok Professional Deck,Fitness,Esterilla Fitness,45,False,18,41.4,745.2
2023-11-26,PROD_011,Reebok Professional Deck,Fitness,Esterilla Fitness,45,False,16,41.4,662.4
2023-11-27,PROD_011,Reebok Professional Deck,Fitness,Esterilla Fitness,45,False,19,40.5,769.5
2023-11-28,PROD_011,Reebok Professional Deck,Fitness,Esterilla Fitness,45,False,9,42.75,384.75
2023-11-29,PROD_011,Reebok Professional Deck,Fitness,Esterilla Fitness,45,False,8,42.75,342.0
2023-11-30,PROD_011,Reebok Professional Deck,Fitness,Esterilla Fitness,45,False,2,43.89,87.78
2024-10-25,PROD_011,Reebok Professional Deck,Fitness,Esterilla Fitness,45,False,3,44.21,132.63
2024-10-26,PROD_011,Reebok Professional Deck,Fitness,Esterilla Fitness,45,False,4,45.14,180.56
2024-10-27,PROD_011,Reebok Professional Deck,Fitness,Esterilla Fitness,45,False,4,43.96,175.84
2024-10-28,PROD_011,Reebok Professional Deck,Fitness,Esterilla Fitness,45,False,3,45.56,136.68
2024-10-29,PROD_011,Reebok Professional Deck,Fitness,Esterilla Fitness,45,False,4,45.74,182.96
2024-10-30,PROD_011,Reebok Professional Deck,Fitness,Esterilla Fitness,45,False,3,45.03,135.09
2024-10-31,PROD_011,Reebok Professional Deck,Fitness,Esterilla Fitness,45,False,3,45.32,135.96
2024-11-01,PROD_011,Reebok Professional Deck,Fitness,Esterilla Fitness,45,False,4,43.82,175.28
2024-11-02,PROD_011,Reebok Professional Deck,Fitness,Esterilla Fitness,45,False,5,44.53,222.65
2024-11-03,PROD_011,Reebok Professional Deck,Fitness,Esterilla Fitness,45,False,3,44.24,132.72
2024-11-04,PROD_011,Reebok Professional Deck,Fitness,Esterilla Fitness,45,False,4,44.93,179.72
2024-11-05,PROD_011,Reebok Professional Deck,Fitness,Esterilla Fitness,45,False,4,44.68,178.72
2024-11-06,PROD_011,Reebok Professional Deck,Fitness,Esterilla Fitness,45,False,4,45.2,180.8
2024-11-07,PROD_011,Reebok Professional Deck,Fitness,Esterilla Fitness,45,False,3,44.65,133.95
2024-11-08,PROD_011,Reebok Professional Deck,Fitness,Esterilla Fitness,45,False,5,44.33,221.65
2024-11-09,PROD_011,Reebok Professional Deck,Fitness,Esterilla Fitness,45,False,5,43.76,218.8
2024-11-10,PROD_011,Reebok Professional Deck,Fitness,Esterilla Fitness,45,False,4,45.63,182.52
2024-11-11,PROD_011,Reebok Professional Deck,Fitness,Esterilla Fitness,45,False,4,44.97,179.88
2024-11-12,PROD_011,Reebok Professional Deck,Fitness,Esterilla Fitness,45,False,3,45.71,137.13
2024-11-13,PROD_011,Reebok Professional Deck,Fitness,Esterilla Fitness,45,False,3,46.09,138.27
2024-11-14,PROD_011,Reebok Professional Deck,Fitness,Esterilla Fitness,45,False,3,44.16,132.48
2024-11-15,PROD_011,Reebok Professional Deck,Fitness,Esterilla Fitness,45,False,4,45.96,183.84
2024-11-16,PROD_011,Reebok Professional Deck,Fitness,Esterilla Fitness,45,False,5,45.26,226.3
2024-11-17,PROD_011,Reebok Professional Deck,Fitness,Esterilla Fitness,45,False,4,44.44,177.76
2024-11-18,PROD_011,Reebok Professional Deck,Fitness,Esterilla Fitness,45,False,3,45.68,137.04
2024-11-19,PROD_011,Reebok Professional Deck,Fitness,Esterilla Fitness,45,False,5,45.4,227.0
2024-11-20,PROD_011,Reebok Professional Deck,Fitness,Esterilla Fitness,45,False,4,44.19,176.76
2024-11-21,PROD_011,Reebok Professional Deck,Fitness,Esterilla Fitness,45,False,4,44.35,177.4
2024-11-22,PROD_011,Reebok Professional Deck,Fitness,Esterilla Fitness,45,False,4,45.18,180.72
2024-11-23,PROD_011,Reebok Professional Deck,Fitness,Esterilla Fitness,45,False,5,45.09,225.45
2024-11-24,PROD_011,Reebok Professional Deck,Fitness,Esterilla Fitness,45,False,4,45.65,182.6
2024-11-25,PROD_011,Reebok Professional Deck,Fitness,Esterilla Fitness,45,False,4,43.95,175.8
2024-11-26,PROD_011,Reebok Professional Deck,Fitness,Esterilla Fitness,45,False,5,45.42,227.1
2024-11-27,PROD_011,Reebok Professional Deck,Fitness,Esterilla Fitness,45,False,4,43.8,175.2
2024-11-28,PROD_011,Reebok Professional Deck,Fitness,Esterilla Fitness,45,False,5,44.17,220.85
2024-11-29,PROD_011,Reebok Professional Deck,Fitness,Esterilla Fitness,45,False,21,40.5,850.5
2024-11-30,PROD_011,Reebok Professional Deck,Fitness,Esterilla Fitness,45,False,19,41.4,786.6
