Data_Practica/data/raw/entrenamiento/ventas.csv
fecha,producto_id,nombre,categoria,subcategoria,precio_base,es_estrella,unidades_vendidas,precio_venta,ingresos
2021-10-25,PROD_012,Domyos Kit Mancuernas 20kg,Fitness,Pesas Casa,55,False,3,55.05,165.15
2021-10-26,PROD_012,Domyos Kit Mancuernas 20kg,Fitness,Pesas Casa,55,False,4,55.55,222.2
2021-10-27,PROD_012,Domyos Kit Mancuernas 20kg,Fitness,Pesas Casa,55,False,2,55.65,111.3
2021-10-28,PROD_012,Domyos Kit Mancuernas 20kg,Fitness,Pesas Casa,55,False,3,55.08,165.24
2021-10-29,PROD_012,Domyos Kit Mancuernas 20kg,Fitness,Pesas Casa,55,False,3,54.68,164.04
2021-10-30,PROD_012,Domyos Kit Mancuernas 20kg,Fitness,Pesas Casa,55,False,4,56.13,224.52
2021-10-31,PROD_012,Domyos Kit Mancuernas 20kg,Fitness,Pesas Casa,55,False,3,53.83,161.49
2021-11-01,PROD_012,Domyos Kit Mancuernas 20kg,Fitness,Pesas Casa,55,False,3,54.06,162.18
2021-11-02,PROD_012,Domyos Kit Mancuernas 20kg,Fitness,Pesas Casa,55,False,3,55.87,167.61
2021-11-03,PROD_012,Domyos Kit Mancuernas 20kg,Fitness,Pesas Casa,55,False,3,56.44,169.32
2021-11-04,PROD_012,Domyos Kit Mancuernas 20kg,Fitness,Pesas Casa,55,False,4,54.71,218.84
2021-11-05,PROD_012,Domyos Kit Mancuernas 20kg,Fitness,Pesas Casa,55,False,4,55.06,220.24
2021-11-06,PROD_012,Domyos Kit Mancuernas 20kg,Fitness,Pesas Casa,55,False,4,55.22,220.88
2021-11-07,PROD_012,Domyos Kit Mancuernas 20kg,Fitness,Pesas Casa,55,False,3,56.35,169.05
2021-11-08,PROD_012,Domyos Kit Mancuernas 20kg,Fitness,Pesas Casa,55,False,3,56.29,168.87
2021-11-09,PROD_012,Domyos Kit Mancuernas 20kg,Fitness,Pesas Casa,55,False,3,55.54,166.62
2021-11-10,PROD_012,Domyos Kit Mancuernas 20kg,Fitness,Pesas Casa,55,False,3,56.09,168.27
2021-11-11,PROD_012,Domyos Kit Mancuernas 20kg,Fitness,Pesas Casa,55,False,3,54.66,163.98
2021-11-12,PROD_012,Domyos Kit Mancuernas 20kg,Fitness,Pesas Casa,55,False,3,53.82,161.46
2021-11-13,PROD_012,Domyos Kit Mancuernas 20kg,Fitness,Pesas Casa,55,False,4,53.81,215.24
2021-11-14,PROD_012,Domyos Kit Mancuernas 20kg,Fitness,Pesas Casa,55,False,3,53.48,160.44
2021-11-15,PROD_012,Domyos Kit Mancuernas 20kg,Fitness,Pesas Casa,55,False,3,54.53,163.59
2021-11-16,PROD_012,Domyos Kit Mancuernas 20kg,Fitness,Pesas Casa,55,False,3,54.92,164.76
2021-11-17,PROD_012,Domyos Kit Mancuernas 20kg,Fitness,Pesas Casa,55,False,4,54.63,218.52
2021-11-18,PROD_012,Domyos Kit Mancuernas 20kg,Fitness,Pesas Casa,55,False,3,56.11,168.33
2021-11-19,PROD_012,Domyos Kit Mancuernas 20kg,Fitness,Pesas Casa,55,False,4,53.6,214.4
2021-11-20,PROD_012,Domyos Kit Mancuernas 20kg,Fitness,Pesas Casa,55,False,4,55.4,221.6
2021-11-21,PROD_012,Domyos Kit Mancuernas 20kg,Fitness,Pesas Casa,55,False,3,54.53,163.59
2021-11-22,PROD_012,Domyos Kit Mancuernas 20kg,Fitness,Pesas Casa,55,False,3,53.47,160.41
2021-11-23,PROD_012,Domyos Kit Mancuernas 20kg,Fitness,Pesas Casa,55,False,5,56.19,280.95
2021-11-24,PROD_012,Domyos Kit Mancuernas 20kg,Fitness,Pesas Casa,55,False,4,54.45,217.8
2021-11-25,PROD_012,Domyos Kit Mancuernas 20kg,Fitness,Pesas Casa,55,False,5,54.23,271.15
2021-11-26,PROD_012,Domyos Kit Mancuernas 20kg,Fitness,Pesas Casa,55,False,18,49.5,891.0
2021-11-27,PROD_012,Domyos Kit Mancuernas 20kg,Fitness,Pesas Casa,55,False,17,50.6,860.2
2021-11-28,PROD_012,Domyos Kit Mancuernas 20kg,Fitness,Pesas Casa,55,False,13,50.6,657.8
2021-11-29,PROD_012,Domyos Kit Mancuernas 20kg,Fitness,Pesas Casa,55,False,14,49.5,693.0
2021-11-30,PROD_012,Domyos Kit Mancuernas 20kg,Fitness,Pesas Casa,55,False,8,52.25,418.0
2022-10-25,PROD_012,Domyos Kit Mancuernas 20kg,Fitness,Pesas Casa,55,False,2,54.83,109.66
2022-10-26,PROD_012,Domyos Kit Mancuernas 20kg,Fitness,Pesas Casa,55,False,3,56.33,168.99
2022-10-27,PROD_012,Domyos Kit Mancuernas 20kg,Fitness,Pesas Casa,55,False,3,56.26,168.78
2022-10-28,PROD_012,Domyos Kit Mancuernas 20kg,Fitness,Pesas Casa,55,False,3,54.82,164.46
2022-10-29,PROD_012,Domyos Kit Mancuernas 20kg,Fitness,Pesas Casa,55,False,3,54.14,162.42
2022-10-30,PROD_012,Domyos Kit Mancuernas 20kg,Fitness,Pesas Casa,55,False,3,54.74,164.22
2022-10-31,PROD_012,Domyos Kit Mancuernas 20kg,Fitness,Pesas Casa,55,False,3,55.64,166.92
2022-11-01,PROD_012,Domyos Kit Mancuernas 20kg,Fitness,Pesas Casa,55,False,4,53.83,215.32
2022-11-02,PROD_012,Domyos Kit Mancuernas 20kg,Fitness,Pesas Casa,55,False,4,55.33,221.32
2022-11-03,PROD_012,Domyos Kit Mancuernas 20kg,Fitness,Pesas Casa,55,False,3,54.73,164.19
2022-11-04,PROD_012,Domyos Kit Mancuernas 20kg,Fitness,Pesas Casa,55,False,4,56.64,226.56
2022-11-05,PROD_012,Domyos Kit Mancuernas 20kg,Fitness,Pesas Casa,55,False,5,53.62,268.1
2022-11-06,PROD_012,Domyos Kit Mancuernas 20kg,Fitness,Pesas Casa,55,False,3,55.77,167.31
2022-11-07,PROD_012,Domyos Kit Mancuernas 20kg,Fitness,Pesas Casa,55,False,4,56.22,224.88
2022-11-08,PROD_012,Domyos Kit Mancuernas 20kg,Fitness,Pesas Casa,55,False,3,53.42,160.26
2022-11-09,PROD_012,Domyos Kit Mancuernas 20kg,Fitness,Pesas Casa,55,False,3,55.98,167.94
2022-11-10,PROD_012,Domyos Kit Mancuernas 20kg,Fitness,Pesas Casa,55,False,3,53.6,160.8
2022-11-11,PROD_012,Domyos Kit Mancuernas 20kg,Fitness,Pesas Casa,55,False,5,53.7,268.5
2022-11-12,PROD_012,Domyos Kit Mancuernas 20kg,Fitness,Pesas Casa,55,False,4,54.45,217.8
2022-11-13,PROD_012,Domyos Kit Mancuernas 20kg,Fitness,Pesas Casa,55,False,4,54.18,216.72
2022-11-14,PROD_012,Domyos Kit Mancuernas 20kg,Fitness,Pesas Casa,55,False,4,54.18,216.72
2022-11-15,PROD_012,Domyos Kit Mancuernas 20kg,Fitness,Pesas Casa,55,False,4,55.0,220.0
2022-11-16,PROD_012,Domyos Kit Mancuernas 20kg,Fitness,Pesas Casa,55,False,3,53.73,161.19
2022-11-17,PROD_012,Domyos Kit Mancuernas 20kg,Fitness,Pesas Casa,55,False,4,53.76,215.04
2022-11-18,PROD_012,Domyos Kit Mancuernas 20kg,Fitness,Pesas Casa,55,False,5,55.72,278.6
2022-11-19,PROD_012,Domyos Kit Mancuernas 20kg,Fitness,Pesas Casa,55,False,5,55.33,276.65
2022-11-20,PROD_012,Domyos Kit Mancuernas 20kg,Fitness,Pesas Casa,55,False,6,54.39,326.34
2022-11-21,PROD_012,Domyos Kit Mancuernas 20kg,Fitness,Pesas Casa,55,False,3,55.33,165.99
2022-11-22,PROD_012,Domyos Kit Mancuernas 20kg,Fitness,Pesas Casa,55,False,5,54.39,271.95
2022-11-23,PROD_012,Domyos Kit Mancuernas 20kg,Fitness,Pesas Casa,55,False,4,56.55,226.2
2022-11-24,PROD_012,Domyos Kit Mancuernas 20kg,Fitness,Pesas Casa,55,False,6,53.72,322.32
2022-11-25,PROD_012,Domyos Kit Mancuernas 20kg,Fitness,Pesas Casa,55,False,21,49.5,1039.5
2022-11-26,PROD_012,Domyos Kit Mancuernas 20kg,Fitness,Pesas Casa,55,False,17,50.6,860.2
2022-11-27,PROD_012,Domyos Kit Mancuernas 20kg,Fitness,Pesas Casa,55,False,16,50.6,809.6
2022-11-28,PROD_012,Domyos Kit Mancuernas 20kg,Fitness,Pesas Casa,55,False,20,49.5,990.0
2022-11-29,PROD_012,Domyos Kit Mancuernas 20kg,Fitness,Pesas Casa,55,False,8,52.25,418.0
2022-11-30,PROD_012,Domyos Kit Mancuernas 20kg,Fitness,Pesas Casa,55,False,7,52.25,365.75
2023-10-25,PROD_012,Domyos Kit Mancuernas 20kg,Fitness,Pesas Casa,55,False,3,55.7,167.1
2023-10-26,PROD_012,Domyos Kit Mancuernas 20kg,Fitness,Pesas Casa,55,False,3,55.36,166.08
2023-10-27,PROD_012,Domyos Kit Mancuernas 20kg,Fitness,Pesas Casa,55,False,4,55.03,220.12
2023-10-28,PROD_012,Domyos Kit Mancuernas 20kg,Fitness,Pesas Casa,55,False,4,54.79,219.16
2023-10-29,PROD_012,Domyos Kit Mancuernas 20kg,Fitness,Pesas Casa,55,False,4,54.56,218.24
2023-10-30,PROD_012,Domyos Kit Mancuernas 20kg,Fitness,Pesas Casa,55,False,3,55.02,165.06
2023-10-31,PROD_012,Domyos Kit Mancuernas 20kg,Fitness,Pesas Casa,55,False,3,55.64,166.92
2023-11-01,PROD_012,Domyos Kit Mancuernas 20kg,Fitness,Pesas Casa,55,False,4,54.92,219.68
2023-11-02,PROD_012,Domyos Kit Mancuernas 20kg,Fitness,Pesas Casa,55,False,4,54.36,217.44
2023-11-03,PROD_012,Domyos Kit Mancuernas 20kg,Fitness,Pesas Casa,55,False,5,54.67,273.35
2023-11-04,PROD_012,Domyos Kit Mancuernas 20kg,Fitness,Pesas Casa,55,False,5,55.65,278.25
2023-11-05,PROD_012,Domyos Kit Mancuernas 20kg,Fitness,Pesas Casa,55,False,4,54.75,219.0
2023-11-06,PROD_012,Domyos Kit Mancuernas 20kg,Fitness,Pesas Casa,55,False,3,56.38,169.14
2023-11-07,PROD_012,Domyos Kit Mancuernas 20kg,Fitness,Pesas Casa,55,False,3,54.43,163.29
2023-11-08,PROD_012,Domyos Kit Mancuernas 20kg,Fitness,Pesas Casa,55,False,3,54.14,162.42
2023-11-09,PROD_012,Domyos Kit Mancuernas 20kg,Fitness,Pesas Casa,55,False,3,55.81,167.43
2023-11-10,PROD_012,Domyos Kit Mancuernas 20kg,Fitness,Pesas Casa,55,False,5,53.69,268.45
2023-11-11,PROD_012,Domyos Kit Mancuernas 20kg,Fitness,Pesas Casa,55,False,5,55.55,277.75
2023-11-12,PROD_012,Domyos Kit Mancuernas 20kg,Fitness,Pesas Casa,55,False,4,54.24,216.96
2023-11-13,PROD_012,Domyos Kit Mancuernas 20kg,Fitness,Pesas Casa,55,False,4,55.26,221.04
2023-11-14,PROD_012,Domyos Kit Mancuernas 20kg,Fitness,Pesas Casa,55,False,3,55.36,166.08
2023-11-15,PROD_012,Domyos Kit Mancuernas 20kg,Fitness,Pesas Casa,55,False,4,53.9,215.6
2023-11-16,PROD_012,Domyos Kit Mancuernas 20kg,Fitness,Pesas Casa,55,False,4,54.16,216.64
2023-11-17,PROD_012,Domyos Kit Mancuernas 20kg,Fitness,Pesas Casa,55,False,5,56.11,280.55
2023-11-18,PROD_012,Domyos Kit Mancuernas 20kg,Fitness,Pesas Casa,55,False,5,54.77,273.85
2023-11-19,PROD_012,Domyos Kit Mancuernas 20kg,Fitness,Pesas Casa,55,False,4,55.35,221.4
2023-11-20,PROD_012,Domyos Kit Mancuernas 20kg,Fitness,Pesas Casa,55,False,4,54.48,217.92
2023-11-21,PROD_012,Domyos Kit Mancuernas 20kg,Fitness,Pesas Casa,55,False,5,53.55,267.75
2023-11-22,PROD_012,Domyos Kit Mancuernas 20kg,Fitness,Pesas Casa,55,False,5,53.83,269.15
2023-11-23,PROD_012,Domyos Kit Mancuernas 20kg,Fitness,Pesas Casa,55,False,4,55.43,221.72
2023-11-24,PROD_012,Domyos Kit Mancuernas 20kg,Fitness,Pesas Casa,55,False,17,49.5,841.5
2023-11-25,PROD_012,Domyos Kit Mancuernas 20kg,Fitness,Pesas Casa,55,False,17,50.6,860.2
2023-11-26,PROD_012,Domyos Kit Mancuernas 20kg,Fitness,Pesas Casa,55,False,21,50.6,1062.6
2023-11-27,PROD_012,Domyos Kit Mancuernas 20kg,Fitness,Pesas Casa,55,False,15,49.5,742.5
2023-11-28,PROD_012,Domyos Kit Mancuernas 20kg,Fitness,Pesas Casa,55,False,10,52.25,522.5
2023-11-29,PROD_012,Domyos Kit Mancuernas 20kg,Fitness,Pesas Casa,55,False,8,52.25,418.0
2023-11-30,PROD_012,Domyos Kit Mancuernas 20kg,Fitness,Pesas Casa,55,False,3,56.23,168.69
2024-10-25,PROD_012,Domyos Kit Mancuernas 20kg,Fitness,Pesas Casa,55,False,3,55.96,167.88
2024-10-26,PROD_012,Domyos Kit Mancuernas 20kg,Fitness,Pesas Casa,55,False,4,56.06,224.24
2024-10-27,PROD_012,Domyos Kit Mancuernas 20kg,Fitness,Pesas Casa,55,False,4,55.61,222.44
2024-10-28,PROD_012,Domyos Kit Mancuernas 20kg,Fitness,Pesas Casa,55,False,4,54.22,216.88
2024-10-29,PROD_012,Domyos Kit Mancuernas 20kg,Fitness,Pesas Casa,55,False,4,54.23,216.92
2024-10-30,PROD_012,Domyos Kit Mancuernas 20kg,Fitness,Pesas Casa,55,False,4,56.43,225.72
2024-10-31,PROD_012,Domyos Kit Mancuernas 20kg,Fitness,Pesas Casa,55,False,3,54.71,164.13
2024-11-01,PROD_012,Domyos Kit Mancuernas 20kg,Fitness,Pesas Casa,55,False,5,54.05,270.25
2024-11-02,PROD_012,Domyos Kit Mancuernas 20kg,Fitness,Pesas Casa,55,False,6,56.53,339.18
2024-11-03,PROD_012,Domyos Kit Mancuernas 20kg,Fitness,Pesas Casa,55,False,4,54.2,216.8
2024-11-04,PROD_012,Domyos Kit Mancuernas 20kg,Fitness,Pesas Casa,55,False,5,54.52,272.6
2024-11-05,PROD_012,Domyos Kit Mancuernas 20kg,Fitness,Pesas Casa,55,False,5,54.73,273.65
2024-11-06,PROD_012,Domyos Kit Mancuernas 20kg,Fitness,Pesas Casa,55,False,5,54.08,270.4
2024-11-07,PROD_012,Domyos Kit Mancuernas 20kg,Fitness,Pesas Casa,55,False,3,56.03,168.09
2024-11-08,PROD_012,Domyos Kit Mancuernas 20kg,Fitness,Pesas Casa,55,False,4,55.21,220.84
2024-11-09,PROD_012,Domyos Kit Mancuernas 20kg,Fitness,Pesas Casa,55,False,4,54.65,218.6
2024-11-10,PROD_012,Domyos Kit Mancuernas 20kg,Fitness,Pesas Casa,55,False,4,55.39,221.56
2024-11-11,PROD_012,Domyos Kit Mancuernas 20kg,Fitness,Pesas Casa,55,False,4,56.09,224.36
2024-11-12,PROD_012,Domyos Kit Mancuernas 20kg,Fitness,Pesas Casa,55,False,3,53.77,161.31
2024-11-13,PROD_012,Domyos Kit Mancuernas 20kg,Fitness,Pesas Casa,55,False,4,55.67,222.68
2024-11-14,PROD_012,Domyos Kit Mancuernas 20kg,Fitness,Pesas Casa,55,False,4,54.92,219.68
2024-11-15,PROD_012,Domyos Kit Mancuernas 20kg,Fitness,Pesas Casa,55,False,5,53.69,268.45
2024-11-16,PROD_012,Domyos Kit Mancuernas 20kg,Fitness,Pesas Casa,55,False,5,56.19,280.95
2024-11-17,PROD_012,Domyos Kit Mancuernas 20kg,Fitness,Pesas Casa,55,False,5,53.36,266.8
2024-11-18,PROD_012,Domyos Kit Mancuernas 20kg,Fitness,Pesas Casa,55,False,5,56.33,281.65
2024-11-19,PROD_012,Domyos Kit Mancuernas 20kg,Fitness,Pesas Casa,55,False,4,56.28,225.12
2024-11-20,PROD_012,Domyos Kit Mancuernas 20kg,Fitness,Pesas Casa,55,False,4,55.76,223.04
2024-11-21,PROD_012,Domyos Kit Mancuernas 20kg,Fitness,Pesas Casa,55,False,4,54.34,217.36
2024-11-22,PROD_012,Domyos Kit Mancuernas 20kg,Fitness,Pesas Casa,55,False,4,55.72,222.88
2024-11-23,PROD_012,Domyos Kit Mancuernas 20kg,Fitness,Pesas Casa,55,False,5,54.14,270.7
2024-11-24,PROD_012,Domyos Kit Mancuernas 20kg,Fitness,Pesas Casa,55,False,4,55.8,223.2
2024-11-25,PROD_012,Domyos Kit Mancuernas 20kg,Fitness,Pesas Casa,55,False,4,54.38,217.52
2024-11-26,PROD_012,Domyos Kit Mancuernas 20kg,Fitness,Pesas Casa,55,False,6,54.29,325.74
2024-11-27,PROD_012,Domyos Kit Mancuernas 20kg,Fitness,Pesas Casa,55,False,5,56.2,281.0
2024-11-28,PROD_012,Domyos Kit Mancuernas 20kg,Fitness,Pesas Casa,55,False,5,55.42,277.1
2024-11-29,PROD_012,Domyos Kit Mancuernas 20kg,Fitness,Pesas Casa,55,False,22,49.5,1089.0
2024-11-30,PROD_012,Domyos Kit Mancuernas 20kg,Fitness,Pesas Casa,55,False,19,50.6,961.4
