Data_Practica/data/raw/entrenamiento/ventas.csv
fecha,producto_id,nombre,categoria,subcategoria,precio_base,es_estrella,unidades_vendidas,precio_venta,ingresos
2021-10-25,PROD_014,Sveltus Kettlebell 12kg,Fitness,Pesa Rusa,40,False,2,39.74,79.48
2021-10-26,PROD_014,Sveltus Kettlebell 12kg,Fitness,Pesa Rusa,40,False,2,40.42,80.84
2021-10-27,PROD_014,Sveltus Kettlebell 12kg,Fitness,Pesa Rusa,40,False,2,39.7,79.4
2021-10-28,PROD_014,Sveltus Kettlebell 12kg,Fitness,Pesa Rusa,40,False,2,39.42,78.84
2021-10-29,PROD_014,Sveltus Kettlebell 12kg,Fitness,Pesa Rusa,40,False,3,41.18,123.54
2021-10-30,PROD_014,Sveltus Kettlebell 12kg,Fitness,Pesa Rusa,40,False,3,40.61,121.83
2021-10-31,PROD_014,Sveltus Kettlebell 12kg,Fitness,Pesa Rusa,40,False,3,39.84,119.52
2021-11-01,PROD_014,Sveltus Kettlebell 12kg,Fitness,Pesa Rusa,40,False,3,40.12,120.36
2021-11-02,PROD_014,Sveltus Kettlebell 12kg,Fitness,Pesa Rusa,40,False,3,39.72,119.16
2021-11-03,PROD_014,Sveltus Kettlebell 12kg,Fitness,Pesa Rusa,40,False,3,40.54,121.62
2021-11-04,PROD_014,Sveltus Kettlebell 12kg,Fitness,Pesa Rusa,40,False,3,39.02,117.06
2021-11-05,PROD_014,Sveltus Kettlebell 12kg,Fitness,Pesa Rusa,40,False,3,40.82,122.46
2021-11-06,PROD_014,Sveltus Kettlebell 12kg,Fitness,Pesa Rusa,40,False,4,39.64,158.56
2021-11-07,PROD_014,Sveltus Kettlebell 12kg,Fitness,Pesa Rusa,40,False,3,40.38,121.14
2021-11-08,PROD_014,Sveltus Kettlebell 12kg,Fitness,Pesa Rusa,40,False,3,40.86,122.58
2021-11-09,PROD_014,Sveltus Kettlebell 12kg,Fitness,Pesa Rusa,40,False,3,40.15,120.45
2021-11-10,PROD_014,Sveltus Kettlebell 12kg,Fitness,Pesa Rusa,40,False,3,40.79,122.37
2021-11-11,PROD_014,Sveltus Kettlebell 12kg,Fitness,Pesa Rusa,40,False,3,39.63,118.89
2021-11-12,PROD_014,Sveltus Kettlebell 12kg,Fitness,Pesa Rusa,40,False,3,39.97,119.91
2021-11-13,PROD_014,Sveltus Kettlebell 12kg,Fitness,Pesa Rusa,40,False,3,41.11,123.33
2021-11-14,PROD_014,Sveltus Kettlebell 12kg,Fitness,Pesa Rusa,40,False,3,41.11,123.33
2021-11-15,PROD_014,Sveltus Kettlebell 12kg,Fitness,Pesa Rusa,40,False,2,41.1,82.2
2021-11-16,PROD_014,Sveltus Kettlebell 12kg,Fitness,Pesa Rusa,40,False,3,40.25,120.75
2021-11-17,PROD_014,Sveltus Kettlebell 12kg,Fitness,Pesa Rusa,40,False,2,40.4,80.8
2021-11-18,PROD_014,Sveltus Kettlebell 12kg,Fitness,Pesa Rusa,40,False,2,38.85,77.7
2021-11-19,PROD_014,Sveltus Kettlebell 12kg,Fitness,Pesa Rusa,40,False,3,39.14,117.42
2021-11-20,PROD_014,Sveltus Kettlebell 12kg,Fitness,Pesa Rusa,40,False,3,40.98,122.94
2021-11-21,PROD_014,Sveltus Kettlebell 12kg,Fitness,Pesa Rusa,40,False,3,41.0,123.0
2021-11-22,PROD_014,Sveltus Kettlebell 12kg,Fitness,Pesa Rusa,40,False,2,38.93,77.86
2021-11-23,PROD_014,Sveltus Kettlebell 12kg,Fitness,Pesa Rusa,40,False,4,39.63,158.52
2021-11-24,PROD_014,Sveltus Kettlebell 12kg,Fitness,Pesa Rusa,40,False,3,40.68,122.04
2021-11-25,PROD_014,Sveltus Kettlebell 12kg,Fitness,Pesa Rusa,40,False,4,40.26,161.04
2021-11-26,PROD_014,Sveltus Kettlebell 12kg,Fitness,Pesa Rusa,40,False,14,36.0,504.0
2021-11-27,PROD_014,Sveltus Kettlebell 12kg,Fitness,Pesa Rusa,40,False,14,36.8,515.2
2021-11-28,PROD_014,Sveltus Kettlebell 12kg,Fitness,Pesa Rusa,40,False,14,36.8,515.2
2021-11-29,PROD_014,Sveltus Kettlebell 12kg,Fitness,Pesa Rusa,40,False,9,36.0,324.0
2021-11-30,PROD_014,Sveltus Kettlebell 12kg,Fitness,Pesa Rusa,40,False,6,38.0,228.0
2022-10-25,PROD_014,Sveltus Kettlebell 12kg,Fitness,Pesa Rusa,40,False,2,39.78,79.56
2022-10-26,PROD_014,Sveltus Kettlebell 12kg,Fitness,Pesa Rusa,40,False,3,40.33,120.99
2022-10-27,PROD_014,Sveltus Kettlebell 12kg,Fitness,Pesa Rusa,40,False,2,39.88,79.76
2022-10-28,PROD_014,Sveltus Kettlebell 12kg,Fitness,Pesa Rusa,40,False,3,38.87,116.61
2022-10-29,PROD_014,Sveltus Kettlebell 12kg,Fitness,Pesa Rusa,40,False,3,39.38,118.14
2022-10-30,PROD_014,Sveltus Kettlebell 12kg,Fitness,Pesa Rusa,40,False,3,38.83,116.49
2022-10-31,PROD_014,Sveltus Kettlebell 12kg,Fitness,Pesa Rusa,40,False,2,40.48,80.96
2022-11-01,PROD_014,Sveltus Kettlebell 12kg,Fitness,Pesa Rusa,40,False,3,39.38,118.14
2022-11-02,PROD_014,Sveltus Kettlebell 12kg,Fitness,Pesa Rusa,40,False,3,40.29,120.87
2022-11-03,PROD_014,Sveltus Kettlebell 12kg,Fitness,Pesa Rusa,40,False,3,39.56,118.68
2022-11-04,PROD_014,Sveltus Kettlebell 12kg,Fitness,Pesa Rusa,40,False,3,39.56,118.68
2022-11-05,PROD_014,Sveltus Kettlebell 12kg,Fitness,Pesa Rusa,40,False,4,39.21,156.84
2022-11-06,PROD_014,Sveltus Kettlebell 12kg,Fitness,Pesa Rusa,40,False,3,39.43,118.29
2022-11-07,PROD_014,Sveltus Kettlebell 12kg,Fitness,Pesa Rusa,40,False,3,39.86,119.58
2022-11-08,PROD_014,Sveltus Kettlebell 12kg,Fitness,Pesa Rusa,40,False,3,39.07,117.21
2022-11-09,PROD_014,Sveltus Kettlebell 12kg,Fitness,Pesa Rusa,40,False,3,38.96,116.88
2022-11-10,PROD_014,Sveltus Kettlebell 12kg,Fitness,Pesa Rusa,40,False,3,39.57,118.71
2022-11-11,PROD_014,Sveltus Kettlebell 12kg,Fitness,Pesa Rusa,40,False,3,39.15,117.45
2022-11-12,PROD_014,Sveltus Kettlebell 12kg,Fitness,Pesa Rusa,40,False,4,41.08,164.32
2022-11-13,PROD_014,Sveltus Kettlebell 12kg,Fitness,Pesa Rusa,40,False,3,38.81,116.43
2022-11-14,PROD_014,Sveltus Kettlebell 12kg,Fitness,Pesa Rusa,40,False,2,41.18,82.36
2022-11-15,PROD_014,Sveltus Kettlebell 12kg,Fitness,Pesa Rusa,40,False,3,41.08,123.24
2022-11-16,PROD_014,Sveltus Kettlebell 12kg,Fitness,Pesa Rusa,40,False,3,40.74,122.22
2022-11-17,PROD_014,Sveltus Kettlebell 12kg,Fitness,Pesa Rusa,40,False,3,40.2,120.6
2022-11-18,PROD_014,Sveltus Kettlebell 12kg,Fitness,Pesa Rusa,40,False,3,39.34,118.02
2022-11-19,PROD_014,Sveltus Kettlebell 12kg,Fitness,Pesa Rusa,40,False,4,39.64,158.56
2022-11-20,PROD_014,Sveltus Kettlebell 12kg,Fitness,Pesa Rusa,40,False,3,41.07,123.21
2022-11-21,PROD_014,Sveltus Kettlebell 12kg,Fitness,Pesa Rusa,40,False,3,41.16,123.48
2022-11-22,PROD_014,Sveltus Kettlebell 12kg,Fitness,Pesa Rusa,40,False,3,40.25,120.75
2022-11-23,PROD_014,Sveltus Kettlebell 12kg,Fitness,Pesa Rusa,40,False,3,39.92,119.76
2022-11-24,PROD_014,Sveltus Kettlebell 12kg,Fitness,Pesa Rusa,40,False,4,40.28,161.12
2022-11-25,PROD_014,Sveltus Kettlebell 12kg,Fitness,Pesa Rusa,40,False,15,36.0,540.0
2022-11-26,PROD_014,Sveltus Kettlebell 12kg,Fitness,Pesa Rusa,40,False,18,36.8,662.4
2022-11-27,PROD_014,Sveltus Kettlebell 12kg,Fitness,Pesa Rusa,40,False,13,36.8,478.4
2022-11-28,PROD_014,Sveltus Kettlebell 12kg,Fitness,Pesa Rusa,40,False,16,36.0,576.0
2022-11-29,PROD_014,Sveltus Kettlebell 12kg,Fitness,Pesa Rusa,40,False,7,38.0,266.0
2022-11-30,PROD_014,Sveltus Kettlebell 12kg,Fitness,Pesa Rusa,40,False,7,38.0,266.0
2023-10-25,PROD_014,Sveltus Kettlebell 12kg,Fitness,Pesa Rusa,40,False,3,39.66,118.98
2023-10-26,PROD_014,Sveltus Kettlebell 12kg,Fitness,Pesa Rusa,40,False,3,40.18,120.54
2023-10-27,PROD_014,Sveltus Kettlebell 12kg,Fitness,Pesa Rusa,40,False,3,40.67,122.01
2023-10-28,PROD_014,Sveltus Kettlebell 12kg,Fitness,Pesa Rusa,40,False,4,39.0,156.0
2023-10-29,PROD_014,Sveltus Kettlebell 12kg,Fitness,Pesa Rusa,40,False,3,39.45,118.35
2023-10-30,PROD_014,Sveltus Kettlebell 12kg,Fitness,Pesa Rusa,40,False,3,38.97,116.91
2023-10-31,PROD_014,Sveltus Kettlebell 12kg,Fitness,Pesa Rusa,40,False,3,40.83,122.49
2023-11-01,PROD_014,Sveltus Kettlebell 12kg,Fitness,Pesa Rusa,40,False,3,39.43,118.29
2023-11-02,PROD_014,Sveltus Kettlebell 12kg,Fitness,Pesa Rusa,40,False,3,40.7,122.1
2023-11-03,PROD_014,Sveltus Kettlebell 12kg,Fitness,Pesa Rusa,40,False,3,40.37,121.11
2023-11-04,PROD_014,Sveltus Kettlebell 12kg,Fitness,Pesa Rusa,40,False,4,38.96,155.84
2023-11-05,PROD_014,Sveltus Kettlebell 12kg,Fitness,Pesa Rusa,40,False,4,39.21,156.84
2023-11-06,PROD_014,Sveltus Kettlebell 12kg,Fitness,Pesa Rusa,40,False,3,40.71,122.13
2023-11-07,PROD_014,Sveltus Kettlebell 12kg,Fitness,Pesa Rusa,40,False,3,40.96,122.88
2023-11-08,PROD_014,Sveltus Kettlebell 12kg,Fitness,Pesa Rusa,40,False,3,38.83,116.49
2023-11-09,PROD_014,Sveltus Kettlebell 12kg,Fitness,Pesa Rusa,40,False,3,39.33,117.99
2023-11-10,PROD_014,Sveltus Kettlebell 12kg,Fitness,Pesa Rusa,40,False,4,39.94,159.76
2023-11-11,PROD_014,Sveltus Kettlebell 12kg,Fitness,Pesa Rusa,40,False,3,41.08,123.24
2023-11-12,PROD_014,Sveltus Kettlebell 12kg,Fitness,Pesa Rusa,40,False,3,39.88,119.64
2023-11-13,PROD_014,Sveltus Kettlebell 12kg,Fitness,Pesa Rusa,40,False,3,40.07,120.21
2023-11-14,PROD_014,Sveltus Kettlebell 12kg,Fitness,Pesa Rusa,40,False,4,40.5,162.0
2023-11-15,PROD_014,Sveltus Kettlebell 12kg,Fitness,Pesa Rusa,40,False,3,40.8,122.4
2023-11-16,PROD_014,Sveltus Kettlebell 12kg,Fitness,Pesa Rusa,40,False,3,39.81,119.43
2023-11-17,PROD_014,Sveltus Kettlebell 12kg,Fitness,Pesa Rusa,40,False,4,40.15,160.6
2023-11-18,PROD_014,Sveltus Kettlebell 12kg,Fitness,Pesa Rusa,40,False,4,40.37,161.48
2023-11-19,PROD_014,Sveltus Kettlebell 12kg,Fitness,Pesa Rusa,40,False,3,39.56,118.68
2023-11-20,PROD_014,Sveltus Kettlebell 12kg,Fitness,Pesa Rusa,40,False,4,40.19,160.76
2023-11-21,PROD_014,Sveltus Kettlebell 12kg,Fitness,Pesa Rusa,40,False,4,38.84,155.36
2023-11-22,PROD_014,Sveltus Kettlebell 12kg,Fitness,Pesa Rusa,40,False,5,40.03,200.15
2023-11-23,PROD_014,Sveltus Kettlebell 12kg,Fitness,Pesa Rusa,40,False,4,39.53,158.12
2023-11-24,PROD_014,Sveltus Kettlebell 12kg,Fitness,Pesa Rusa,40,False,17,36.0,612.0
2023-11-25,PROD_014,Sveltus Kettlebell 12kg,Fitness,Pesa Rusa,40,False,15,36.8,552.0
2023-11-26,PROD_014,Sveltus Kettlebell 12kg,Fitness,Pesa Rusa,40,False,13,36.8,478.4
2023-11-27,PROD_014,Sveltus Kettlebell 12kg,Fitness,Pesa Rusa,40,False,10,36.0,360.0
2023-11-28,PROD_014,Sveltus Kettlebell 12kg,Fitness,Pesa Rusa,40,False,9,38.0,342.0
2023-11-29,PROD_014,Sveltus Kettlebell 12kg,Fitness,Pesa Rusa,40,False,10,38.0,380.0
2023-11-30,PROD_014,Sveltus Kettlebell 12kg,Fitness,Pesa Rusa,40,False,3,40.0,120.0
2024-10-25,PROD_014,Sveltus Kettlebell 12kg,Fitness,Pesa Rusa,40,False,3,39.5,118.5
2024-10-26,PROD_014,Sveltus Kettlebell 12kg,Fitness,Pesa Rusa,40,False,3,39.97,119.91
2024-10-27,PROD_014,Sveltus Kettlebell 12kg,Fitness,Pesa Rusa,40,False,3,41.05,123.15
2024-10-28,PROD_014,Sveltus Kettlebell 12kg,Fitness,Pesa Rusa,40,False,3,39.19,117.57
2024-10-29,PROD_014,Sveltus Kettlebell 12kg,Fitness,Pesa Rusa,40,False,3,40.0,120.0
2024-10-30,PROD_014,Sveltus Kettlebell 12kg,Fitness,Pesa Rusa,40,False,3,39.27,117.81
2024-10-31,PROD_014,Sveltus Kettlebell 12kg,Fitness,Pesa Rusa,40,False,2,39.26,78.52
2024-11-01,PROD_014,Sveltus Kettlebell 12kg,Fitness,Pesa Rusa,40,False,5,39.78,198.9
2024-11-02,PROD_014,Sveltus Kettlebell 12kg,Fitness,Pesa Rusa,40,False,4,39.79,159.16
2024-11-03,PROD_014,Sveltus Kettlebell 12kg,Fitness,Pesa Rusa,40,False,3,40.35,121.05
2024-11-04,PROD_014,Sveltus Kettlebell 12kg,Fitness,Pesa Rusa,40,False,4,41.02,164.08
2024-11-05,PROD_014,Sveltus Kettlebell 12kg,Fitness,Pesa Rusa,40,False,3,39.79,119.37
2024-11-06,PROD_014,Sveltus Kettlebell 12kg,Fitness,Pesa Rusa,40,False,3,38.87,116.61
2024-11-07,PROD_014,Sveltus Kettlebell 12kg,Fitness,Pesa Rusa,40,False,3,39.73,119.19
2024-11-08,PROD_014,Sveltus Kettlebell 12kg,Fitness,Pesa Rusa,40,False,4,40.89,163.56
2024-11-09,PROD_014,Sveltus Kettlebell 12kg,Fitness,Pesa Rusa,40,False,4,39.32,157.28
2024-11-10,PROD_014,Sveltus Kettlebell 12kg,Fitness,Pesa Rusa,40,False,5,39.07,195.35
2024-11-11,PROD_014,Sveltus Kettlebell 12kg,Fitness,Pesa Rusa,40,False,3,40.35,121.05
2024-11-12,PROD_014,Sveltus Kettlebell 12kg,Fitness,Pesa Rusa,40,False,3,39.43,118.29
2024-11-13,PROD_014,Sveltus Kettlebell 12kg,Fitness,Pesa Rusa,40,False,4,39.65,158.6
2024-11-14,PROD_014,Sveltus Kettlebell 12kg,Fitness,Pesa Rusa,40,False,3,39.42,118.26
2024-11-15,PROD_014,Sveltus Kettlebell 12kg,Fitness,Pesa Rusa,40,False,4,41.16,164.64
2024-11-16,PROD_014,Sveltus Kettlebell 12kg,Fitness,Pesa Rusa,40,False,5,39.35,196.75
2024-11-17,PROD_014,Sveltus Kettlebell 12kg,Fitness,Pesa Rusa,40,False,3,40.6,121.8
2024-11-18,PROD_014,Sveltus Kettlebell 12kg,Fitness,Pesa Rusa,40,False,3,40.75,122.25
2024-11-19,PROD_014,Sveltus Kettlebell 12kg,Fitness,Pesa Rusa,40,False,3,39.85,119.55
2024-11-20,PROD_014,Sveltus Kettlebell 12kg,Fitness,Pesa Rusa,40,False,3,38.92,116.76
2024-11-21,PROD_014,Sveltus Kettlebell 12kg,Fitness,Pesa Rusa,40,False,4,39.93,159.72
2024-11-22,PROD_014,Sveltus Kettlebell 12kg,Fitness,Pesa Rusa,40,False,3,39.16,117.48
2024-11-23,PROD_014,Sveltus Kettlebell 12kg,Fitness,Pesa Rusa,40,False,6,39.37,236.22
2024-11-24,PROD_014,Sveltus Kettlebell 12kg,Fitness,Pesa Rusa,40,False,4,39.55,158.2
2024-11-25,PROD_014,Sveltus Kettlebell 12kg,Fitness,Pesa Rusa,40,False,3,40.18,120.54
2024-11-26,PROD_014,Sveltus Kettlebell 12kg,Fitness,Pesa Rusa,40,False,4,39.69,158.76
2024-11-27,PROD_014,Sveltus Kettlebell 12kg,Fitness,Pesa Rusa,40,False,4,40.08,160.32
2024-11-28,PROD_014,Sveltus Kettlebell 12kg,Fitness,Pesa Rusa,40,False,4,41.02,164.08
2024-11-29,PROD_014,Sveltus Kettlebell 12kg,Fitness,Pesa Rusa,40,False,16,36.0,576.0
2024-11-30,PROD_014,Sveltus Kettlebell 12kg,Fitness,Pesa Rusa,40,False,17,36.8,625.6
