Data_Practica/data/raw/entrenamiento/ventas.csv
fecha,producto_id,nombre,categoria,subcategoria,precio_base,es_estrella,unidades_vendidas,precio_venta,ingresos
2021-10-25,PROD_016,Trek Marlin 7,Outdoor,Bicicleta Montaña,830,True,2,821.29,1642.58
2021-10-26,PROD_016,Trek Marlin 7,Outdoor,Bicicleta Montaña,830,True,2,827.2,1654.4
2021-10-27,PROD_016,Trek Marlin 7,Outdoor,Bicicleta Montaña,830,True,2,838.38,1676.76
2021-10-28,PROD_016,Trek Marlin 7,Outdoor,Bicicleta Montaña,830,True,2,832.5,1665.0
2021-10-29,PROD_016,Trek Marlin 7,Outdoor,Bicicleta Montaña,830,True,2,833.9,1667.8
2021-10-30,PROD_016,Trek Marlin 7,Outdoor,Bicicleta Montaña,830,True,3,840.4,2521.2
2021-10-31,PROD_016,Trek Marlin 7,Outdoor,Bicicleta Montaña,830,True,3,810.36,2431.08
2021-11-01,PROD_016,Trek Marlin 7,Outdoor,Bicicleta Montaña,830,True,3,821.27,2463.81
2021-11-02,PROD_016,Trek Marlin 7,Outdoor,Bicicleta Montaña,830,True,2,843.68,1687.36
2021-11-03,PROD_016,Trek Marlin 7,Outdoor,Bicicleta Montaña,830,True,2,846.97,1693.94
2021-11-04,PROD_016,Trek Marlin 7,Outdoor,Bicicleta Montaña,830,True,3,808.33,2424.99
2021-11-05,PROD_016,Trek Marlin 7,Outdoor,Bicicleta Montaña,830,True,4,829.15,3316.6
2021-11-06,PROD_016,Trek Marlin 7,Outdoor,Bicicleta Montaña,830,True,3,817.6,2452.8
2021-11-07,PROD_016,Trek Marlin 7,Outdoor,Bicicleta Montaña,830,True,3,853.13,2559.39
2021-11-08,PROD_016,Trek Marlin 7,Outdoor,Bicicleta Montaña,830,True,3,820.75,2462.25
2021-11-09,PROD_016,Trek Marlin 7,Outdoor,Bicicleta Montaña,830,True,2,848.16,1696.32
2021-11-10,PROD_016,Trek Marlin 7,Outdoor,Bicicleta Montaña,830,True,4,826.54,3306.16
2021-11-11,PROD_016,Trek Marlin 7,Outdoor,Bicicleta Montaña,830,True,3,840.07,2520.21
2021-11-12,PROD_016,Trek Marlin 7,Outdoor,Bicicleta Montaña,830,True,3,841.41,2524.23
2021-11-13,PROD_016,Trek Marlin 7,Outdoor,Bicicleta Montaña,830,True,4,806.26,3225.04
2021-11-14,PROD_016,Trek Marlin 7,Outdoor,Bicicleta Montaña,830,True,3,848.42,2545.26
2021-11-15,PROD_016,Trek Marlin 7,Outdoor,Bicicleta Montaña,830,True,3,805.81,2417.43
2021-11-16,PROD_016,Trek Marlin 7,Outdoor,Bicicleta Montaña,830,True,3,849.36,2548.08
2021-11-17,PROD_016,Trek Marlin 7,Outdoor,Bicicleta Montaña,830,True,3,810.35,2431.05
2021-11-18,PROD_016,Trek Marlin 7,Outdoor,Bicicleta Montaña,830,True,2,825.23,1650.46
2021-11-19,PROD_016,Trek Marlin 7,Outdoor,Bicicleta Montaña,830,True,4,812.42,3249.68
2021-11-20,PROD_016,Trek Marlin 7,Outdoor,Bicicleta Montaña,830,True,3,853.77,2561.31
2021-11-21,PROD_016,Trek Marlin 7,Outdoor,Bicicleta Montaña,830,True,3,807.04,2421.12
2021-11-22,PROD_016,Trek Marlin 7,Outdoor,Bicicleta Montaña,830,True,2,820.24,1640.48
2021-11-23,PROD_016,Trek Marlin 7,Outdoor,Bicicleta Montaña,830,True,3,833.09,2499.27
2021-11-24,PROD_016,Trek Marlin 7,Outdoor,Bicicleta Montaña,830,True,2,821.66,1643.32
2021-11-25,PROD_016,Trek Marlin 7,Outdoor,Bicicleta Montaña,830,True,2,848.23,1696.46
2021-11-26,PROD_016,Trek Marlin 7,Outdoor,Bicicleta Montaña,830,True,11,747.0,8217.0
2021-11-27,PROD_016,Trek Marlin 7,Outdoor,Bicicleta Montaña,830,True,16,763.6,12217.6
2021-11-28,PROD_016,Trek Marlin 7,Outdoor,Bicicleta Montaña,830,True,11,763.6,8399.6
2021-11-29,PROD_016,Trek Marlin 7,Outdoor,Bicicleta Montaña,830,True,7,747.0,5229.0
2021-11-30,PROD_016,Trek Marlin 7,Outdoor,Bicicleta Montaña,830,True,6,788.5,4731.0
2022-10-25,PROD_016,Trek Marlin 7,Outdoor,Bicicleta Montaña,830,True,3,836.76,2510.28
2022-10-26,PROD_016,Trek Marlin 7,Outdoor,Bicicleta Montaña,830,True,3,837.2,2511.6
2022-10-27,PROD_016,Trek Marlin 7,Outdoor,Bicicleta Montaña,830,True,3,835.49,2506.47
2022-10-28,PROD_016,Trek Marlin 7,Outdoor,Bicicleta Montaña,830,True,4,834.04,3336.16
2022-10-29,PROD_016,Trek Marlin 7,Outdoor,Bicicleta Montaña,830,True,4,837.8,3351.2
2022-10-30,PROD_016,Trek Marlin 7,Outdoor,Bicicleta Montaña,830,True,3,829.78,2489.34
2022-10-31,PROD_016,Trek Marlin 7,Outdoor,Bicicleta Montaña,830,True,3,824.12,2472.36
2022-11-01,PROD_016,Trek Marlin 7,Outdoor,Bicicleta Montaña,830,True,4,848.08,3392.32
2022-11-02,PROD_016,Trek Marlin 7,Outdoor,Bicicleta Montaña,830,True,2,828.22,1656.44
2022-11-03,PROD_016,Trek Marlin 7,Outdoor,Bicicleta Montaña,830,True,3,823.6,2470.8
2022-11-04,PROD_016,Trek Marlin 7,Outdoor,Bicicleta Montaña,830,True,3,845.22,2535.66
2022-11-05,PROD_016,Trek Marlin 7,Outdoor,Bicicleta Montaña,830,True,3,808.24,2424.72
2022-11-06,PROD_016,Trek Marlin 7,Outdoor,Bicicleta Montaña,830,True,4,841.83,3367.32
2022-11-07,PROD_016,Trek Marlin 7,Outdoor,Bicicleta Montaña,830,True,3,821.39,2464.17
2022-11-08,PROD_016,Trek Marlin 7,Outdoor,Bicicleta Montaña,830,True,3,845.57,2536.71
2022-11-09,PROD_016,Trek Marlin 7,Outdoor,Bicicleta Montaña,830,True,3,842.19,2526.57
2022-11-10,PROD_016,Trek Marlin 7,Outdoor,Bicicleta Montaña,830,True,3,839.36,2518.08
2022-11-11,PROD_016,Trek Marlin 7,Outdoor,Bicicleta Montaña,830,True,3,838.52,2515.56
2022-11-12,PROD_016,Trek Marlin 7,Outdoor,Bicicleta Montaña,830,True,4,848.21,3392.84
2022-11-13,PROD_016,Trek Marlin 7,Outdoor,Bicicleta Montaña,830,True,3,854.15,2562.45
2022-11-14,PROD_016,Trek Marlin 7,Outdoor,Bicicleta Montaña,830,True,3,823.78,2471.34
2022-11-15,PROD_016,Trek Marlin 7,Outdoor,Bicicleta Montaña,830,True,2,845.36,1690.72
2022-11-16,PROD_016,Trek Marlin 7,Outdoor,Bicicleta Montaña,830,True,3,822.23,2466.69
2022-11-17,PROD_016,Trek Marlin 7,Outdoor,Bicicleta Montaña,830,True,3,838.16,2514.48
2022-11-18,PROD_016,Trek Marlin 7,Outdoor,Bicicleta Montaña,830,True,4,823.75,3295.0
2022-11-19,PROD_016,Trek Marlin 7,Outdoor,Bicicleta Montaña,830,True,3,822.58,2467.74
2022-11-20,PROD_016,Trek Marlin 7,Outdoor,Bicicleta Montaña,830,True,3,838.13,2514.39
2022-11-21,PROD_016,Trek Marlin 7,Outdoor,Bicicleta Montaña,830,True,3,828.55,2485.65
2022-11-22,PROD_016,Trek Marlin 7,Outdoor,Bicicleta Montaña,830,True,3,813.98,2441.94
2022-11-23,PROD_016,Trek Marlin 7,Outdoor,Bicicleta Montaña,830,True,3,827.35,2482.05
2022-11-24,PROD_016,Trek Marlin 7,Outdoor,Bicicleta Montaña,830,True,4,816.22,3264.88
2022-11-25,PROD_016,Trek Marlin 7,Outdoor,Bicicleta Montaña,830,True,12,747.0,8964.0
2022-11-26,PROD_016,Trek Marlin 7,Outdoor,Bicicleta Montaña,830,True,19,763.6,14508.4
2022-11-27,PROD_016,Trek Marlin 7,Outdoor,Bicicleta Montaña,830,True,8,763.6,6108.8
2022-11-28,PROD_016,Trek Marlin 7,Outdoor,Bicicleta Montaña,830,True,10,747.0,7470.0
2022-11-29,PROD_016,Trek Marlin 7,Outdoor,Bicicleta Montaña,830,True,6,788.5,4731.0
2022-11-30,PROD_016,Trek Marlin 7,Outdoor,Bicicleta Montaña,830,True,6,788.5,4731.0
2023-10-25,PROD_016,Trek Marlin 7,Outdoor,Bicicleta Montaña,830,True,3,853.11,2559.33
2023-10-26,PROD_016,Trek Marlin 7,Outdoor,Bicicleta Montaña,830,True,3,821.2,2463.6
2023-10-27,PROD_016,Trek Marlin 7,Outdoor,Bicicleta Montaña,830,True,4,811.34,3245.36
2023-10-28,PROD_016,Trek Marlin 7,Outdoor,Bicicleta Montaña,830,True,4,836.61,3346.44
2023-10-29,PROD_016,Trek Marlin 7,Outdoor,Bicicleta Montaña,830,True,3,834.97,2504.91
2023-10-30,PROD_016,Trek Marlin 7,Outdoor,Bicicleta Montaña,830,True,3,834.59,2503.77
2023-10-31,PROD_016,Trek Marlin 7,Outdoor,Bicicleta Montaña,830,True,3,850.65,2551.95
2023-11-01,PROD_016,Trek Marlin 7,Outdoor,Bicicleta Montaña,830,True,3,822.22,2466.66
2023-11-02,PROD_016,Trek Marlin 7,Outdoor,Bicicleta Montaña,830,True,4,847.95,3391.8
2023-11-03,PROD_016,Trek Marlin 7,Outdoor,Bicicleta Montaña,830,True,3,840.39,2521.17
2023-11-04,PROD_016,Trek Marlin 7,Outdoor,Bicicleta Montaña,830,True,5,810.52,4052.6
2023-11-05,PROD_016,Trek Marlin 7,Outdoor,Bicicleta Montaña,830,True,3,828.42,2485.26
2023-11-06,PROD_016,Trek Marlin 7,Outdoor,Bicicleta Montaña,830,True,5,811.77,4058.85
2023-11-07,PROD_016,Trek Marlin 7,Outdoor,Bicicleta Montaña,830,True,3,854.15,2562.45
2023-11-08,PROD_016,Trek Marlin 7,Outdoor,Bicicleta Montaña,830,True,4,810.61,3242.44
2023-11-09,PROD_016,Trek Marlin 7,Outdoor,Bicicleta Montaña,830,True,3,847.3,2541.9
2023-11-10,PROD_016,Trek Marlin 7,Outdoor,Bicicleta Montaña,830,True,5,816.0,4080.0
2023-11-11,PROD_016,Trek Marlin 7,Outdoor,Bicicleta Montaña,830,True,4,809.49,3237.96
2023-11-12,PROD_016,Trek Marlin 7,Outdoor,Bicicleta Montaña,830,True,4,821.77,3287.08
2023-11-13,PROD_016,Trek Marlin 7,Outdoor,Bicicleta Montaña,830,True,3,810.37,2431.11
2023-11-14,PROD_016,Trek Marlin 7,Outdoor,Bicicleta Montaña,830,True,3,816.08,2448.24
2023-11-15,PROD_016,Trek Marlin 7,Outdoor,Bicicleta Montaña,830,True,4,832.07,3328.28
2023-11-16,PROD_016,Trek Marlin 7,Outdoor,Bicicleta Montaña,830,True,5,822.99,4114.95
2023-11-17,PROD_016,Trek Marlin 7,Outdoor,Bicicleta Montaña,830,True,5,805.37,4026.85
2023-11-18,PROD_016,Trek Marlin 7,Outdoor,Bicicleta Montaña,830,True,3,852.07,2556.21
2023-11-19,PROD_016,Trek Marlin 7,Outdoor,Bicicleta Montaña,830,True,4,810.22,3240.88
2023-11-20,PROD_016,Trek Marlin 7,Outdoor,Bicicleta Montaña,830,True,4,807.86,3231.44
2023-11-21,PROD_016,Trek Marlin 7,Outdoor,Bicicleta Montaña,830,True,4,821.69,3286.76
2023-11-22,PROD_016,Trek Marlin 7,Outdoor,Bicicleta Montaña,830,True,4,806.03,3224.12
2023-11-23,PROD_016,Trek Marlin 7,Outdoor,Bicicleta Montaña,830,True,4,832.39,3329.56
2023-11-24,PROD_016,Trek Marlin 7,Outdoor,Bicicleta Montaña,830,True,13,747.0,9711.0
2023-11-25,PROD_016,Trek Marlin 7,Outdoor,Bicicleta Montaña,830,True,14,763.6,10690.4
2023-11-26,PROD_016,Trek Marlin 7,Outdoor,Bicicleta Montaña,830,True,14,763.6,10690.4
2023-11-27,PROD_016,Trek Marlin 7,Outdoor,Bicicleta Montaña,830,True,12,747.0,8964.0
2023-11-28,PROD_016,Trek Marlin 7,Outdoor,Bicicleta Montaña,830,True,8,788.5,6308.0
2023-11-29,PROD_016,Trek Marlin 7,Outdoor,Bicicleta Montaña,830,True,8,788.5,6308.0
2023-11-30,PROD_016,Trek Marlin 7,Outdoor,Bicicleta Montaña,830,True,2,852.26,1704.52
2024-10-25,PROD_016,Trek Marlin 7,Outdoor,Bicicleta Montaña,830,True,3,854.22,2562.66
2024-10-26,PROD_016,Trek Marlin 7,Outdoor,Bicicleta Montaña,830,True,4,835.22,3340.88
2024-10-27,PROD_016,Trek Marlin 7,Outdoor,Bicicleta Montaña,830,True,3,809.74,2429.22
2024-10-28,PROD_016,Trek Marlin 7,Outdoor,Bicicleta Montaña,830,True,3,847.94,2543.82
2024-10-29,PROD_016,Trek Marlin 7,Outdoor,Bicicleta Montaña,830,True,4,828.72,3314.88
2024-10-30,PROD_016,Trek Marlin 7,Outdoor,Bicicleta Montaña,830,True,3,828.34,2485.02
2024-10-31,PROD_016,Trek Marlin 7,Outdoor,Bicicleta Montaña,830,True,4,837.3,3349.2
2024-11-01,PROD_016,Trek Marlin 7,Outdoor,Bicicleta Montaña,830,True,4,845.85,3383.4
2024-11-02,PROD_016,Trek Marlin 7,Outdoor,Bicicleta Montaña,830,True,5,829.91,4149.55
2024-11-03,PROD_016,Trek Marlin 7,Outdoor,Bicicleta Montaña,830,True,5,847.73,4238.65
2024-11-04,PROD_016,Trek Marlin 7,Outdoor,Bicicleta Montaña,830,True,4,826.56,3306.24
2024-11-05,PROD_016,Trek Marlin 7,Outdoor,Bicicleta Montaña,830,True,4,833.01,3332.04
2024-11-06,PROD_016,Trek Marlin 7,Outdoor,Bicicleta Montaña,830,True,4,809.05,3236.2
2024-11-07,PROD_016,Trek Marlin 7,Outdoor,Bicicleta Montaña,830,True,4,807.02,3228.08
2024-11-08,PROD_016,Trek Marlin 7,Outdoor,Bicicleta Montaña,830,True,4,838.3,3353.2
2024-11-09,PROD_016,Trek Marlin 7,Outdoor,Bicicleta Montaña,830,True,5,818.48,4092.4
2024-11-10,PROD_016,Trek Marlin 7,Outdoor,Bicicleta Montaña,830,True,4,830.13,3320.52
2024-11-11,PROD_016,Trek Marlin 7,Outdoor,Bicicleta Montaña,830,True,4,843.41,3373.64
2024-11-12,PROD_016,Trek Marlin 7,Outdoor,Bicicleta Montaña,830,True,3,832.18,2496.54
2024-11-13,PROD_016,Trek Marlin 7,Outdoor,Bicicleta Montaña,830,True,4,834.42,3337.68
2024-11-14,PROD_016,Trek Marlin 7,Outdoor,Bicicleta Montaña,830,True,3,841.73,2525.19
2024-11-15,PROD_016,Trek Marlin 7,Outdoor,Bicicleta Montaña,830,True,4,826.64,3306.56
2024-11-16,PROD_016,Trek Marlin 7,Outdoor,Bicicleta Montaña,830,True,5,817.69,4088.45
2024-11-17,PROD_016,Trek Marlin 7,Outdoor,Bicicleta Montaña,830,True,3,825.04,2475.12
2024-11-18,PROD_016,Trek Marlin 7,Outdoor,Bicicleta Montaña,830,True,4,809.36,3237.44
2024-11-19,PROD_016,Trek Marlin 7,Outdoor,Bicicleta Montaña,830,True,5,843.69,4218.45
2024-11-20,PROD_016,Trek Marlin 7,Outdoor,Bicicleta Montaña,830,True,4,812.01,3248.04
2024-11-21,PROD_016,Trek Marlin 7,Outdoor,Bicicleta Montaña,830,True,4,833.25,3333.0
2024-11-22,PROD_016,Trek Marlin 7,Outdoor,Bicicleta Montaña,830,True,5,810.69,4053.45
2024-11-23,PROD_016,Trek Marlin 7,Outdoor,Bicicleta Montaña,830,True,6,839.89,5039.34
2024-11-24,PROD_016,Trek Marlin 7,Outdoor,Bicicleta Montaña,830,True,4,852.26,3409.04
2024-11-25,PROD_016,Trek Marlin 7,Outdoor,Bicicleta Montaña,830,True,4,826.16,3304.64
2024-11-26,PROD_016,Trek Marlin 7,Outdoor,Bicicleta Montaña,830,True,4,852.11,3408.44
2024-11-27,PROD_016,Trek Marlin 7,Outdoor,Bicicleta Montaña,830,True,4,806.46,3225.84
2024-11-28,PROD_016,Trek Marlin 7,Outdoor,Bicicleta Montaña,830,True,5,819.83,4099.15
2024-11-29,PROD_016,Trek Marlin 7,Outdoor,Bicicleta Montaña,830,True,16,747.0,11952.0
2024-11-30,PROD_016,Trek Marlin 7,Outdoor,Bicicleta Montaña,830,True,18,763.6,13744.8
