Data_Practica/data/raw/entrenamiento/ventas.csv
fecha,producto_id,nombre,categoria,subcategoria,precio_base,es_estrella,unidades_vendidas,precio_venta,ingresos
2021-10-25,PROD_017,The North Face Borealis,Outdoor,Mochila Trekking,95,False,1,96.56,96.56
2021-10-26,PROD_017,The North Face Borealis,Outdoor,Mochila Trekking,95,False,2,97.1,194.2
2021-10-27,PROD_017,The North Face Borealis,Outdoor,Mochila Trekking,95,False,1,95.68,95.68
2021-10-28,PROD_017,The North Face Borealis,Outdoor,Mochila Trekking,95,False,2,92.4,184.8
2021-10-29,PROD_017,The North Face Borealis,Outdoor,Mochila Trekking,95,False,2,93.71,187.42
2021-10-30,PROD_017,The North Face Borealis,Outdoor,Mochila Trekking,95,False,2,92.36,184.72
2021-10-31,PROD_017,The North Face Borealis,Outdoor,Mochila Trekking,95,False,2,95.8,191.6
2021-11-01,PROD_017,The North Face Borealis,Outdoor,Mochila Trekking,95,False,1,96.35,96.35
2021-11-02,PROD_017,The North Face Borealis,Outdoor,Mochila Trekking,95,False,2,95.82,191.64
2021-11-03,PROD_017,The North Face Borealis,Outdoor,Mochila Trekking,95,False,3,96.33,288.99
2021-11-04,PROD_017,The North Face Borealis,Outdoor,Mochila Trekking,95,False,2,95.46,190.92
2021-11-05,PROD_017,The North Face Borealis,Outdoor,Mochila Trekking,95,False,2,92.91,185.82
2021-11-06,PROD_017,The North Face Borealis,Outdoor,Mochila Trekking,95,False,3,97.0,291.0
2021-11-07,PROD_017,The North Face Borealis,Outdoor,Mochila Trekking,95,False,2,93.31,186.62
2021-11-08,PROD_017,The North Face Borealis,Outdoor,Mochila Trekking,95,False,2,94.84,189.68
2021-11-09,PROD_017,The North Face Borealis,Outdoor,Mochila Trekking,95,False,2,95.27,190.54
2021-11-10,PROD_017,The North Face Borealis,Outdoor,Mochila Trekking,95,False,2,93.96,187.92
2021-11-11,PROD_017,The North Face Borealis,Outdoor,Mochila Trekking,95,False,2,97.81,195.62
2021-11-12,PROD_017,The North Face Borealis,Outdoor,Mochila Trekking,95,False,2,95.87,191.74
2021-11-13,PROD_017,The North Face Borealis,Outdoor,Mochila Trekking,95,False,2,96.46,192.92
2021-11-14,PROD_017,The North Face Borealis,Outdoor,Mochila Trekking,95,False,2,92.89,185.78
2021-11-15,PROD_017,The North Face Borealis,Outdoor,Mochila Trekking,95,False,2,96.36,192.72
2021-11-16,PROD_017,The North Face Borealis,Outdoor,Mochila Trekking,95,False,3,95.02,285.06
2021-11-17,PROD_017,The North Face Borealis,Outdoor,Mochila Trekking,95,False,2,96.61,193.22
2021-11-18,PROD_017,The North Face Borealis,Outdoor,Mochila Trekking,95,False,2,95.18,190.36
2021-11-19,PROD_017,The North Face Borealis,Outdoor,Mochila Trekking,95,False,2,96.77,193.54
2021-11-20,PROD_017,The North Face Borealis,Outdoor,Mochila Trekking,95,False,3,96.47,289.41
2021-11-21,PROD_017,The North Face Borealis,Outdoor,Mochila Trekking,95,False,2,92.36,184.72
2021-11-22,PROD_017,The North Face Borealis,Outdoor,Mochila Trekking,95,False,2,93.46,186.92
2021-11-23,PROD_017,The North Face Borealis,Outdoor,Mochila Trekking,95,False,2,97.55,195.1
2021-11-24,PROD_017,The North Face Borealis,Outdoor,Mochila Trekking,95,False,3,92.47,277.41
2021-11-25,PROD_017,The North Face Borealis,Outdoor,Mochila Trekking,95,False,2,97.55,195.1
2021-11-26,PROD_017,The North Face Borealis,Outdoor,Mochila Trekking,95,False,9,85.5,769.5
2021-11-27,PROD_017,The North Face Borealis,Outdoor,Mochila Trekking,95,False,9,87.4,786.6
2021-11-28,PROD_017,The North Face Borealis,Outdoor,Mochila Trekking,95,False,9,87.4,786.6
2021-11-29,PROD_017,The North Face Borealis,Outdoor,Mochila Trekking,95,False,9,85.5,769.5
2021-11-30,PROD_017,The North Face Borealis,Outdoor,Mochila Trekking,95,False,7,90.25,631.75
2022-10-25,PROD_017,The North Face Borealis,Outdoor,Mochila Trekking,95,False,2,96.22,192.44
2022-10-26,PROD_017,The North Face Borealis,Outdoor,Mochila Trekking,95,False,2,96.72,193.44
2022-10-27,PROD_017,The North Face Borealis,Outdoor,Mochila Trekking,95,False,2,97.83,195.66
2022-10-28,PROD_017,The North Face Borealis,Outdoor,Mochila Trekking,95,False,2,93.08,186.16
2022-10-29,PROD_017,The North Face Borealis,Outdoor,Mochila Trekking,95,False,3,93.09,279.27
2022-10-30,PROD_017,The North Face Borealis,Outdoor,Mochila Trekking,95,False,2,96.11,192.22
2022-10-31,PROD_017,The North Face Borealis,Outdoor,Mochila Trekking,95,False,2,96.08,192.16
2022-11-01,PROD_017,The North Face Borealis,Outdoor,Mochila Trekking,95,False,2,97.11,194.22
2022-11-02,PROD_017,The North Face Borealis,Outdoor,Mochila Trekking,95,False,2,92.58,185.16
2022-11-03,PROD_017,The North Face Borealis,Outdoor,Mochila Trekking,95,False,2,94.4,188.8
2022-11-04,PROD_017,The North Face Borealis,Outdoor,Mochila Trekking,95,False,3,94.99,284.97
2022-11-05,PROD_017,The North Face Borealis,Outdoor,Mochila Trekking,95,False,3,97.54,292.62
2022-11-06,PROD_017,The North Face Borealis,Outdoor,Mochila Trekking,95,False,3,96.7,290.1
2022-11-07,PROD_017,The North Face Borealis,Outdoor,Mochila Trekking,95,False,2,94.09,188.18
2022-11-08,PROD_017,The North Face Borealis,Outdoor,Mochila Trekking,95,False,2,95.45,190.9
2022-11-09,PROD_017,The North Face Borealis,Outdoor,Mochila Trekking,95,False,3,96.3,288.9
2022-11-10,PROD_017,The North Face Borealis,Outdoor,Mochila Trekking,95,False,2,95.87,191.74
2022-11-11,PROD_017,The North Face Borealis,Outdoor,Mochila Trekking,95,False,2,95.56,191.12
2022-11-12,PROD_017,The North Face Borealis,Outdoor,Mochila Trekking,95,False,3,95.13,285.39
2022-11-13,PROD_017,The North Face Borealis,Outdoor,Mochila Trekking,95,False,2,95.62,191.24
2022-11-14,PROD_017,The North Face Borealis,Outdoor,Mochila Trekking,95,False,3,92.79,278.37
2022-11-15,PROD_017,The North Face Borealis,Outdoor,Mochila Trekking,95,False,2,95.54,191.08
2022-11-16,PROD_017,The North Face Borealis,Outdoor,Mochila Trekking,95,False,2,96.97,193.94
2022-11-17,PROD_017,The North Face Borealis,Outdoor,Mochila Trekking,95,False,2,92.55,185.1
2022-11-18,PROD_017,The North Face Borealis,Outdoor,Mochila Trekking,95,False,3,97.05,291.15
2022-11-19,PROD_017,The North Face Borealis,Outdoor,Mochila Trekking,95,False,3,92.44,277.32
2022-11-20,PROD_017,The North Face Borealis,Outdoor,Mochila Trekking,95,False,3,97.74,293.22
2022-11-21,PROD_017,The North Face Borealis,Outdoor,Mochila Trekking,95,False,2,97.25,194.5
2022-11-22,PROD_017,The North Face Borealis,Outdoor,Mochila Trekking,95,False,3,97.32,291.96
2022-11-23,PROD_017,The North Face Borealis,Outdoor,Mochila Trekking,95,False,4,94.6,378.4
2022-11-24,PROD_017,The North Face Borealis,Outdoor,Mochila Trekking,95,False,2,97.52,195.04
2022-11-25,PROD_017,The North Face Borealis,Outdoor,Mochila Trekking,95,False,10,85.5,855.0
2022-11-26,PROD_017,The North Face Borealis,Outdoor,Mochila Trekking,95,False,10,87.4,874.0
2022-11-27,PROD_017,The North Face Borealis,Outdoor,Mochila Trekking,95,False,10,87.4,874.0
2022-11-28,PROD_017,The North Face Borealis,Outdoor,Mochila Trekking,95,False,9,85.5,769.5
2022-11-29,PROD_017,The North Face Borealis,Outdoor,Mochila Trekking,95,False,5,90.25,451.25
2022-11-30,PROD_017,The North Face Borealis,Outdoor,Mochila Trekking,95,False,6,90.25,541.5
2023-10-25,PROD_017,The North Face Borealis,Outdoor,Mochila Trekking,95,False,3,93.86,281.58
2023-10-26,PROD_017,The North Face Borealis,Outdoor,Mochila Trekking,95,False,2,93.51,187.02
2023-10-27,PROD_017,The North Face Borealis,Outdoor,Mochila Trekking,95,False,2,97.58,195.16
2023-10-28,PROD_017,The North Face Borealis,Outdoor,Mochila Trekking,95,False,3,95.94,287.82
2023-10-29,PROD_017,The North Face Borealis,Outdoor,Mochila Trekking,95,False,2,96.7,193.4
2023-10-30,PROD_017,The North Face Borealis,Outdoor,Mochila Trekking,95,False,2,97.6,195.2
2023-10-31,PROD_017,The North Face Borealis,Outdoor,Mochila Trekking,95,False,2,95.28,190.56
2023-11-01,PROD_017,The North Face Borealis,Outdoor,Mochila Trekking,95,False,2,95.79,191.58
2023-11-02,PROD_017,The North Face Borealis,Outdoor,Mochila Trekking,95,False,2,96.94,193.88
2023-11-03,PROD_017,The North Face Borealis,Outdoor,Mochila Trekking,95,False,2,95.48,190.96
2023-11-04,PROD_017,The North Face Borealis,Outdoor,Mochila Trekking,95,False,4,97.54,390.16
2023-11-05,PROD_017,The North Face Borealis,Outdoor,Mochila Trekking,95,False,2,96.72,193.44
2023-11-06,PROD_017,The North Face Borealis,Outdoor,Mochila Trekking,95,False,2,93.66,187.32
2023-11-07,PROD_017,The North Face Borealis,Outdoor,Mochila Trekking,95,False,2,96.85,193.7
2023-11-08,PROD_017,The North Face Borealis,Outdoor,Mochila Trekking,95,False,2,97.56,195.12
2023-11-09,PROD_017,The North Face Borealis,Outdoor,Mochila Trekking,95,False,2,94.24,188.48
2023-11-10,PROD_017,The North Face Borealis,Outdoor,Mochila Trekking,95,False,3,94.48,283.44
2023-11-11,PROD_017,The North Face Borealis,Outdoor,Mochila Trekking,95,False,3,92.69,278.07
2023-11-12,PROD_017,The North Face Borealis,Outdoor,Mochila Trekking,95,False,2,96.63,193.26
2023-11-13,PROD_017,The North Face Borealis,Outdoor,Mochila Trekking,95,False,3,95.4,286.2
2023-11-14,PROD_017,The North Face Borealis,Outdoor,Mochila Trekking,95,False,2,92.32,184.64
2023-11-15,PROD_017,The North Face Borealis,Outdoor,Mochila Trekking,95,False,3,97.04,291.12
2023-11-16,PROD_017,The North Face Borealis,Outdoor,Mochila Trekking,95,False,2,95.38,190.76
2023-11-17,PROD_017,The North Face Borealis,Outdoor,Mochila Trekking,95,False,3,94.87,284.61
2023-11-18,PROD_017,The North Face Borealis,Outdoor,Mochila Trekking,95,False,3,92.91,278.73
2023-11-19,PROD_017,The North Face Borealis,Outdoor,Mochila Trekking,95,False,3,93.92,281.76
2023-11-20,PROD_017,The North Face Borealis,Outdoor,Mochila Trekking,95,False,2,93.85,187.7
2023-11-21,PROD_017,The North Face Borealis,Outdoor,Mochila Trekking,95,False,3,96.74,290.22
2023-11-22,PROD_017,The North Face Borealis,Outdoor,Mochila Trekking,95,False,3,96.59,289.77
2023-11-23,PROD_017,The North Face Borealis,Outdoor,Mochila Trekking,95,False,3,93.04,279.12
2023-11-24,PROD_017,The North Face Borealis,Outdoor,Mochila Trekking,95,False,13,85.5,1111.5
2023-11-25,PROD_017,The North Face Borealis,Outdoor,Mochila Trekking,95,False,12,87.4,1048.8
2023-11-26,PROD_017,The North Face Borealis,Outdoor,Mochila Trekking,95,False,11,87.4,961.4
2023-11-27,PROD_017,The North Face Borealis,Outdoor,Mochila Trekking,95,False,9,85.5,769.5
2023-11-28,PROD_017,The North Face Borealis,Outdoor,Mochila Trekking,95,False,5,90.25,451.25
2023-11-29,PROD_017,The North Face Borealis,Outdoor,Mochila Trekking,95,False,4,90.25,361.0
2023-11-30,PROD_017,The North Face Borealis,Outdoor,Mochila Trekking,95,False,2,95.57,191.14
2024-10-25,PROD_017,The North Face Borealis,Outdoor,Mochila Trekking,95,False,2,92.32,184.64
2024-10-26,PROD_017,The North Face Borealis,Outdoor,Mochila Trekking,95,False,3,95.1,285.3
2024-10-27,PROD_017,The North Face Borealis,Outdoor,Mochila Trekking,95,False,2,96.83,193.66
2024-10-28,PROD_017,The North Face Borealis,Outdoor,Mochila Trekking,95,False,2,93.03,186.06
2024-10-29,PROD_017,The North Face Borealis,Outdoor,Mochila Trekking,95,False,2,93.38,186.76
2024-10-30,PROD_017,The North Face Borealis,Outdoor,Mochila Trekking,95,False,2,95.35,190.7
2024-10-31,PROD_017,The North Face Borealis,Outdoor,Mochila Trekking,95,False,2,93.88,187.76
2024-11-01,PROD_017,The North Face Borealis,Outdoor,Mochila Trekking,95,False,2,93.89,187.78
2024-11-02,PROD_017,The North Face Borealis,Outdoor,Mochila Trekking,95,False,3,96.57,289.71
2024-11-03,PROD_017,The North Face Borealis,Outdoor,Mochila Trekking,95,False,4,92.23,368.92
2024-11-04,PROD_017,The North Face Borealis,Outdoor,Mochila Trekking,95,False,2,94.53,189.06
2024-11-05,PROD_017,The North Face Borealis,Outdoor,Mochila Trekking,95,False,2,94.67,189.34
2024-11-06,PROD_017,The North Face Borealis,Outdoor,Mochila Trekking,95,False,3,96.54,289.62
2024-11-07,PROD_017,The North Face Borealis,Outdoor,Mochila Trekking,95,False,3,94.05,282.15
2024-11-08,PROD_017,The North Face Borealis,Outdoor,Mochila Trekking,95,False,2,95.3,190.6
2024-11-09,PROD_017,The North Face Borealis,Outdoor,Mochila Trekking,95,False,3,94.65,283.95
2024-11-10,PROD_017,The North Face Borealis,Outdoor,Mochila Trekking,95,False,3,94.89,284.67
2024-11-11,PROD_017,The North Face Borealis,Outdoor,Mochila Trekking,95,False,2,94.26,188.52
2024-11-12,PROD_017,The North Face Borealis,Outdoor,Mochila Trekking,95,False,3,95.2,285.6
2024-11-13,PROD_017,The North Face Borealis,Outdoor,Mochila Trekking,95,False,2,96.93,193.86
2024-11-14,PROD_017,The North Face Borealis,Outdoor,Mochila Trekking,95,False,2,92.88,185.76
2024-11-15,PROD_017,The North Face Borealis,Outdoor,Mochila Trekking,95,False,3,95.91,287.73
2024-11-16,PROD_017,The North Face Borealis,Outdoor,Mochila Trekking,95,False,4,97.7,390.8
2024-11-17,PROD_017,The North Face Borealis,Outdoor,Mochila Trekking,95,False,3,93.84,281.52
2024-11-18,PROD_017,The North Face Borealis,Outdoor,Mochila Trekking,95,False,3,95.8,287.4
2024-11-19,PROD_017,The North Face Borealis,Outdoor,Mochila Trekking,95,False,3,92.68,278.04
2024-11-20,PROD_017,The North Face Borealis,Outdoor,Mochila Trekking,95,False,2,96.82,193.64
2024-11-21,PROD_017,The North Face Borealis,Outdoor,Mochila Trekking,95,False,2,93.97,187.94
2024-11-22,PROD_017,The North Face Borealis,Outdoor,Mochila Trekking,95,False,3,94.35,283.05
2024-11-23,PROD_017,The North Face Borealis,Outdoor,Mochila Trekking,95,False,3,94.52,283.56
2024-11-24,PROD_017,The North Face Borealis,Outdoor,Mochila Trekking,95,False,4,97.69,390.76
2024-11-25,PROD_017,The North Face Borealis,Outdoor,Mochila Trekking,95,False,3,93.78,281.34
2024-11-26,PROD_017,The North Face Borealis,Outdoor,Mochila Trekking,95,False,3,97.66,292.98
2024-11-27,PROD_017,The North Face Borealis,Outdoor,Mochila Trekking,95,False,3,95.69,287.07
2024-11-28,PROD_017,The North Face Borealis,Outdoor,Mochila Trekking,95,False,3,97.14,291.42
2024-11-29,PROD_017,The North Face Borealis,Outdoor,Mochila Trekking,95,False,13,85.5,1111.5
2024-11-30,PROD_017,The North Face Borealis,Outdoor,Mochila Trekking,95,False,15,87.4,1311.0
