Data_Practica/data/raw/entrenamiento/ventas.csv
fecha,producto_id,nombre,categoria,subcategoria,precio_base,es_estrella,unidades_vendidas,precio_venta,ingresos
2021-10-25,PROD_018,Columbia Silver Ridge,Outdoor,Ropa Montaña,70,False,2,68.21,136.42
2021-10-26,PROD_018,Columbia Silver Ridge,Outdoor,Ropa Montaña,70,False,1,71.42,71.42
2021-10-27,PROD_018,Columbia Silver Ridge,Outdoor,Ropa Montaña,70,False,1,71.53,71.53
2021-10-28,PROD_018,Columbia Silver Ridge,Outdoor,Ropa Montaña,70,False,2,70.43,140.86
2021-10-29,PROD_018,Columbia Silver Ridge,Outdoor,Ropa Montaña,70,False,2,69.39,138.78
2021-10-30,PROD_018,Columbia Silver Ridge,Outdoor,Ropa Montaña,70,False,2,69.41,138.82
2021-10-31,PROD_018,Columbia Silver Ridge,Outdoor,Ropa Montaña,70,False,2,70.63,141.26
2021-11-01,PROD_018,Columbia Silver Ridge,Outdoor,Ropa Montaña,70,False,2,69.56,139.12
2021-11-02,PROD_018,Columbia Silver Ridge,Outdoor,Ropa Montaña,70,False,2,71.97,143.94
2021-11-03,PROD_018,Columbia Silver Ridge,Outdoor,Ropa Montaña,70,False,2,70.04,140.08
2021-11-04,PROD_018,Columbia Silver Ridge,Outdoor,Ropa Montaña,70,False,2,70.43,140.86
2021-11-05,PROD_018,Columbia Silver Ridge,Outdoor,Ropa Montaña,70,False,2,69.99,139.98
2021-11-06,PROD_018,Columbia Silver Ridge,Outdoor,Ropa Montaña,70,False,3,68.38,205.14
2021-11-07,PROD_018,Columbia Silver Ridge,Outdoor,Ropa Montaña,70,False,2,71.23,142.46
2021-11-08,PROD_018,Columbia Silver Ridge,Outdoor,Ropa Montaña,70,False,2,69.4,138.8
2021-11-09,PROD_018,Columbia Silver Ridge,Outdoor,Ropa Montaña,70,False,2,68.37,136.74
2021-11-10,PROD_018,Columbia Silver Ridge,Outdoor,Ropa Montaña,70,False,2,70.43,140.86
2021-11-11,PROD_018,Columbia Silver Ridge,Outdoor,Ropa Montaña,70,False,2,69.56,139.12
2021-11-12,PROD_018,Columbia Silver Ridge,Outdoor,Ropa Montaña,70,False,2,69.71,139.42
2021-11-13,PROD_018,Columbia Silver Ridge,Outdoor,Ropa Montaña,70,False,2,71.68,143.36
2021-11-14,PROD_018,Columbia Silver Ridge,Outdoor,Ropa Montaña,70,False,2,71.24,142.48
2021-11-15,PROD_018,Columbia Silver Ridge,Outdoor,Ropa Montaña,70,False,2,68.5,137.0
2021-11-16,PROD_018,Columbia Silver Ridge,Outdoor,Ropa Montaña,70,False,2,70.52,141.04
2021-11-17,PROD_018,Columbia Silver Ridge,Outdoor,Ropa Montaña,70,False,2,69.41,138.82
2021-11-18,PROD_018,Columbia Silver Ridge,Outdoor,Ropa Montaña,70,False,2,69.85,139.7
2021-11-19,PROD_018,Columbia Silver Ridge,Outdoor,Ropa Montaña,70,False,2,70.73,141.46
2021-11-20,PROD_018,Columbia Silver Ridge,Outdoor,Ropa Montaña,70,False,2,70.92,141.84
2021-11-21,PROD_018,Columbia Silver Ridge,Outdoor,Ropa Montaña,70,False,2,69.09,138.18
2021-11-22,PROD_018,Columbia Silver Ridge,Outdoor,Ropa Montaña,70,False,2,71.46,142.92
2021-11-23,PROD_018,Columbia Silver Ridge,Outdoor,Ropa Montaña,70,False,2,68.58,137.16
2021-11-24,PROD_018,Columbia Silver Ridge,Outdoor,Ropa Montaña,70,False,2,70.6,141.2
2021-11-25,PROD_018,Columbia Silver Ridge,Outdoor,Ropa Montaña,70,False,2,70.37,140.74
2021-11-26,PROD_018,Columbia Silver Ridge,Outdoor,Ropa Montaña,70,False,8,63.0,504.0
2021-11-27,PROD_018,Columbia Silver Ridge,Outdoor,Ropa Montaña,70,False,8,64.4,515.2
2021-11-28,PROD_018,Columbia Silver Ridge,Outdoor,Ropa Montaña,70,False,8,64.4,515.2
2021-11-29,PROD_018,Columbia Silver Ridge,Outdoor,Ropa Montaña,70,False,11,63.0,693.0
2021-11-30,PROD_018,Columbia Silver Ridge,Outdoor,Ropa Montaña,70,False,5,66.5,332.5
2022-10-25,PROD_018,Columbia Silver Ridge,Outdoor,Ropa Montaña,70,False,2,68.9,137.8
2022-10-26,PROD_018,Columbia Silver Ridge,Outdoor,Ropa Montaña,70,False,2,70.63,141.26
2022-10-27,PROD_018,Columbia Silver Ridge,Outdoor,Ropa Montaña,70,False,2,71.13,142.26
2022-10-28,PROD_018,Columbia Silver Ridge,Outdoor,Ropa Montaña,70,False,2,69.71,139.42
2022-10-29,PROD_018,Columbia Silver Ridge,Outdoor,Ropa Montaña,70,False,2,69.52,139.04
2022-10-30,PROD_018,Columbia Silver Ridge,Outdoor,Ropa Montaña,70,False,2,69.32,138.64
2022-10-31,PROD_018,Columbia Silver Ridge,Outdoor,Ropa Montaña,70,False,2,68.23,136.46
2022-11-01,PROD_018,Columbia Silver Ridge,Outdoor,Ropa Montaña,70,False,2,68.22,136.44
2022-11-02,PROD_018,Columbia Silver Ridge,Outdoor,Ropa Montaña,70,False,2,68.41,136.82
2022-11-03,PROD_018,Columbia Silver Ridge,Outdoor,Ropa Montaña,70,False,2,69.43,138.86
2022-11-04,PROD_018,Columbia Silver Ridge,Outdoor,Ropa Montaña,70,False,2,70.04,140.08
2022-11-05,PROD_018,Columbia Silver Ridge,Outdoor,Ropa Montaña,70,False,3,68.63,205.89
2022-11-06,PROD_018,Columbia Silver Ridge,Outdoor,Ropa Montaña,70,False,2,71.31,142.62
2022-11-07,PROD_018,Columbia Silver Ridge,Outdoor,Ropa Montaña,70,False,2,71.22,142.44
2022-11-08,PROD_018,Columbia Silver Ridge,Outdoor,Ropa Montaña,70,False,2,68.09,136.18
2022-11-09,PROD_018,Columbia Silver Ridge,Outdoor,Ropa Montaña,70,False,2,70.32,140.64
2022-11-10,PROD_018,Columbia Silver Ridge,Outdoor,Ropa Montaña,70,False,2,68.86,137.72
2022-11-11,PROD_018,Columbia Silver Ridge,Outdoor,Ropa Montaña,70,False,2,68.1,136.2
2022-11-12,PROD_018,Columbia Silver Ridge,Outdoor,Ropa Montaña,70,False,2,69.39,138.78
2022-11-13,PROD_018,Columbia Silver Ridge,Outdoor,Ropa Montaña,70,False,2,71.67,143.34
2022-11-14,PROD_018,Columbia Silver Ridge,Outdoor,Ropa Montaña,70,False,2,69.74,139.48
2022-11-15,PROD_018,Columbia Silver Ridge,Outdoor,Ropa Montaña,70,False,2,70.15,140.3
2022-11-16,PROD_018,Columbia Silver Ridge,Outdoor,Ropa Montaña,70,False,2,69.24,138.48
2022-11-17,PROD_018,Columbia Silver Ridge,Outdoor,Ropa Montaña,70,False,2,68.16,136.32
2022-11-18,PROD_018,Columbia Silver Ridge,Outdoor,Ropa Montaña,70,False,3,71.52,214.56
2022-11-19,PROD_018,Columbia Silver Ridge,Outdoor,Ropa Montaña,70,False,2,71.42,142.84
2022-11-20,PROD_018,Columbia Silver Ridge,Outdoor,Ropa Montaña,70,False,2,69.28,138.56
2022-11-21,PROD_018,Columbia Silver Ridge,Outdoor,Ropa Montaña,70,False,2,71.02,142.04
2022-11-22,PROD_018,Columbia Silver Ridge,Outdoor,Ropa Montaña,70,False,3,71.32,213.96
2022-11-23,PROD_018,Columbia Silver Ridge,Outdoor,Ropa Montaña,70,False,3,70.27,210.81
2022-11-24,PROD_018,Columbia Silver Ridge,Outdoor,Ropa Montaña,70,False,3,69.25,207.75
2022-11-25,PROD_018,Columbia Silver Ridge,Outdoor,Ropa Montaña,70,False,8,63.0,504.0
2022-11-26,PROD_018,Columbia Silver Ridge,Outdoor,Ropa Montaña,70,False,10,64.4,644.0
2022-11-27,PROD_018,Columbia Silver Ridge,Outdoor,Ropa Montaña,70,False,7,64.4,450.8
2022-11-28,PROD_018,Columbia Silver Ridge,Outdoor,Ropa Montaña,70,False,9,63.0,567.0
2022-11-29,PROD_018,Columbia Silver Ridge,Outdoor,Ropa Montaña,70,False,5,66.5,332.5
2022-11-30,PROD_018,Columbia Silver Ridge,Outdoor,Ropa Montaña,70,False,5,66.5,332.5
2023-10-25,PROD_018,Columbia Silver Ridge,Outdoor,Ropa Montaña,70,False,2,68.59,137.18
2023-10-26,PROD_018,Columbia Silver Ridge,Outdoor,Ropa Montaña,70,False,2,68.62,137.24
2023-10-27,PROD_018,Columbia Silver Ridge,Outdoor,Ropa Montaña,70,False,2,69.18,138.36
2023-10-28,PROD_018,Columbia Silver Ridge,Outdoor,Ropa Montaña,70,False,2,69.81,139.62
2023-10-29,PROD_018,Columbia Silver Ridge,Outdoor,Ropa Montaña,70,False,2,69.93,139.86
2023-10-30,PROD_018,Columbia Silver Ridge,Outdoor,Ropa Montaña,70,False,2,68.48,136.96
2023-10-31,PROD_018,Columbia Silver Ridge,Outdoor,Ropa Montaña,70,False,2,69.26,138.52
2023-11-01,PROD_018,Columbia Silver Ridge,Outdoor,Ropa Montaña,70,False,2,69.16,138.32
2023-11-02,PROD_018,Columbia Silver Ridge,Outdoor,Ropa Montaña,70,False,3,69.05,207.15
2023-11-03,PROD_018,Columbia Silver Ridge,Outdoor,Ropa Montaña,70,False,3,71.4,214.2
2023-11-04,PROD_018,Columbia Silver Ridge,Outdoor,Ropa Montaña,70,False,3,68.05,204.15
2023-11-05,PROD_018,Columbia Silver Ridge,Outdoor,Ropa Montaña,70,False,2,72.08,144.16
2023-11-06,PROD_018,Columbia Silver Ridge,Outdoor,Ropa Montaña,70,False,2,68.97,137.94
2023-11-07,PROD_018,Columbia Silver Ridge,Outdoor,Ropa Montaña,70,False,2,68.21,136.42
2023-11-08,PROD_018,Columbia Silver Ridge,Outdoor,Ropa Montaña,70,False,2,68.16,136.32
2023-11-09,PROD_018,Columbia Silver Ridge,Outdoor,Ropa Montaña,70,False,2,68.07,136.14
2023-11-10,PROD_018,Columbia Silver Ridge,Outdoor,Ropa Montaña,70,False,3,69.16,207.48
2023-11-11,PROD_018,Columbia Silver Ridge,Outdoor,Ropa Montaña,70,False,3,70.75,212.25
2023-11-12,PROD_018,Columbia Silver Ridge,Outdoor,Ropa Montaña,70,False,3,71.33,213.99
2023-11-13,PROD_018,Columbia Silver Ridge,Outdoor,Ropa Montaña,70,False,2,70.53,141.06
2023-11-14,PROD_018,Columbia Silver Ridge,Outdoor,Ropa Montaña,70,False,2,72.03,144.06
2023-11-15,PROD_018,Columbia Silver Ridge,Outdoor,Ropa Montaña,70,False,2,69.43,138.86
2023-11-16,PROD_018,Columbia Silver Ridge,Outdoor,Ropa Montaña,70,False,2,68.61,137.22
2023-11-17,PROD_018,Columbia Silver Ridge,Outdoor,Ropa Montaña,70,False,3,68.56,205.68
2023-11-18,PROD_018,Columbia Silver Ridge,Outdoor,Ropa Montaña,70,False,3,70.11,210.33
2023-11-19,PROD_018,Columbia Silver Ridge,Outdoor,Ropa Montaña,70,False,2,68.63,137.26
2023-11-20,PROD_018,Columbia Silver Ridge,Outdoor,Ropa Montaña,70,False,2,70.53,141.06
2023-11-21,PROD_018,Columbia Silver Ridge,Outdoor,Ropa Montaña,70,False,3,71.87,215.61
2023-11-22,PROD_018,Columbia Silver Ridge,Outdoor,Ropa Montaña,70,False,3,72.09,216.27
2023-11-23,PROD_018,Columbia Silver Ridge,Outdoor,Ropa Montaña,70,False,3,70.55,211.65
2023-11-24,PROD_018,Columbia Silver Ridge,Outdoor,Ropa Montaña,70,False,12,63.0,756.0
2023-11-25,PROD_018,Columbia Silver Ridge,Outdoor,Ropa Montaña,70,False,14,64.4,901.6
2023-11-26,PROD_018,Columbia Silver Ridge,Outdoor,Ropa Montaña,70,False,8,64.4,515.2
2023-11-27,PROD_018,Columbia Silver Ridge,Outdoor,Ropa Montaña,70,False,8,63.0,504.0
2023-11-28,PROD_018,Columbia Silver Ridge,Outdoor,Ropa Montaña,70,False,4,66.5,266.0
2023-11-29,PROD_018,Columbia Silver Ridge,Outdoor,Ropa Montaña,70,False,5,66.5,332.5
2023-11-30,PROD_018,Columbia Silver Ridge,Outdoor,Ropa Montaña,70,False,2,69.22,138.44
2024-10-25,PROD_018,Columbia Silver Ridge,Outdoor,Ropa Montaña,70,False,3,71.71,215.13
2024-10-26,PROD_018,Columbia Silver Ridge,Outdoor,Ropa Montaña,70,False,2,67.93,135.86
2024-10-27,PROD_018,Columbia Silver Ridge,Outdoor,Ropa Montaña,70,False,2,70.58,141.16
2024-10-28,PROD_018,Columbia Silver Ridge,Outdoor,Ropa Montaña,70,False,2,68.28,136.56
2024-10-29,PROD_018,Columbia Silver Ridge,Outdoor,Ropa Montaña,70,False,2,68.68,137.36
2024-10-30,PROD_018,Columbia Silver Ridge,Outdoor,Ropa Montaña,70,False,2,68.11,136.22
2024-10-31,PROD_018,Columbia Silver Ridge,Outdoor,Ropa Montaña,70,False,2,70.04,140.08
2024-11-01,PROD_018,Columbia Silver Ridge,Outdoor,Ropa Montaña,70,False,2,69.35,138.7
2024-11-02,PROD_018,Columbia Silver Ridge,Outdoor,Ropa Montaña,70,False,3,68.17,204.51
2024-11-03,PROD_018,Columbia Silver Ridge,Outdoor,Ropa Montaña,70,False,2,68.38,136.76
2024-11-04,PROD_018,Columbia Silver Ridge,Outdoor,Ropa Montaña,70,False,2,69.49,138.98
2024-11-05,PROD_018,Columbia Silver Ridge,Outdoor,Ropa Montaña,70,False,2,70.9,141.8
2024-11-06,PROD_018,Columbia Silver Ridge,Outdoor,Ropa Montaña,70,False,2,71.41,142.82
2024-11-07,PROD_018,Columbia Silver Ridge,Outdoor,Ropa Montaña,70,False,2,69.07,138.14
2024-11-08,PROD_018,Columbia Silver Ridge,Outdoor,Ropa Montaña,70,False,2,69.04,138.08
2024-11-09,PROD_018,Columbia Silver Ridge,Outdoor,Ropa Montaña,70,False,2,71.09,142.18
2024-11-10,PROD_018,Columbia Silver Ridge,Outdoor,Ropa Montaña,70,False,3,72.07,216.21
2024-11-11,PROD_018,Columbia Silver Ridge,Outdoor,Ropa Montaña,70,False,2,67.9,135.8
2024-11-12,PROD_018,Columbia Silver Ridge,Outdoor,Ropa Montaña,70,False,2,68.62,137.24
2024-11-13,PROD_018,Columbia Silver Ridge,Outdoor,Ropa Montaña,70,False,2,69.37,138.74
2024-11-14,PROD_018,Columbia Silver Ridge,Outdoor,Ropa Montaña,70,False,2,69.96,139.92
2024-11-15,PROD_018,Columbia Silver Ridge,Outdoor,Ropa Montaña,70,False,3,71.89,215.67
2024-11-16,PROD_018,Columbia Silver Ridge,Outdoor,Ropa Montaña,70,False,3,69.08,207.24
2024-11-17,PROD_018,Columbia Silver Ridge,Outdoor,Ropa Montaña,70,False,3,68.56,205.68
2024-11-18,PROD_018,Columbia Silver Ridge,Outdoor,Ropa Montaña,70,False,2,68.03,136.06
2024-11-19,PROD_018,Columbia Silver Ridge,Outdoor,Ropa Montaña,70,False,2,70.37,140.74
2024-11-20,PROD_018,Columbia Silver Ridge,Outdoor,Ropa Montaña,70,False,2,70.6,141.2
2024-11-21,PROD_018,Columbia Silver Ridge,Outdoor,Ropa Montaña,70,False,2,70.71,141.42
2024-11-22,PROD_018,Columbia Silver Ridge,Outdoor,Ropa Montaña,70,False,3,69.89,209.67
2024-11-23,PROD_018,Columbia Silver Ridge,Outdoor,Ropa Montaña,70,False,3,71.28,213.84
2024-11-24,PROD_018,Columbia Silver Ridge,Outdoor,Ropa Montaña,70,False,3,70.34,211.02
2024-11-25,PROD_018,Columbia Silver Ridge,Outdoor,Ropa Montaña,70,False,2,71.26,142.52
2024-11-26,PROD_018,Columbia Silver Ridge,Outdoor,Ropa Montaña,70,False,3,70.16,210.48
2024-11-27,PROD_018,Columbia Silver Ridge,Outdoor,Ropa Montaña,70,False,3,70.52,211.56
2024-11-28,PROD_018,Columbia Silver Ridge,Outdoor,Ropa Montaña,70,False,3,71.84,215.52
2024-11-29,PROD_018,Columbia Silver Ridge,Outdoor,Ropa Montaña,70,False,12,63.0,756.0
2024-11-30,PROD_018,Columbia Silver Ridge,Outdoor,Ropa Montaña,70,False,11,64.4,708.4
