Data_Practica/data/raw/entrenamiento/ventas.csv
fecha,producto_id,nombre,categoria,subcategoria,precio_base,es_estrella,unidades_vendidas,precio_venta,ingresos
2021-10-25,PROD_019,Merrell Moab 2 GTX,Outdoor,Zapatillas Trail,110,False,1,107.82,107.82
2021-10-26,PROD_019,Merrell Moab 2 GTX,Outdoor,Zapatillas Trail,110,False,2,112.93,225.86
2021-10-27,PROD_019,Merrell Moab 2 GTX,Outdoor,Zapatillas Trail,110,False,2,110.13,220.26
2021-10-28,PROD_019,Merrell Moab 2 GTX,Outdoor,Zapatillas Trail,110,False,2,112.11,224.22
2021-10-29,PROD_019,Merrell Moab 2 GTX,Outdoor,Zapatillas Trail,110,False,2,107.16,214.32
2021-10-30,PROD_019,Merrell Moab 2 GTX,Outdoor,Zapatillas Trail,110,False,2,107.28,214.56
2021-10-31,PROD_019,Merrell Moab 2 GTX,Outdoor,Zapatillas Trail,110,False,2,107.7,215.4
2021-11-01,PROD_019,Merrell Moab 2 GTX,Outdoor,Zapatillas Trail,110,False,2,109.73,219.46
2021-11-02,PROD_019,Merrell Moab 2 GTX,Outdoor,Zapatillas Trail,110,False,2,111.97,223.94
2021-11-03,PROD_019,Merrell Moab 2 GTX,Outdoor,Zapatillas Trail,110,False,2,108.66,217.32
2021-11-04,PROD_019,Merrell Moab 2 GTX,Outdoor,Zapatillas Trail,110,False,2,111.16,222.32
2021-11-05,PROD_019,Merrell Moab 2 GTX,Outdoor,Zapatillas Trail,110,False,2,109.58,219.16
2021-11-06,PROD_019,Merrell Moab 2 GTX,Outdoor,Zapatillas Trail,110,False,2,112.38,224.76
2021-11-07,PROD_019,Merrell Moab 2 GTX,Outdoor,Zapatillas Trail,110,False,2,110.51,221.02
2021-11-08,PROD_019,Merrell Moab 2 GTX,Outdoor,Zapatillas Trail,110,False,2,109.96,219.92
2021-11-09,PROD_019,Merrell Moab 2 GTX,Outdoor,Zapatillas Trail,110,False,2,109.49,218.98
2021-11-10,PROD_019,Merrell Moab 2 GTX,Outdoor,Zapatillas Trail,110,False,2,112.59,225.18
2021-11-11,PROD_019,Merrell Moab 2 GTX,Outdoor,Zapatillas Trail,110,False,2,109.48,218.96
2021-11-12,PROD_019,Merrell Moab 2 GTX,Outdoor,Zapatillas Trail,110,False,2,111.14,222.28
2021-11-13,PROD_019,Merrell Moab 2 GTX,Outdoor,Zapatillas Trail,110,False,2,107.47,214.94
2021-11-14,PROD_019,Merrell Moab 2 GTX,Outdoor,Zapatillas Trail,110,False,2,108.52,217.04
2021-11-15,PROD_019,Merrell Moab 2 GTX,Outdoor,Zapatillas Trail,110,False,2,111.67,223.34
2021-11-16,PROD_019,Merrell Moab 2 GTX,Outdoor,Zapatillas Trail,110,False,2,107.17,214.34
2021-11-17,PROD_019,Merrell Moab 2 GTX,Outdoor,Zapatillas Trail,110,False,1,113.01,113.01
2021-11-18,PROD_019,Merrell Moab 2 GTX,Outdoor,Zapatillas Trail,110,False,2,113.06,226.12
2021-11-19,PROD_019,Merrell Moab 2 GTX,Outdoor,Zapatillas Trail,110,False,2,108.42,216.84
2021-11-20,PROD_019,Merrell Moab 2 GTX,Outdoor,Zapatillas Trail,110,False,3,108.33,324.99
2021-11-21,PROD_019,Merrell Moab 2 GTX,Outdoor,Zapatillas Trail,110,False,2,112.97,225.94
2021-11-22,PROD_019,Merrell Moab 2 GTX,Outdoor,Zapatillas Trail,110,False,2,109.49,218.98
2021-11-23,PROD_019,Merrell Moab 2 GTX,Outdoor,Zapatillas Trail,110,False,2,111.89,223.78
2021-11-24,PROD_019,Merrell Moab 2 GTX,Outdoor,Zapatillas Trail,110,False,2,111.13,222.26
2021-11-25,PROD_019,Merrell Moab 2 GTX,Outdoor,Zapatillas Trail,110,False,2,111.33,222.66
2021-11-26,PROD_019,Merrell Moab 2 GTX,Outdoor,Zapatillas Trail,110,False,9,99.0,891.0
2021-11-27,PROD_019,Merrell Moab 2 GTX,Outdoor,Zapatillas Trail,110,False,10,101.2,1012.0
2021-11-28,PROD_019,Merrell Moab 2 GTX,Outdoor,Zapatillas Trail,110,False,9,101.2,910.8
2021-11-29,PROD_019,Merrell Moab 2 GTX,Outdoor,Zapatillas Trail,110,False,8,99.0,792.0
2021-11-30,PROD_019,Merrell Moab 2 GTX,Outdoor,Zapatillas Trail,110,False,4,104.5,418.0
2022-10-25,PROD_019,Merrell Moab 2 GTX,Outdoor,Zapatillas Trail,110,False,2,112.47,224.94
2022-10-26,PROD_019,Merrell Moab 2 GTX,Outdoor,Zapatillas Trail,110,False,2,108.02,216.04
2022-10-27,PROD_019,Merrell Moab 2 GTX,Outdoor,Zapatillas Trail,110,False,2,109.01,218.02
2022-10-28,PROD_019,Merrell Moab 2 GTX,Outdoor,Zapatillas Trail,110,False,2,112.83,225.66
2022-10-29,PROD_019,Merrell Moab 2 GTX,Outdoor,Zapatillas Trail,110,False,3,109.06,327.18
2022-10-30,PROD_019,Merrell Moab 2 GTX,Outdoor,Zapatillas Trail,110,False,2,109.02,218.04
2022-10-31,PROD_019,Merrell Moab 2 GTX,Outdoor,Zapatillas Trail,110,False,2,106.84,213.68
2022-11-01,PROD_019,Merrell Moab 2 GTX,Outdoor,Zapatillas Trail,110,False,2,106.72,213.44
2022-11-02,PROD_019,Merrell Moab 2 GTX,Outdoor,Zapatillas Trail,110,False,2,109.78,219.56
2022-11-03,PROD_019,Merrell Moab 2 GTX,Outdoor,Zapatillas Trail,110,False,1,112.51,112.51
2022-11-04,PROD_019,Merrell Moab 2 GTX,Outdoor,Zapatillas Trail,110,False,2,109.78,219.56
2022-11-05,PROD_019,Merrell Moab 2 GTX,Outdoor,Zapatillas Trail,110,False,3,110.69,332.07
2022-11-06,PROD_019,Merrell Moab 2 GTX,Outdoor,Zapatillas Trail,110,False,2,109.07,218.14
2022-11-07,PROD_019,Merrell Moab 2 GTX,Outdoor,Zapatillas Trail,110,False,2,108.26,216.52
2022-11-08,PROD_019,Merrell Moab 2 GTX,Outdoor,Zapatillas Trail,110,False,2,108.03,216.06
2022-11-09,PROD_019,Merrell Moab 2 GTX,Outdoor,Zapatillas Trail,110,False,2,109.48,218.96
2022-11-10,PROD_019,Merrell Moab 2 GTX,Outdoor,Zapatillas Trail,110,False,2,109.96,219.92
2022-11-11,PROD_019,Merrell Moab 2 GTX,Outdoor,Zapatillas Trail,110,False,3,108.29,324.87
2022-11-12,PROD_019,Merrell Moab 2 GTX,Outdoor,Zapatillas Trail,110,False,2,109.76,219.52
2022-11-13,PROD_019,Merrell Moab 2 GTX,Outdoor,Zapatillas Trail,110,False,2,108.31,216.62
2022-11-14,PROD_019,Merrell Moab 2 GTX,Outdoor,Zapatillas Trail,110,False,3,109.55,328.65
2022-11-15,PROD_019,Merrell Moab 2 GTX,Outdoor,Zapatillas Trail,110,False,2,110.1,220.2
2022-11-16,PROD_019,Merrell Moab 2 GTX,Outdoor,Zapatillas Trail,110,False,2,108.94,217.88
2022-11-17,PROD_019,Merrell Moab 2 GTX,Outdoor,Zapatillas Trail,110,False,2,113.07,226.14
2022-11-18,PROD_019,Merrell Moab 2 GTX,Outdoor,Zapatillas Trail,110,False,2,109.94,219.88
2022-11-19,PROD_019,Merrell Moab 2 GTX,Outdoor,Zapatillas Trail,110,False,3,107.12,321.36
2022-11-20,PROD_019,Merrell Moab 2 GTX,Outdoor,Zapatillas Trail,110,False,2,109.39,218.78
2022-11-21,PROD_019,Merrell Moab 2 GTX,Outdoor,Zapatillas Trail,110,False,2,110.04,220.08
2022-11-22,PROD_019,Merrell Moab 2 GTX,Outdoor,Zapatillas Trail,110,False,2,109.68,219.36
2022-11-23,PROD_019,Merrell Moab 2 GTX,Outdoor,Zapatillas Trail,110,False,3,107.16,321.48
2022-11-24,PROD_019,Merrell Moab 2 GTX,Outdoor,Zapatillas Trail,110,False,3,112.78,338.34
2022-11-25,PROD_019,Merrell Moab 2 GTX,Outdoor,Zapatillas Trail,110,False,10,99.0,990.0
2022-11-26,PROD_019,Merrell Moab 2 GTX,Outdoor,Zapatillas Trail,110,False,10,101.2,1012.0
2022-11-27,PROD_019,Merrell Moab 2 GTX,Outdoor,Zapatillas Trail,110,False,10,101.2,1012.0
2022-11-28,PROD_019,Merrell Moab 2 GTX,Outdoor,Zapatillas Trail,110,False,7,99.0,693.0
2022-11-29,PROD_019,Merrell Moab 2 GTX,Outdoor,Zapatillas Trail,110,False,5,104.5,522.5
2022-11-30,PROD_019,Merrell Moab 2 GTX,Outdoor,Zapatillas Trail,110,False,6,104.5,627.0
2023-10-25,PROD_019,Merrell Moab 2 GTX,Outdoor,Zapatillas Trail,110,False,2,107.05,214.1
2023-10-26,PROD_019,Merrell Moab 2 GTX,Outdoor,Zapatillas Trail,110,False,2,109.39,218.78
2023-10-27,PROD_019,Merrell Moab 2 GTX,Outdoor,Zapatillas Trail,110,False,2,110.95,221.9
2023-10-28,PROD_019,Merrell Moab 2 GTX,Outdoor,Zapatillas Trail,110,False,3,111.0,333.0
2023-10-29,PROD_019,Merrell Moab 2 GTX,Outdoor,Zapatillas Trail,110,False,2,112.26,224.52
2023-10-30,PROD_019,Merrell Moab 2 GTX,Outdoor,Zapatillas Trail,110,False,2,109.77,219.54
2023-10-31,PROD_019,Merrell Moab 2 GTX,Outdoor,Zapatillas Trail,110,False,2,107.71,215.42
2023-11-01,PROD_019,Merrell Moab 2 GTX,Outdoor,Zapatillas Trail,110,False,2,107.56,215.12
2023-11-02,PROD_019,Merrell Moab 2 GTX,Outdoor,Zapatillas Trail,110,False,2,112.49,224.98
2023-11-03,PROD_019,Merrell Moab 2 GTX,Outdoor,Zapatillas Trail,110,False,2,109.67,219.34
2023-11-04,PROD_019,Merrell Moab 2 GTX,Outdoor,Zapatillas Trail,110,False,3,113.04,339.12
2023-11-05,PROD_019,Merrell Moab 2 GTX,Outdoor,Zapatillas Trail,110,False,2,110.39,220.78
2023-11-06,PROD_019,Merrell Moab 2 GTX,Outdoor,Zapatillas Trail,110,False,3,109.22,327.66
2023-11-07,PROD_019,Merrell Moab 2 GTX,Outdoor,Zapatillas Trail,110,False,2,110.3,220.6
2023-11-08,PROD_019,Merrell Moab 2 GTX,Outdoor,Zapatillas Trail,110,False,2,110.74,221.48
2023-11-09,PROD_019,Merrell Moab 2 GTX,Outdoor,Zapatillas Trail,110,False,2,107.85,215.7
2023-11-10,PROD_019,Merrell Moab 2 GTX,Outdoor,Zapatillas Trail,110,False,2,112.19,224.38
2023-11-11,PROD_019,Merrell Moab 2 GTX,Outdoor,Zapatillas Trail,110,False,3,110.06,330.18
2023-11-12,PROD_019,Merrell Moab 2 GTX,Outdoor,Zapatillas Trail,110,False,2,110.63,221.26
2023-11-13,PROD_019,Merrell Moab 2 GTX,Outdoor,Zapatillas Trail,110,False,3,113.2,339.6
2023-11-14,PROD_019,Merrell Moab 2 GTX,Outdoor,Zapatillas Trail,110,False,2,107.39,214.78
2023-11-15,PROD_019,Merrell Moab 2 GTX,Outdoor,Zapatillas Trail,110,False,2,107.85,215.7
2023-11-16,PROD_019,Merrell Moab 2 GTX,Outdoor,Zapatillas Trail,110,False,2,107.33,214.66
2023-11-17,PROD_019,Merrell Moab 2 GTX,Outdoor,Zapatillas Trail,110,False,2,109.55,219.1
2023-11-18,PROD_019,Merrell Moab 2 GTX,Outdoor,Zapatillas Trail,110,False,3,113.05,339.15
2023-11-19,PROD_019,Merrell Moab 2 GTX,Outdoor,Zapatillas Trail,110,False,2,112.36,224.72
2023-11-20,PROD_019,Merrell Moab 2 GTX,Outdoor,Zapatillas Trail,110,False,2,110.14,220.28
2023-11-21,PROD_019,Merrell Moab 2 GTX,Outdoor,Zapatillas Trail,110,False,3,108.39,325.17
2023-11-22,PROD_019,Merrell Moab 2 GTX,Outdoor,Zapatillas Trail,110,False,3,111.08,333.24
2023-11-23,PROD_019,Merrell Moab 2 GTX,Outdoor,Zapatillas Trail,110,False,3,109.66,328.98
2023-11-24,PROD_019,Merrell Moab 2 GTX,Outdoor,Zapatillas Trail,110,False,13,99.0,1287.0
2023-11-25,PROD_019,Merrell Moab 2 GTX,Outdoor,Zapatillas Trail,110,False,12,101.2,1214.4
2023-11-26,PROD_019,Merrell Moab 2 GTX,Outdoor,Zapatillas Trail,110,False,9,101.2,910.8
2023-11-27,PROD_019,Merrell Moab 2 GTX,Outdoor,Zapatillas Trail,110,False,9,99.0,891.0
2023-11-28,PROD_019,Merrell Moab 2 GTX,Outdoor,Zapatillas Trail,110,False,6,104.5,627.0
2023-11-29,PROD_019,Merrell Moab 2 GTX,Outdoor,Zapatillas Trail,110,False,5,104.5,522.5
2023-11-30,PROD_019,Merrell Moab 2 GTX,Outdoor,Zapatillas Trail,110,False,2,111.98,223.96
2024-10-25,PROD_019,Merrell Moab 2 GTX,Outdoor,Zapatillas Trail,110,False,2,112.72,225.44
2024-10-26,PROD_019,Merrell Moab 2 GTX,Outdoor,Zapatillas Trail,110,False,3,109.46,328.38
2024-10-27,PROD_019,Merrell Moab 2 GTX,Outdoor,Zapatillas Trail,110,False,2,111.61,223.22
2024-10-28,PROD_019,Merrell Moab 2 GTX,Outdoor,Zapatillas Trail,110,False,2,108.16,216.32
2024-10-29,PROD_019,Merrell Moab 2 GTX,Outdoor,Zapatillas Trail,110,False,2,112.53,225.06
2024-10-30,PROD_019,Merrell Moab 2 GTX,Outdoor,Zapatillas Trail,110,False,2,107.86,215.72
2024-10-31,PROD_019,Merrell Moab 2 GTX,Outdoor,Zapatillas Trail,110,False,2,110.19,220.38
2024-11-01,PROD_019,Merrell Moab 2 GTX,Outdoor,Zapatillas Trail,110,False,3,111.02,333.06
2024-11-02,PROD_019,Merrell Moab 2 GTX,Outdoor,Zapatillas Trail,110,False,2,113.17,226.34
2024-11-03,PROD_019,Merrell Moab 2 GTX,Outdoor,Zapatillas Trail,110,False,3,107.18,321.54
2024-11-04,PROD_019,Merrell Moab 2 GTX,Outdoor,Zapatillas Trail,110,False,3,106.8,320.4
2024-11-05,PROD_019,Merrell Moab 2 GTX,Outdoor,Zapatillas Trail,110,False,2,106.78,213.56
2024-11-06,PROD_019,Merrell Moab 2 GTX,Outdoor,Zapatillas Trail,110,False,3,108.11,324.33
2024-11-07,PROD_019,Merrell Moab 2 GTX,Outdoor,Zapatillas Trail,110,False,2,112.49,224.98
2024-11-08,PROD_019,Merrell Moab 2 GTX,Outdoor,Zapatillas Trail,110,False,2,110.87,221.74
2024-11-09,PROD_019,Merrell Moab 2 GTX,Outdoor,Zapatillas Trail,110,False,4,109.53,438.12
2024-11-10,PROD_019,Merrell Moab 2 GTX,Outdoor,Zapatillas Trail,110,False,2,109.02,218.04
2024-11-11,PROD_019,Merrell Moab 2 GTX,Outdoor,Zapatillas Trail,110,False,2,111.31,222.62
2024-11-12,PROD_019,Merrell Moab 2 GTX,Outdoor,Zapatillas Trail,110,False,2,111.58,223.16
2024-11-13,PROD_019,Merrell Moab 2 GTX,Outdoor,Zapatillas Trail,110,False,2,107.84,215.68
2024-11-14,PROD_019,Merrell Moab 2 GTX,Outdoor,Zapatillas Trail,110,False,2,108.68,217.36
2024-11-15,PROD_019,Merrell Moab 2 GTX,Outdoor,Zapatillas Trail,110,False,2,107.59,215.18
2024-11-16,PROD_019,Merrell Moab 2 GTX,Outdoor,Zapatillas Trail,110,False,3,110.68,332.04
2024-11-17,PROD_019,Merrell Moab 2 GTX,Outdoor,Zapatillas Trail,110,False,3,113.18,339.54
2024-11-18,PROD_019,Merrell Moab 2 GTX,Outdoor,Zapatillas Trail,110,False,2,112.43,224.86
2024-11-19,PROD_019,Merrell Moab 2 GTX,Outdoor,Zapatillas Trail,110,False,2,110.77,221.54
2024-11-20,PROD_019,Merrell Moab 2 GTX,Outdoor,Zapatillas Trail,110,False,2,111.92,223.84
2024-11-21,PROD_019,Merrell Moab 2 GTX,Outdoor,Zapatillas Trail,110,False,2,111.56,223.12
2024-11-22,PROD_019,Merrell Moab 2 GTX,Outdoor,Zapatillas Trail,110,False,3,111.27,333.81
2024-11-23,PROD_019,Merrell Moab 2 GTX,Outdoor,Zapatillas Trail,110,False,3,109.21,327.63
2024-11-24,PROD_019,Merrell Moab 2 GTX,Outdoor,Zapatillas Trail,110,False,2,109.78,219.56
2024-11-25,PROD_019,Merrell Moab 2 GTX,Outdoor,Zapatillas Trail,110,False,2,113.26,226.52
2024-11-26,PROD_019,Merrell Moab 2 GTX,Outdoor,Zapatillas Trail,110,False,3,111.74,335.22
2024-11-27,PROD_019,Merrell Moab 2 GTX,Outdoor,Zapatillas Trail,110,False,4,108.95,435.8
2024-11-28,PROD_019,Merrell Moab 2 GTX,Outdoor,Zapatillas Trail,110,False,2,107.87,215.74
2024-11-29,PROD_019,Merrell Moab 2 GTX,Outdoor,Zapatillas Trail,110,False,10,99.0,990.0
2024-11-30,PROD_019,Merrell Moab 2 GTX,Outdoor,Zapatillas Trail,110,False,10,101.2,1012.0
