Data_Practica/data/raw/entrenamiento/ventas.csv
fecha,producto_id,nombre,categoria,subcategoria,precio_base,es_estrella,unidades_vendidas,precio_venta,ingresos
2021-10-25,PROD_020,Quechua MH500,Outdoor,Ropa Montaña,80,False,2,81.58,163.16
2021-10-26,PROD_020,Quechua MH500,Outdoor,Ropa Montaña,80,False,2,80.57,161.14
2021-10-27,PROD_020,Quechua MH500,Outdoor,Ropa Montaña,80,False,2,79.24,158.48
2021-10-28,PROD_020,Quechua MH500,Outdoor,Ropa Montaña,80,False,2,78.62,157.24
2021-10-29,PROD_020,Quechua MH500,Outdoor,Ropa Montaña,80,False,2,81.44,162.88
2021-10-30,PROD_020,Quechua MH500,Outdoor,Ropa Montaña,80,False,2,79.07,158.14
2021-10-31,PROD_020,Quechua MH500,Outdoor,Ropa Montaña,80,False,2,82.38,164.76
2021-11-01,PROD_020,Quechua MH500,Outdoor,Ropa Montaña,80,False,2,82.19,164.38
2021-11-02,PROD_020,Quechua MH500,Outdoor,Ropa Montaña,80,False,2,81.19,162.38
2021-11-03,PROD_020,Quechua MH500,Outdoor,Ropa Montaña,80,False,2,81.79,163.58
2021-11-04,PROD_020,Quechua MH500,Outdoor,Ropa Montaña,80,False,2,81.56,163.12
2021-11-05,PROD_020,Quechua MH500,Outdoor,Ropa Montaña,80,False,2,78.36,156.72
2021-11-06,PROD_020,Quechua MH500,Outdoor,Ropa Montaña,80,False,2,81.0,162.0
2021-11-07,PROD_020,Quechua MH500,Outdoor,Ropa Montaña,80,False,2,79.5,159.0
2021-11-08,PROD_020,Quechua MH500,Outdoor,Ropa Montaña,80,False,2,78.43,156.86
2021-11-09,PROD_020,Quechua MH500,Outdoor,Ropa Montaña,80,False,2,81.72,163.44
2021-11-10,PROD_020,Quechua MH500,Outdoor,Ropa Montaña,80,False,1,80.63,80.63
2021-11-11,PROD_020,Quechua MH500,Outdoor,Ropa Montaña,80,False,2,81.03,162.06
2021-11-12,PROD_020,Quechua MH500,Outdoor,Ropa Montaña,80,False,2,81.39,162.78
2021-11-13,PROD_020,Quechua MH500,Outdoor,Ropa Montaña,80,False,2,81.86,163.72
2021-11-14,PROD_020,Quechua MH500,Outdoor,Ropa Montaña,80,False,2,82.31,164.62
2021-11-15,PROD_020,Quechua MH500,Outdoor,Ropa Montaña,80,False,2,81.28,162.56
2021-11-16,PROD_020,Quechua MH500,Outdoor,Ropa Montaña,80,False,2,81.03,162.06
2021-11-17,PROD_020,Quechua MH500,Outdoor,Ropa Montaña,80,False,2,79.8,159.6
2021-11-18,PROD_020,Quechua MH500,Outdoor,Ropa Montaña,80,False,2,79.1,158.2
2021-11-19,PROD_020,Quechua MH500,Outdoor,Ropa Montaña,80,False,2,78.99,157.98
2021-11-20,PROD_020,Quechua MH500,Outdoor,Ropa Montaña,80,False,3,78.38,235.14
2021-11-21,PROD_020,Quechua MH500,Outdoor,Ropa Montaña,80,False,2,80.38,160.76
2021-11-22,PROD_020,Quechua MH500,Outdoor,Ropa Montaña,80,False,1,81.02,81.02
2021-11-23,PROD_020,Quechua MH500,Outdoor,Ropa Montaña,80,False,3,77.72,233.16
2021-11-24,PROD_020,Quechua MH500,Outdoor,Ropa Montaña,80,False,2,79.61,159.22
2021-11-25,PROD_020,Quechua MH500,Outdoor,Ropa Montaña,80,False,3,77.67,233.01
2021-11-26,PROD_020,Quechua MH500,Outdoor,Ropa Montaña,80,False,8,72.0,576.0
2021-11-27,PROD_020,Quechua MH500,Outdoor,Ropa Montaña,80,False,9,73.6,662.4
2021-11-28,PROD_020,Quechua MH500,Outdoor,Ropa Montaña,80,False,8,73.6,588.8
2021-11-29,PROD_020,Quechua MH500,Outdoor,Ropa Montaña,80,False,7,72.0,504.0
2021-11-30,PROD_020,Quechua MH500,Outdoor,Ropa Montaña,80,False,4,76.0,304.0
2022-10-25,PROD_020,Quechua MH500,Outdoor,Ropa Montaña,80,False,2,82.38,164.76
2022-10-26,PROD_020,Quechua MH500,Outdoor,Ropa Montaña,80,False,2,82.39,164.78
2022-10-27,PROD_020,Quechua MH500,Outdoor,Ropa Montaña,80,False,1,80.0,80.0
2022-10-28,PROD_020,Quechua MH500,Outdoor,Ropa Montaña,80,False,2,78.88,157.76
2022-10-29,PROD_020,Quechua MH500,Outdoor,Ropa Montaña,80,False,3,78.89,236.67
2022-10-30,PROD_020,Quechua MH500,Outdoor,Ropa Montaña,80,False,2,81.88,163.76
2022-10-31,PROD_020,Quechua MH500,Outdoor,Ropa Montaña,80,False,1,78.43,78.43
2022-11-01,PROD_020,Quechua MH500,Outdoor,Ropa Montaña,80,False,1,80.62,80.62
2022-11-02,PROD_020,Quechua MH500,Outdoor,Ropa Montaña,80,False,2,78.93,157.86
2022-11-03,PROD_020,Quechua MH500,Outdoor,Ropa Montaña,80,False,2,80.09,160.18
2022-11-04,PROD_020,Quechua MH500,Outdoor,Ropa Montaña,80,False,2,79.16,158.32
2022-11-05,PROD_020,Quechua MH500,Outdoor,Ropa Montaña,80,False,2,81.19,162.38
2022-11-06,PROD_020,Quechua MH500,Outdoor,Ropa Montaña,80,False,2,81.55,163.1
2022-11-07,PROD_020,Quechua MH500,Outdoor,Ropa Montaña,80,False,2,81.24,162.48
2022-11-08,PROD_020,Quechua MH500,Outdoor,Ropa Montaña,80,False,2,78.99,157.98
2022-11-09,PROD_020,Quechua MH500,Outdoor,Ropa Montaña,80,False,2,78.53,157.06
2022-11-10,PROD_020,Quechua MH500,Outdoor,Ropa Montaña,80,False,2,78.51,157.02
2022-11-11,PROD_020,Quechua MH500,Outdoor,Ropa Montaña,80,False,2,79.36,158.72
2022-11-12,PROD_020,Quechua MH500,Outdoor,Ropa Montaña,80,False,2,81.55,163.1
2022-11-13,PROD_020,Quechua MH500,Outdoor,Ropa Montaña,80,False,2,81.24,162.48
2022-11-14,PROD_020,Quechua MH500,Outdoor,Ropa Montaña,80,False,2,81.71,163.42
2022-11-15,PROD_020,Quechua MH500,Outdoor,Ropa Montaña,80,False,1,81.66,81.66
2022-11-16,PROD_020,Quechua MH500,Outdoor,Ropa Montaña,80,False,2,78.7,157.4
2022-11-17,PROD_020,Quechua MH500,Outdoor,Ropa Montaña,80,False,2,81.33,162.66
2022-11-18,PROD_020,Quechua MH500,Outdoor,Ropa Montaña,80,False,2,78.46,156.92
2022-11-19,PROD_020,Quechua MH500,Outdoor,Ropa Montaña,80,False,3,80.7,242.1
2022-11-20,PROD_020,Quechua MH500,Outdoor,Ropa Montaña,80,False,2,82.31,164.62
2022-11-21,PROD_020,Quechua MH500,Outdoor,Ropa Montaña,80,False,2,81.97,163.94
2022-11-22,PROD_020,Quechua MH500,Outdoor,Ropa Montaña,80,False,2,80.91,161.82
2022-11-23,PROD_020,Quechua MH500,Outdoor,Ropa Montaña,80,False,2,79.16,158.32
2022-11-24,PROD_020,Quechua MH500,Outdoor,Ropa Montaña,80,False,3,77.78,233.34
2022-11-25,PROD_020,Quechua MH500,Outdoor,Ropa Montaña,80,False,9,72.0,648.0
2022-11-26,PROD_020,Quechua MH500,Outdoor,Ropa Montaña,80,False,10,73.6,736.0
2022-11-27,PROD_020,Quechua MH500,Outdoor,Ropa Montaña,80,False,7,73.6,515.2
2022-11-28,PROD_020,Quechua MH500,Outdoor,Ropa Montaña,80,False,6,72.0,432.0
2022-11-29,PROD_020,Quechua MH500,Outdoor,Ropa Montaña,80,False,4,76.0,304.0
2022-11-30,PROD_020,Quechua MH500,Outdoor,Ropa Montaña,80,False,4,76.0,304.0
2023-10-25,PROD_020,Quechua MH500,Outdoor,Ropa Montaña,80,False,2,80.34,160.68
2023-10-26,PROD_020,Quechua MH500,Outdoor,Ropa Montaña,80,False,2,78.12,156.24
2023-10-27,PROD_020,Quechua MH500,Outdoor,Ropa Montaña,80,False,2,81.28,162.56
2023-10-28,PROD_020,Quechua MH500,Outdoor,Ropa Montaña,80,False,2,79.64,159.28
2023-10-29,PROD_020,Quechua MH500,Outdoor,Ropa Montaña,80,False,2,80.47,160.94
2023-10-30,PROD_020,Quechua MH500,Outdoor,Ropa Montaña,80,False,2,82.35,164.7
2023-10-31,PROD_020,Quechua MH500,Outdoor,Ropa Montaña,80,False,2,79.42,158.84
2023-11-01,PROD_020,Quechua MH500,Outdoor,Ropa Montaña,80,False,2,80.85,161.7
2023-11-02,PROD_020,Quechua MH500,Outdoor,Ropa Montaña,80,False,2,78.28,156.56
2023-11-03,PROD_020,Quechua MH500,Outdoor,Ropa Montaña,80,False,2,80.27,160.54
2023-11-04,PROD_020,Quechua MH500,Outdoor,Ropa Montaña,80,False,3,82.13,246.39
2023-11-05,PROD_020,Quechua MH500,Outdoor,Ropa Montaña,80,False,2,81.07,162.14
2023-11-06,PROD_020,Quechua MH500,Outdoor,Ropa Montaña,80,False,2,80.51,161.02
2023-11-07,PROD_020,Quechua MH500,Outdoor,Ropa Montaña,80,False,2,80.47,160.94
2023-11-08,PROD_020,Quechua MH500,Outdoor,Ropa Montaña,80,False,2,78.68,157.36
2023-11-09,PROD_020,Quechua MH500,Outdoor,Ropa Montaña,80,False,2,80.42,160.84
2023-11-10,PROD_020,Quechua MH500,Outdoor,Ropa Montaña,80,False,2,79.4,158.8
2023-11-11,PROD_020,Quechua MH500,Outdoor,Ropa Montaña,80,False,2,77.93,155.86
2023-11-12,PROD_020,Quechua MH500,Outdoor,Ropa Montaña,80,False,3,79.55,238.65
2023-11-13,PROD_020,Quechua MH500,Outdoor,Ropa Montaña,80,False,2,79.09,158.18
2023-11-14,PROD_020,Quechua MH500,Outdoor,Ropa Montaña,80,False,2,80.03,160.06
2023-11-15,PROD_020,Quechua MH500,Outdoor,Ropa Montaña,80,False,1,79.9,79.9
2023-11-16,PROD_020,Quechua MH500,Outdoor,Ropa Montaña,80,False,2,81.14,162.28
2023-11-17,PROD_020,Quechua MH500,Outdoor,Ropa Montaña,80,False,2,78.2,156.4
2023-11-18,PROD_020,Quechua MH500,Outdoor,Ropa Montaña,80,False,3,80.07,240.21
2023-11-19,PROD_020,Quechua MH500,Outdoor,Ropa Montaña,80,False,2,79.04,158.08
2023-11-20,PROD_020,Quechua MH500,Outdoor,Ropa Montaña,80,False,2,79.84,159.68
2023-11-21,PROD_020,Quechua MH500,Outdoor,Ropa Montaña,80,False,3,78.38,235.14
2023-11-22,PROD_020,Quechua MH500,Outdoor,Ropa Montaña,80,False,2,78.58,157.16
2023-11-23,PROD_020,Quechua MH500,Outdoor,Ropa Montaña,80,False,3,79.59,238.77
2023-11-24,PROD_020,Quechua MH500,Outdoor,Ropa Montaña,80,False,10,72.0,720.0
2023-11-25,PROD_020,Quechua MH500,Outdoor,Ropa Montaña,80,False,11,73.6,809.6
2023-11-26,PROD_020,Quechua MH500,Outdoor,Ropa Montaña,80,False,10,73.6,736.0
2023-11-27,PROD_020,Quechua MH500,Outdoor,Ropa Montaña,80,False,8,72.0,576.0
2023-11-28,PROD_020,Quechua MH500,Outdoor,Ropa Montaña,80,False,4,76.0,304.0
2023-11-29,PROD_020,Quechua MH500,Outdoor,Ropa Montaña,80,False,4,76.0,304.0
2023-11-30,PROD_020,Quechua MH500,Outdoor,Ropa Montaña,80,False,1,81.25,81.25
2024-10-25,PROD_020,Quechua MH500,Outdoor,Ropa Montaña,80,False,2,79.65,159.3
2024-10-26,PROD_020,Quechua MH500,Outdoor,Ropa Montaña,80,False,3,77.92,233.76
2024-10-27,PROD_020,Quechua MH500,Outdoor,Ropa Montaña,80,False,3,78.47,235.41
2024-10-28,PROD_020,Quechua MH500,Outdoor,Ropa Montaña,80,False,2,79.27,158.54
2024-10-29,PROD_020,Quechua MH500,Outdoor,Ropa Montaña,80,False,2,82.38,164.76
2024-10-30,PROD_020,Quechua MH500,Outdoor,Ropa Montaña,80,False,2,78.77,157.54
2024-10-31,PROD_020,Quechua MH500,Outdoor,Ropa Montaña,80,False,2,77.78,155.56
2024-11-01,PROD_020,Quechua MH500,Outdoor,Ropa Montaña,80,False,2,79.78,159.56
2024-11-02,PROD_020,Quechua MH500,Outdoor,Ropa Montaña,80,False,2,82.31,164.62
2024-11-03,PROD_020,Quechua MH500,Outdoor,Ropa Montaña,80,False,3,82.36,247.08
2024-11-04,PROD_020,Quechua MH500,Outdoor,Ropa Montaña,80,False,2,79.14,158.28
2024-11-05,PROD_020,Quechua MH500,Outdoor,Ropa Montaña,80,False,2,78.07,156.14
2024-11-06,PROD_020,Quechua MH500,Outdoor,Ropa Montaña,80,False,2,80.0,160.0
2024-11-07,PROD_020,Quechua MH500,Outdoor,Ropa Montaña,80,False,2,80.53,161.06
2024-11-08,PROD_020,Quechua MH500,Outdoor,Ropa Montaña,80,False,2,81.75,163.5
2024-11-09,PROD_020,Quechua MH500,Outdoor,Ropa Montaña,80,False,3,81.26,243.78
2024-11-10,PROD_020,Quechua MH500,Outdoor,Ropa Montaña,80,False,2,81.46,162.92
2024-11-11,PROD_020,Quechua MH500,Outdoor,Ropa Montaña,80,False,2,77.7,155.4
2024-11-12,PROD_020,Quechua MH500,Outdoor,Ropa Montaña,80,False,2,77.97,155.94
2024-11-13,PROD_020,Quechua MH500,Outdoor,Ropa Montaña,80,False,2,80.73,161.46
2024-11-14,PROD_020,Quechua MH500,Outdoor,Ropa Montaña,80,False,2,81.58,163.16
2024-11-15,PROD_020,Quechua MH500,Outdoor,Ropa Montaña,80,False,2,79.67,159.34
2024-11-16,PROD_020,Quechua MH500,Outdoor,Ropa Montaña,80,False,2,82.32,164.64
2024-11-17,PROD_020,Quechua MH500,Outdoor,Ropa Montaña,80,False,2,82.39,164.78
2024-11-18,PROD_020,Quechua MH500,Outdoor,Ropa Montaña,80,False,2,77.97,155.94
2024-11-19,PROD_020,Quechua MH500,Outdoor,Ropa Montaña,80,False,2,80.13,160.26
2024-11-20,PROD_020,Quechua MH500,Outdoor,Ropa Montaña,80,False,2,82.0,164.0
2024-11-21,PROD_020,Quechua MH500,Outdoor,Ropa Montaña,80,False,2,79.47,158.94
2024-11-22,PROD_020,Quechua MH500,Outdoor,Ropa Montaña,80,False,2,78.75,157.5
2024-11-23,PROD_020,Quechua MH500,Outdoor,Ropa Montaña,80,False,3,81.42,244.26
2024-11-24,PROD_020,Quechua MH500,Outdoor,Ropa Montaña,80,False,2,81.86,163.72
2024-11-25,PROD_020,Quechua MH500,Outdoor,Ropa Montaña,80,False,2,79.41,158.82
2024-11-26,PROD_020,Quechua MH500,Outdoor,Ropa Montaña,80,False,3,81.49,244.47
2024-11-27,PROD_020,Quechua MH500,Outdoor,Ropa Montaña,80,False,2,78.53,157.06
2024-11-28,PROD_020,Quechua MH500,Outdoor,Ropa Montaña,80,False,2,80.6,161.2
2024-11-29,PROD_020,Quechua MH500,Outdoor,Ropa Montaña,80,False,10,72.0,720.0
2024-11-30,PROD_020,Quechua MH500,Outdoor,Ropa Montaña,80,False,9,73.6,662.4
