Data_Practica/data/raw/entrenamiento/ventas.csv
fecha,producto_id,nombre,categoria,subcategoria,precio_base,es_estrella,unidades_vendidas,precio_venta,ingresos
2021-10-25,PROD_021,Manduka PRO Yoga Mat,Wellness,Esterilla Yoga,130,True,5,129.46,647.3
2021-10-26,PROD_021,Manduka PRO Yoga Mat,Wellness,Esterilla Yoga,130,True,4,132.88,531.52
2021-10-27,PROD_021,Manduka PRO Yoga Mat,Wellness,Esterilla Yoga,130,True,5,129.07,645.35
2021-10-28,PROD_021,Manduka PRO Yoga Mat,Wellness,Esterilla Yoga,130,True,5,130.87,654.35
2021-10-29,PROD_021,Manduka PRO Yoga Mat,Wellness,Esterilla Yoga,130,True,5,127.92,639.6
2021-10-30,PROD_021,Manduka PRO Yoga Mat,Wellness,Esterilla Yoga,130,True,6,129.2,775.2
2021-10-31,PROD_021,Manduka PRO Yoga Mat,Wellness,Esterilla Yoga,130,True,5,126.55,632.75
2021-11-01,PROD_021,Manduka PRO Yoga Mat,Wellness,Esterilla Yoga,130,True,4,132.24,528.96
2021-11-02,PROD_021,Manduka PRO Yoga Mat,Wellness,Esterilla Yoga,130,True,3,132.43,397.29
2021-11-03,PROD_021,Manduka PRO Yoga Mat,Wellness,Esterilla Yoga,130,True,4,131.06,524.24
2021-11-04,PROD_021,Manduka PRO Yoga Mat,Wellness,Esterilla Yoga,130,True,5,129.99,649.95
2021-11-05,PROD_021,Manduka PRO Yoga Mat,Wellness,Esterilla Yoga,130,True,4,130.86,523.44
2021-11-06,PROD_021,Manduka PRO Yoga Mat,Wellness,Esterilla Yoga,130,True,6,130.34,782.04
2021-11-07,PROD_021,Manduka PRO Yoga Mat,Wellness,Esterilla Yoga,130,True,4,133.24,532.96
2021-11-08,PROD_021,Manduka PRO Yoga Mat,Wellness,Esterilla Yoga,130,True,4,131.65,526.6
2021-11-09,PROD_021,Manduka PRO Yoga Mat,Wellness,Esterilla Yoga,130,True,5,128.38,641.9
2021-11-10,PROD_021,Manduka PRO Yoga Mat,Wellness,Esterilla Yoga,130,True,4,130.72,522.88
2021-11-11,PROD_021,Manduka PRO Yoga Mat,Wellness,Esterilla Yoga,130,True,4,130.84,523.36
2021-11-12,PROD_021,Manduka PRO Yoga Mat,Wellness,Esterilla Yoga,130,True,5,129.58,647.9
2021-11-13,PROD_021,Manduka PRO Yoga Mat,Wellness,Esterilla Yoga,130,True,5,130.8,654.0
2021-11-14,PROD_021,Manduka PRO Yoga Mat,Wellness,Esterilla Yoga,130,True,5,129.87,649.35
2021-11-15,PROD_021,Manduka PRO Yoga Mat,Wellness,Esterilla Yoga,130,True,4,132.7,530.8
2021-11-16,PROD_021,Manduka PRO Yoga Mat,Wellness,Esterilla Yoga,130,True,4,132.52,530.08
2021-11-17,PROD_021,Manduka PRO Yoga Mat,Wellness,Esterilla Yoga,130,True,4,127.73,510.92
2021-11-18,PROD_021,Manduka PRO Yoga Mat,Wellness,Esterilla Yoga,130,True,4,132.14,528.56
2021-11-19,PROD_021,Manduka PRO Yoga Mat,Wellness,Esterilla Yoga,130,True,5,129.77,648.85
2021-11-20,PROD_021,Manduka PRO Yoga Mat,Wellness,Esterilla Yoga,130,True,5,130.51,652.55
2021-11-21,PROD_021,Manduka PRO Yoga Mat,Wellness,Esterilla Yoga,130,True,4,130.13,520.52
2021-11-22,PROD_021,Manduka PRO Yoga Mat,Wellness,Esterilla Yoga,130,True,4,132.47,529.88
2021-11-23,PROD_021,Manduka PRO Yoga Mat,Wellness,Esterilla Yoga,130,True,4,132.64,530.56
2021-11-24,PROD_021,Manduka PRO Yoga Mat,Wellness,Esterilla Yoga,130,True,4,131.96,527.84
2021-11-25,PROD_021,Manduka PRO Yoga Mat,Wellness,Esterilla Yoga,130,True,5,130.65,653.25
2021-11-26,PROD_021,Manduka PRO Yoga Mat,Wellness,Esterilla Yoga,130,True,14,123.5,1729.0
2021-11-27,PROD_021,Manduka PRO Yoga Mat,Wellness,Esterilla Yoga,130,True,20,124.8,2496.0
2021-11-28,PROD_021,Manduka PRO Yoga Mat,Wellness,Esterilla Yoga,130,True,17,124.8,2121.6
2021-11-29,PROD_021,Manduka PRO Yoga Mat,Wellness,Esterilla Yoga,130,True,15,123.5,1852.5
2021-11-30,PROD_021,Manduka PRO Yoga Mat,Wellness,Esterilla Yoga,130,True,13,126.1,1639.3
2022-10-25,PROD_021,Manduka PRO Yoga Mat,Wellness,Esterilla Yoga,130,True,4,132.36,529.44
2022-10-26,PROD_021,Manduka PRO Yoga Mat,Wellness,Esterilla Yoga,130,True,6,126.34,758.04
2022-10-27,PROD_021,Manduka PRO Yoga Mat,Wellness,Esterilla Yoga,130,True,6,130.55,783.3
2022-10-28,PROD_021,Manduka PRO Yoga Mat,Wellness,Esterilla Yoga,130,True,5,129.1,645.5
2022-10-29,PROD_021,Manduka PRO Yoga Mat,Wellness,Esterilla Yoga,130,True,7,133.89,937.23
2022-10-30,PROD_021,Manduka PRO Yoga Mat,Wellness,Esterilla Yoga,130,True,6,128.97,773.82
2022-10-31,PROD_021,Manduka PRO Yoga Mat,Wellness,Esterilla Yoga,130,True,6,130.83,784.98
2022-11-01,PROD_021,Manduka PRO Yoga Mat,Wellness,Esterilla Yoga,130,True,5,129.82,649.1
2022-11-02,PROD_021,Manduka PRO Yoga Mat,Wellness,Esterilla Yoga,130,True,4,129.95,519.8
2022-11-03,PROD_021,Manduka PRO Yoga Mat,Wellness,Esterilla Yoga,130,True,5,128.63,643.15
2022-11-04,PROD_021,Manduka PRO Yoga Mat,Wellness,Esterilla Yoga,130,True,6,133.37,800.22
2022-11-05,PROD_021,Manduka PRO Yoga Mat,Wellness,Esterilla Yoga,130,True,6,130.59,783.54
2022-11-06,PROD_021,Manduka PRO Yoga Mat,Wellness,Esterilla Yoga,130,True,5,129.5,647.5
2022-11-07,PROD_021,Manduka PRO Yoga Mat,Wellness,Esterilla Yoga,130,True,6,126.8,760.8
2022-11-08,PROD_021,Manduka PRO Yoga Mat,Wellness,Esterilla Yoga,130,True,5,126.58,632.9
2022-11-09,PROD_021,Manduka PRO Yoga Mat,Wellness,Esterilla Yoga,130,True,5,133.17,665.85
2022-11-10,PROD_021,Manduka PRO Yoga Mat,Wellness,Esterilla Yoga,130,True,5,129.68,648.4
2022-11-11,PROD_021,Manduka PRO Yoga Mat,Wellness,Esterilla Yoga,130,True,7,131.99,923.93
2022-11-12,PROD_021,Manduka PRO Yoga Mat,Wellness,Esterilla Yoga,130,True,6,130.73,784.38
2022-11-13,PROD_021,Manduka PRO Yoga Mat,Wellness,Esterilla Yoga,130,True,5,130.75,653.75
2022-11-14,PROD_021,Manduka PRO Yoga Mat,Wellness,Esterilla Yoga,130,True,5,128.51,642.55
2022-11-15,PROD_021,Manduka PRO Yoga Mat,Wellness,Esterilla Yoga,130,True,5,130.85,654.25
2022-11-16,PROD_021,Manduka PRO Yoga Mat,Wellness,Esterilla Yoga,130,True,6,133.69,802.14
2022-11-17,PROD_021,Manduka PRO Yoga Mat,Wellness,Esterilla Yoga,130,True,5,132.25,661.25
2022-11-18,PROD_021,Manduka PRO Yoga Mat,Wellness,Esterilla Yoga,130,True,6,129.25,775.5
2022-11-19,PROD_021,Manduka PRO Yoga Mat,Wellness,Esterilla Yoga,130,True,8,129.02,1032.16
2022-11-20,PROD_021,Manduka PRO Yoga Mat,Wellness,Esterilla Yoga,130,True,7,132.14,924.98
2022-11-21,PROD_021,Manduka PRO Yoga Mat,Wellness,Esterilla Yoga,130,True,4,132.67,530.68
2022-11-22,PROD_021,Manduka PRO Yoga Mat,Wellness,Esterilla Yoga,130,True,5,129.84,649.2
2022-11-23,PROD_021,Manduka PRO Yoga Mat,Wellness,Esterilla Yoga,130,True,5,133.37,666.85
2022-11-24,PROD_021,Manduka PRO Yoga Mat,Wellness,Esterilla Yoga,130,True,6,126.48,758.88
2022-11-25,PROD_021,Manduka PRO Yoga Mat,Wellness,Esterilla Yoga,130,True,21,123.5,2593.5
2022-11-26,PROD_021,Manduka PRO Yoga Mat,Wellness,Esterilla Yoga,130,True,18,124.8,2246.4
2022-11-27,PROD_021,Manduka PRO Yoga Mat,Wellness,Esterilla Yoga,130,True,17,124.8,2121.6
2022-11-28,PROD_021,Manduka PRO Yoga Mat,Wellness,Esterilla Yoga,130,True,12,123.5,1482.0
2022-11-29,PROD_021,Manduka PRO Yoga Mat,Wellness,Esterilla Yoga,130,True,16,126.1,2017.6
2022-11-30,PROD_021,Manduka PRO Yoga Mat,Wellness,Esterilla Yoga,130,True,13,126.1,1639.3
2023-10-25,PROD_021,Manduka PRO Yoga Mat,Wellness,Esterilla Yoga,130,True,5,130.43,652.15
2023-10-26,PROD_021,Manduka PRO Yoga Mat,Wellness,Esterilla Yoga,130,True,6,128.91,773.46
2023-10-27,PROD_021,Manduka PRO Yoga Mat,Wellness,Esterilla Yoga,130,True,6,130.31,781.86
2023-10-28,PROD_021,Manduka PRO Yoga Mat,Wellness,Esterilla Yoga,130,True,6,130.46,782.76
2023-10-29,PROD_021,Manduka PRO Yoga Mat,Wellness,Esterilla Yoga,130,True,5,129.82,649.1
2023-10-30,PROD_021,Manduka PRO Yoga Mat,Wellness,Esterilla Yoga,130,True,6,129.3,775.8
2023-10-31,PROD_021,Manduka PRO Yoga Mat,Wellness,Esterilla Yoga,130,True,5,132.4,662.0
2023-11-01,PROD_021,Manduka PRO Yoga Mat,Wellness,Esterilla Yoga,130,True,5,127.95,639.75
2023-11-02,PROD_021,Manduka PRO Yoga Mat,Wellness,Esterilla Yoga,130,True,6,128.56,771.36
2023-11-03,PROD_021,Manduka PRO Yoga Mat,Wellness,Esterilla Yoga,130,True,7,128.0,896.0
2023-11-04,PROD_021,Manduka PRO Yoga Mat,Wellness,Esterilla Yoga,130,True,7,133.35,933.45
2023-11-05,PROD_021,Manduka PRO Yoga Mat,Wellness,Esterilla Yoga,130,True,7,128.34,898.38
2023-11-06,PROD_021,Manduka PRO Yoga Mat,Wellness,Esterilla Yoga,130,True,5,131.39,656.95
2023-11-07,PROD_021,Manduka PRO Yoga Mat,Wellness,Esterilla Yoga,130,True,6,132.64,795.84
2023-11-08,PROD_021,Manduka PRO Yoga Mat,Wellness,Esterilla Yoga,130,True,4,133.35,533.4
2023-11-09,PROD_021,Manduka PRO Yoga Mat,Wellness,Esterilla Yoga,130,True,6,126.45,758.7
2023-11-10,PROD_021,Manduka PRO Yoga Mat,Wellness,Esterilla Yoga,130,True,7,130.88,916.16
2023-11-11,PROD_021,Manduka PRO Yoga Mat,Wellness,Esterilla Yoga,130,True,6,128.81,772.86
2023-11-12,PROD_021,Manduka PRO Yoga Mat,Wellness,Esterilla Yoga,130,True,8,127.24,1017.92
2023-11-13,PROD_021,Manduka PRO Yoga Mat,Wellness,Esterilla Yoga,130,True,7,127.34,891.38
2023-11-14,PROD_021,Manduka PRO Yoga Mat,Wellness,Esterilla Yoga,130,True,5,128.83,644.15
2023-11-15,PROD_021,Manduka PRO Yoga Mat,Wellness,Esterilla Yoga,130,True,6,132.4,794.4
2023-11-16,PROD_021,Manduka PRO Yoga Mat,Wellness,Esterilla Yoga,130,True,7,128.22,897.54
2023-11-17,PROD_021,Manduka PRO Yoga Mat,Wellness,Esterilla Yoga,130,True,7,126.37,884.59
2023-11-18,PROD_021,Manduka PRO Yoga Mat,Wellness,Esterilla Yoga,130,True,8,128.05,1024.4
2023-11-19,PROD_021,Manduka PRO Yoga Mat,Wellness,Esterilla Yoga,130,True,6,130.91,785.46
2023-11-20,PROD_021,Manduka PRO Yoga Mat,Wellness,Esterilla Yoga,130,True,5,132.17,660.85
2023-11-21,PROD_021,Manduka PRO Yoga Mat,Wellness,Esterilla Yoga,130,True,5,129.8,649.0
2023-11-22,PROD_021,Manduka PRO Yoga Mat,Wellness,Esterilla Yoga,130,True,8,126.87,1014.96
2023-11-23,PROD_021,Manduka PRO Yoga Mat,Wellness,Esterilla Yoga,130,True,7,130.22,911.54
2023-11-24,PROD_021,Manduka PRO Yoga Mat,Wellness,Esterilla Yoga,130,True,25,123.5,3087.5
2023-11-25,PROD_021,Manduka PRO Yoga Mat,Wellness,Esterilla Yoga,130,True,25,124.8,3120.0
2023-11-26,PROD_021,Manduka PRO Yoga Mat,Wellness,Esterilla Yoga,130,True,23,124.8,2870.4
2023-11-27,PROD_021,Manduka PRO Yoga Mat,Wellness,Esterilla Yoga,130,True,17,123.5,2099.5
2023-11-28,PROD_021,Manduka PRO Yoga Mat,Wellness,Esterilla Yoga,130,True,12,126.1,1513.2
2023-11-29,PROD_021,Manduka PRO Yoga Mat,Wellness,Esterilla Yoga,130,True,12,126.1,1513.2
2023-11-30,PROD_021,Manduka PRO Yoga Mat,Wellness,Esterilla Yoga,130,True,4,133.17,532.68
2024-10-25,PROD_021,Manduka PRO Yoga Mat,Wellness,Esterilla Yoga,130,True,6,133.63,801.78
2024-10-26,PROD_021,Manduka PRO Yoga Mat,Wellness,Esterilla Yoga,130,True,8,127.63,1021.04
2024-10-27,PROD_021,Manduka PRO Yoga Mat,Wellness,Esterilla Yoga,130,True,7,133.76,936.32
2024-10-28,PROD_021,Manduka PRO Yoga Mat,Wellness,Esterilla Yoga,130,True,7,126.49,885.43
2024-10-29,PROD_021,Manduka PRO Yoga Mat,Wellness,Esterilla Yoga,130,True,7,130.59,914.13
2024-10-30,PROD_021,Manduka PRO Yoga Mat,Wellness,Esterilla Yoga,130,True,7,129.16,904.12
2024-10-31,PROD_021,Manduka PRO Yoga Mat,Wellness,Esterilla Yoga,130,True,5,131.09,655.45
2024-11-01,PROD_021,Manduka PRO Yoga Mat,Wellness,Esterilla Yoga,130,True,6,132.16,792.96
2024-11-02,PROD_021,Manduka PRO Yoga Mat,Wellness,Esterilla Yoga,130,True,7,132.9,930.3
2024-11-03,PROD_021,Manduka PRO Yoga Mat,Wellness,Esterilla Yoga,130,True,8,127.89,1023.12
2024-11-04,PROD_021,Manduka PRO Yoga Mat,Wellness,Esterilla Yoga,130,True,8,126.84,1014.72
2024-11-05,PROD_021,Manduka PRO Yoga Mat,Wellness,Esterilla Yoga,130,True,6,133.75,802.5
2024-11-06,PROD_021,Manduka PRO Yoga Mat,Wellness,Esterilla Yoga,130,True,9,132.77,1194.93
2024-11-07,PROD_021,Manduka PRO Yoga Mat,Wellness,Esterilla Yoga,130,True,6,128.4,770.4
2024-11-08,PROD_021,Manduka PRO Yoga Mat,Wellness,Esterilla Yoga,130,True,7,132.07,924.49
2024-11-09,PROD_021,Manduka PRO Yoga Mat,Wellness,Esterilla Yoga,130,True,9,127.56,1148.04
2024-11-10,PROD_021,Manduka PRO Yoga Mat,Wellness,Esterilla Yoga,130,True,6,132.23,793.38
2024-11-11,PROD_021,Manduka PRO Yoga Mat,Wellness,Esterilla Yoga,130,True,7,127.65,893.55
2024-11-12,PROD_021,Manduka PRO Yoga Mat,Wellness,Esterilla Yoga,130,True,7,130.69,914.83
2024-11-13,PROD_021,Manduka PRO Yoga Mat,Wellness,Esterilla Yoga,130,True,7,127.42,891.94
2024-11-14,PROD_021,Manduka PRO Yoga Mat,Wellness,Esterilla Yoga,130,True,7,127.91,895.37
2024-11-15,PROD_021,Manduka PRO Yoga Mat,Wellness,Esterilla Yoga,130,True,7,133.63,935.41
2024-11-16,PROD_021,Manduka PRO Yoga Mat,Wellness,Esterilla Yoga,130,True,9,127.13,1144.17
2024-11-17,PROD_021,Manduka PRO Yoga Mat,Wellness,Esterilla Yoga,130,True,7,130.03,910.21
2024-11-18,PROD_021,Manduka PRO Yoga Mat,Wellness,Esterilla Yoga,130,True,6,133.48,800.88
2024-11-19,PROD_021,Manduka PRO Yoga Mat,Wellness,Esterilla Yoga,130,True,6,126.4,758.4
2024-11-20,PROD_021,Manduka PRO Yoga Mat,Wellness,Esterilla Yoga,130,True,7,128.54,899.78
2024-11-21,PROD_021,Manduka PRO Yoga Mat,Wellness,Esterilla Yoga,130,True,6,131.44,788.64
2024-11-22,PROD_021,Manduka PRO Yoga Mat,Wellness,Esterilla Yoga,130,True,7,127.65,893.55
2024-11-23,PROD_021,Manduka PRO Yoga Mat,Wellness,Esterilla Yoga,130,True,10,126.92,1269.2
2024-11-24,PROD_021,Manduka PRO Yoga Mat,Wellness,Esterilla Yoga,130,True,7,132.04,924.28
2024-11-25,PROD_021,Manduka PRO Yoga Mat,Wellness,Esterilla Yoga,130,True,6,130.76,784.56
2024-11-26,PROD_021,Manduka PRO Yoga Mat,Wellness,Esterilla Yoga,130,True,7,133.78,936.46
2024-11-27,PROD_021,Manduka PRO Yoga Mat,Wellness,Esterilla Yoga,130,True,9,127.21,1144.89
2024-11-28,PROD_021,Manduka PRO Yoga Mat,Wellness,Esterilla Yoga,130,True,7,131.29,919.03
2024-11-29,PROD_021,Manduka PRO Yoga Mat,Wellness,Esterilla Yoga,130,True,27,123.5,3334.5
2024-11-30,PROD_021,Manduka PRO Yoga Mat,Wellness,Esterilla Yoga,130,True,25,124.8,3120.0
