Data_Practica/data/raw/entrenamiento/ventas.csv
fecha,producto_id,nombre,categoria,subcategoria,precio_base,es_estrella,unidades_vendidas,precio_venta,ingresos
2021-10-25,PROD_022,Gaiam Premium Yoga Block,Wellness,Bloque Yoga,20,False,1,20.25,20.25
2021-10-26,PROD_022,Gaiam Premium Yoga Block,Wellness,Bloque Yoga,20,False,1,20.52,20.52
2021-10-27,PROD_022,Gaiam Premium Yoga Block,Wellness,Bloque Yoga,20,False,1,20.04,20.04
2021-10-28,PROD_022,Gaiam Premium Yoga Block,Wellness,Bloque Yoga,20,False,1,20.48,20.48
2021-10-29,PROD_022,Gaiam Premium Yoga Block,Wellness,Bloque Yoga,20,False,1,20.18,20.18
2021-10-30,PROD_022,Gaiam Premium Yoga Block,Wellness,Bloque Yoga,20,False,1,20.02,20.02
2021-10-31,PROD_022,Gaiam Premium Yoga Block,Wellness,Bloque Yoga,20,False,1,19.55,19.55
2021-11-01,PROD_022,Gaiam Premium Yoga Block,Wellness,Bloque Yoga,20,False,1,19.93,19.93
2021-11-02,PROD_022,Gaiam Premium Yoga Block,Wellness,Bloque Yoga,20,False,1,19.81,19.81
2021-11-03,PROD_022,Gaiam Premium Yoga Block,Wellness,Bloque Yoga,20,False,1,19.95,19.95
2021-11-04,PROD_022,Gaiam Premium Yoga Block,Wellness,Bloque Yoga,20,False,1,20.25,20.25
2021-11-05,PROD_022,Gaiam Premium Yoga Block,Wellness,Bloque Yoga,20,False,1,20.19,20.19
2021-11-06,PROD_022,Gaiam Premium Yoga Block,Wellness,Bloque Yoga,20,False,2,19.98,39.96
2021-11-07,PROD_022,Gaiam Premium Yoga Block,Wellness,Bloque Yoga,20,False,1,20.24,20.24
2021-11-08,PROD_022,Gaiam Premium Yoga Block,Wellness,Bloque Yoga,20,False,1,19.82,19.82
2021-11-09,PROD_022,Gaiam Premium Yoga Block,Wellness,Bloque Yoga,20,False,1,20.37,20.37
2021-11-10,PROD_022,Gaiam Premium Yoga Block,Wellness,Bloque Yoga,20,False,1,20.01,20.01
2021-11-11,PROD_022,Gaiam Premium Yoga Block,Wellness,Bloque Yoga,20,False,1,20.55,20.55
2021-11-12,PROD_022,Gaiam Premium Yoga Block,Wellness,Bloque Yoga,20,False,2,20.43,40.86
2021-11-13,PROD_022,Gaiam Premium Yoga Block,Wellness,Bloque Yoga,20,False,1,19.81,19.81
2021-11-14,PROD_022,Gaiam Premium Yoga Block,Wellness,Bloque Yoga,20,False,2,19.85,39.7
2021-11-15,PROD_022,Gaiam Premium Yoga Block,Wellness,Bloque Yoga,20,False,1,19.99,19.99
2021-11-16,PROD_022,Gaiam Premium Yoga Block,Wellness,Bloque Yoga,20,False,2,20.02,40.04
2021-11-17,PROD_022,Gaiam Premium Yoga Block,Wellness,Bloque Yoga,20,False,1,19.46,19.46
2021-11-18,PROD_022,Gaiam Premium Yoga Block,Wellness,Bloque Yoga,20,False,2,20.57,41.14
2021-11-19,PROD_022,Gaiam Premium Yoga Block,Wellness,Bloque Yoga,20,False,2,19.47,38.94
2021-11-20,PROD_022,Gaiam Premium Yoga Block,Wellness,Bloque Yoga,20,False,2,19.41,38.82
2021-11-21,PROD_022,Gaiam Premium Yoga Block,Wellness,Bloque Yoga,20,False,2,19.82,39.64
2021-11-22,PROD_022,Gaiam Premium Yoga Block,Wellness,Bloque Yoga,20,False,1,20.48,20.48
2021-11-23,PROD_022,Gaiam Premium Yoga Block,Wellness,Bloque Yoga,20,False,2,19.68,39.36
2021-11-24,PROD_022,Gaiam Premium Yoga Block,Wellness,Bloque Yoga,20,False,2,19.73,39.46
2021-11-25,PROD_022,Gaiam Premium Yoga Block,Wellness,Bloque Yoga,20,False,1,20.55,20.55
2021-11-26,PROD_022,Gaiam Premium Yoga Block,Wellness,Bloque Yoga,20,False,6,19.0,114.0
2021-11-27,PROD_022,Gaiam Premium Yoga Block,Wellness,Bloque Yoga,20,False,8,19.2,153.6
2021-11-28,PROD_022,Gaiam Premium Yoga Block,Wellness,Bloque Yoga,20,False,7,19.2,134.4
2021-11-29,PROD_022,Gaiam Premium Yoga Block,Wellness,Bloque Yoga,20,False,6,19.0,114.0
2021-11-30,PROD_022,Gaiam Premium Yoga Block,Wellness,Bloque Yoga,20,False,4,19.4,77.6
2022-10-25,PROD_022,Gaiam Premium Yoga Block,Wellness,Bloque Yoga,20,False,1,20.1,20.1
2022-10-26,PROD_022,Gaiam Premium Yoga Block,Wellness,Bloque Yoga,20,False,1,20.41,20.41
2022-10-27,PROD_022,Gaiam Premium Yoga Block,Wellness,Bloque Yoga,20,False,1,19.73,19.73
2022-10-28,PROD_022,Gaiam Premium Yoga Block,Wellness,Bloque Yoga,20,False,2,19.87,39.74
2022-10-29,PROD_022,Gaiam Premium Yoga Block,Wellness,Bloque Yoga,20,False,2,20.22,40.44
2022-10-30,PROD_022,Gaiam Premium Yoga Block,Wellness,Bloque Yoga,20,False,1,20.11,20.11
2022-10-31,PROD_022,Gaiam Premium Yoga Block,Wellness,Bloque Yoga,20,False,1,20.36,20.36
2022-11-01,PROD_022,Gaiam Premium Yoga Block,Wellness,Bloque Yoga,20,False,1,20.42,20.42
2022-11-02,PROD_022,Gaiam Premium Yoga Block,Wellness,Bloque Yoga,20,False,1,20.24,20.24
2022-11-03,PROD_022,Gaiam Premium Yoga Block,Wellness,Bloque Yoga,20,False,1,20.15,20.15
2022-11-04,PROD_022,Gaiam Premium Yoga Block,Wellness,Bloque Yoga,20,False,2,19.73,39.46
2022-11-05,PROD_022,Gaiam Premium Yoga Block,Wellness,Bloque Yoga,20,False,2,19.42,38.84
2022-11-06,PROD_022,Gaiam Premium Yoga Block,Wellness,Bloque Yoga,20,False,2,19.6,39.2
2022-11-07,PROD_022,Gaiam Premium Yoga Block,Wellness,Bloque Yoga,20,False,1,20.45,20.45
2022-11-08,PROD_022,Gaiam Premium Yoga Block,Wellness,Bloque Yoga,20,False,2,19.63,39.26
2022-11-09,PROD_022,Gaiam Premium Yoga Block,Wellness,Bloque Yoga,20,False,1,19.75,19.75
2022-11-10,PROD_022,Gaiam Premium Yoga Block,Wellness,Bloque Yoga,20,False,2,19.76,39.52
2022-11-11,PROD_022,Gaiam Premium Yoga Block,Wellness,Bloque Yoga,20,False,2,20.57,41.14
2022-11-12,PROD_022,Gaiam Premium Yoga Block,Wellness,Bloque Yoga,20,False,2,19.8,39.6
2022-11-13,PROD_022,Gaiam Premium Yoga Block,Wellness,Bloque Yoga,20,False,2,20.18,40.36
2022-11-14,PROD_022,Gaiam Premium Yoga Block,Wellness,Bloque Yoga,20,False,2,19.76,39.52
2022-11-15,PROD_022,Gaiam Premium Yoga Block,Wellness,Bloque Yoga,20,False,2,20.4,40.8
2022-11-16,PROD_022,Gaiam Premium Yoga Block,Wellness,Bloque Yoga,20,False,2,20.55,41.1
2022-11-17,PROD_022,Gaiam Premium Yoga Block,Wellness,Bloque Yoga,20,False,2,19.98,39.96
2022-11-18,PROD_022,Gaiam Premium Yoga Block,Wellness,Bloque Yoga,20,False,2,20.56,41.12
2022-11-19,PROD_022,Gaiam Premium Yoga Block,Wellness,Bloque Yoga,20,False,2,20.37,40.74
2022-11-20,PROD_022,Gaiam Premium Yoga Block,Wellness,Bloque Yoga,20,False,1,20.48,20.48
2022-11-21,PROD_022,Gaiam Premium Yoga Block,Wellness,Bloque Yoga,20,False,2,19.5,39.0
2022-11-22,PROD_022,Gaiam Premium Yoga Block,Wellness,Bloque Yoga,20,False,1,19.65,19.65
2022-11-23,PROD_022,Gaiam Premium Yoga Block,Wellness,Bloque Yoga,20,False,2,19.7,39.4
2022-11-24,PROD_022,Gaiam Premium Yoga Block,Wellness,Bloque Yoga,20,False,2,20.1,40.2
2022-11-25,PROD_022,Gaiam Premium Yoga Block,Wellness,Bloque Yoga,20,False,8,19.0,152.0
2022-11-26,PROD_022,Gaiam Premium Yoga Block,Wellness,Bloque Yoga,20,False,6,19.2,115.2
2022-11-27,PROD_022,Gaiam Premium Yoga Block,Wellness,Bloque Yoga,20,False,6,19.2,115.2
2022-11-28,PROD_022,Gaiam Premium Yoga Block,Wellness,Bloque Yoga,20,False,5,19.0,95.0
2022-11-29,PROD_022,Gaiam Premium Yoga Block,Wellness,Bloque Yoga,20,False,3,19.4,58.2
2022-11-30,PROD_022,Gaiam Premium Yoga Block,Wellness,Bloque Yoga,20,False,3,19.4,58.2
2023-10-25,PROD_022,Gaiam Premium Yoga Block,Wellness,Bloque Yoga,20,False,1,20.14,20.14
2023-10-26,PROD_022,Gaiam Premium Yoga Block,Wellness,Bloque Yoga,20,False,2,20.1,40.2
2023-10-27,PROD_022,Gaiam Premium Yoga Block,Wellness,Bloque Yoga,20,False,2,20.42,40.84
2023-10-28,PROD_022,Gaiam Premium Yoga Block,Wellness,Bloque Yoga,20,False,2,19.85,39.7
2023-10-29,PROD_022,Gaiam Premium Yoga Block,Wellness,Bloque Yoga,20,False,2,19.8,39.6
2023-10-30,PROD_022,Gaiam Premium Yoga Block,Wellness,Bloque Yoga,20,False,2,19.84,39.68
2023-10-31,PROD_022,Gaiam Premium Yoga Block,Wellness,Bloque Yoga,20,False,1,20.55,20.55
2023-11-01,PROD_022,Gaiam Premium Yoga Block,Wellness,Bloque Yoga,20,False,1,20.36,20.36
2023-11-02,PROD_022,Gaiam Premium Yoga Block,Wellness,Bloque Yoga,20,False,1,20.47,20.47
2023-11-03,PROD_022,Gaiam Premium Yoga Block,Wellness,Bloque Yoga,20,False,2,19.65,39.3
2023-11-04,PROD_022,Gaiam Premium Yoga Block,Wellness,Bloque Yoga,20,False,2,20.1,40.2
2023-11-05,PROD_022,Gaiam Premium Yoga Block,Wellness,Bloque Yoga,20,False,2,20.36,40.72
2023-11-06,PROD_022,Gaiam Premium Yoga Block,Wellness,Bloque Yoga,20,False,1,19.83,19.83
2023-11-07,PROD_022,Gaiam Premium Yoga Block,Wellness,Bloque Yoga,20,False,1,20.33,20.33
2023-11-08,PROD_022,Gaiam Premium Yoga Block,Wellness,Bloque Yoga,20,False,2,19.7,39.4
2023-11-09,PROD_022,Gaiam Premium Yoga Block,Wellness,Bloque Yoga,20,False,1,20.36,20.36
2023-11-10,PROD_022,Gaiam Premium Yoga Block,Wellness,Bloque Yoga,20,False,2,20.34,40.68
2023-11-11,PROD_022,Gaiam Premium Yoga Block,Wellness,Bloque Yoga,20,False,2,20.19,40.38
2023-11-12,PROD_022,Gaiam Premium Yoga Block,Wellness,Bloque Yoga,20,False,2,20.39,40.78
2023-11-13,PROD_022,Gaiam Premium Yoga Block,Wellness,Bloque Yoga,20,False,2,19.62,39.24
2023-11-14,PROD_022,Gaiam Premium Yoga Block,Wellness,Bloque Yoga,20,False,1,19.62,19.62
2023-11-15,PROD_022,Gaiam Premium Yoga Block,Wellness,Bloque Yoga,20,False,2,20.02,40.04
2023-11-16,PROD_022,Gaiam Premium Yoga Block,Wellness,Bloque Yoga,20,False,2,19.75,39.5
2023-11-17,PROD_022,Gaiam Premium Yoga Block,Wellness,Bloque Yoga,20,False,2,20.55,41.1
2023-11-18,PROD_022,Gaiam Premium Yoga Block,Wellness,Bloque Yoga,20,False,2,20.41,40.82
2023-11-19,PROD_022,Gaiam Premium Yoga Block,Wellness,Bloque Yoga,20,False,1,20.49,20.49
2023-11-20,PROD_022,Gaiam Premium Yoga Block,Wellness,Bloque Yoga,20,False,1,20.55,20.55
2023-11-21,PROD_022,Gaiam Premium Yoga Block,Wellness,Bloque Yoga,20,False,2,20.28,40.56
2023-11-22,PROD_022,Gaiam Premium Yoga Block,Wellness,Bloque Yoga,20,False,2,19.71,39.42
2023-11-23,PROD_022,Gaiam Premium Yoga Block,Wellness,Bloque Yoga,20,False,2,19.75,39.5
2023-11-24,PROD_022,Gaiam Premium Yoga Block,Wellness,Bloque Yoga,20,False,8,19.0,152.0
2023-11-25,PROD_022,Gaiam Premium Yoga Block,Wellness,Bloque Yoga,20,False,7,19.2,134.4
2023-11-26,PROD_022,Gaiam Premium Yoga Block,Wellness,Bloque Yoga,20,False,8,19.2,153.6
2023-11-27,PROD_022,Gaiam Premium Yoga Block,Wellness,Bloque Yoga,20,False,7,19.0,133.0
2023-11-28,PROD_022,Gaiam Premium Yoga Block,Wellness,Bloque Yoga,20,False,4,19.4,77.6
2023-11-29,PROD_022,Gaiam Premium Yoga Block,Wellness,Bloque Yoga,20,False,3,19.4,58.2
2023-11-30,PROD_022,Gaiam Premium Yoga Block,Wellness,Bloque Yoga,20,False,1,20.39,20.39
2024-10-25,PROD_022,Gaiam Premium Yoga Block,Wellness,Bloque Yoga,20,False,2,20.35,40.7
2024-10-26,PROD_022,Gaiam Premium Yoga Block,Wellness,Bloque Yoga,20,False,2,20.21,40.42
2024-10-27,PROD_022,Gaiam Premium Yoga Block,Wellness,Bloque Yoga,20,False,2,20.24,40.48
2024-10-28,PROD_022,Gaiam Premium Yoga Block,Wellness,Bloque Yoga,20,False,2,20.55,41.1
2024-10-29,PROD_022,Gaiam Premium Yoga Block,Wellness,Bloque Yoga,20,False,2,20.03,40.06
2024-10-30,PROD_022,Gaiam Premium Yoga Block,Wellness,Bloque Yoga,20,False,1,20.47,20.47
2024-10-31,PROD_022,Gaiam Premium Yoga Block,Wellness,Bloque Yoga,20,False,1,20.13,20.13
2024-11-01,PROD_022,Gaiam Premium Yoga Block,Wellness,Bloque Yoga,20,False,2,20.17,40.34
2024-11-02,PROD_022,Gaiam Premium Yoga Block,Wellness,Bloque Yoga,20,False,2,20.27,40.54
2024-11-03,PROD_022,Gaiam Premium Yoga Block,Wellness,Bloque Yoga,20,False,2,20.45,40.9
2024-11-04,PROD_022,Gaiam Premium Yoga Block,Wellness,Bloque Yoga,20,False,2,19.7,39.4
2024-11-05,PROD_022,Gaiam Premium Yoga Block,Wellness,Bloque Yoga,20,False,1,19.65,19.65
2024-11-06,PROD_022,Gaiam Premium Yoga Block,Wellness,Bloque Yoga,20,False,2,20.34,40.68
2024-11-07,PROD_022,Gaiam Premium Yoga Block,Wellness,Bloque Yoga,20,False,2,19.77,39.54
2024-11-08,PROD_022,Gaiam Premium Yoga Block,Wellness,Bloque Yoga,20,False,2,20.32,40.64
2024-11-09,PROD_022,Gaiam Premium Yoga Block,Wellness,Bloque Yoga,20,False,2,19.95,39.9
2024-11-10,PROD_022,Gaiam Premium Yoga Block,Wellness,Bloque Yoga,20,False,2,20.59,41.18
2024-11-11,PROD_022,Gaiam Premium Yoga Block,Wellness,Bloque Yoga,20,False,1,20.32,20.32
2024-11-12,PROD_022,Gaiam Premium Yoga Block,Wellness,Bloque Yoga,20,False,1,20.56,20.56
2024-11-13,PROD_022,Gaiam Premium Yoga Block,Wellness,Bloque Yoga,20,False,2,20.47,40.94
2024-11-14,PROD_022,Gaiam Premium Yoga Block,Wellness,Bloque Yoga,20,False,1,20.37,20.37
2024-11-15,PROD_022,Gaiam Premium Yoga Block,Wellness,Bloque Yoga,20,False,2,19.47,38.94
2024-11-16,PROD_022,Gaiam Premium Yoga Block,Wellness,Bloque Yoga,20,False,2,20.43,40.86
2024-11-17,PROD_022,Gaiam Premium Yoga Block,Wellness,Bloque Yoga,20,False,2,19.4,38.8
2024-11-18,PROD_022,Gaiam Premium Yoga Block,Wellness,Bloque Yoga,20,False,1,19.99,19.99
2024-11-19,PROD_022,Gaiam Premium Yoga Block,Wellness,Bloque Yoga,20,False,2,20.27,40.54
2024-11-20,PROD_022,Gaiam Premium Yoga Block,Wellness,Bloque Yoga,20,False,1,19.85,19.85
2024-11-21,PROD_022,Gaiam Premium Yoga Block,Wellness,Bloque Yoga,20,False,1,19.76,19.76
2024-11-22,PROD_022,Gaiam Premium Yoga Block,Wellness,Bloque Yoga,20,False,2,20.27,40.54
2024-11-23,PROD_022,Gaiam Premium Yoga Block,Wellness,Bloque Yoga,20,False,2,20.19,40.38
2024-11-24,PROD_022,Gaiam Premium Yoga Block,Wellness,Bloque Yoga,20,False,2,20.15,40.3
2024-11-25,PROD_022,Gaiam Premium Yoga Block,Wellness,Bloque Yoga,20,False,2,19.44,38.88
2024-11-26,PROD_022,Gaiam Premium Yoga Block,Wellness,Bloque Yoga,20,False,2,20.53,41.06
2024-11-27,PROD_022,Gaiam Premium Yoga Block,Wellness,Bloque Yoga,20,False,3,20.5,61.5
2024-11-28,PROD_022,Gaiam Premium Yoga Block,Wellness,Bloque Yoga,20,False,2,19.57,39.14
2024-11-29,PROD_022,Gaiam Premium Yoga Block,Wellness,Bloque Yoga,20,False,8,19.0,152.0
2024-11-30,PROD_022,Gaiam Premium Yoga Block,Wellness,Bloque Yoga,20,False,9,19.2,172.8
