Data_Practica/data/raw/entrenamiento/ventas.csv
fecha,producto_id,nombre,categoria,subcategoria,precio_base,es_estrella,unidades_vendidas,precio_venta,ingresos
2021-10-25,PROD_023,Liforme Yoga Pad,Wellness,Rodillera Yoga,35,False,1,34.3,34.3
2021-10-26,PROD_023,Liforme Yoga Pad,Wellness,Rodillera Yoga,35,False,1,35.4,35.4
2021-10-27,PROD_023,Liforme Yoga Pad,Wellness,Rodillera Yoga,35,False,1,35.23,35.23
2021-10-28,PROD_023,Liforme Yoga Pad,Wellness,Rodillera Yoga,35,False,1,34.69,34.69
2021-10-29,PROD_023,Liforme Yoga Pad,Wellness,Rodillera Yoga,35,False,1,35.07,35.07
2021-10-30,PROD_023,Liforme Yoga Pad,Wellness,Rodillera Yoga,35,False,1,35.88,35.88
2021-10-31,PROD_023,Liforme Yoga Pad,Wellness,Rodillera Yoga,35,False,1,34.59,34.59
2021-11-01,PROD_023,Liforme Yoga Pad,Wellness,Rodillera Yoga,35,False,1,34.48,34.48
2021-11-02,PROD_023,Liforme Yoga Pad,Wellness,Rodillera Yoga,35,False,1,35.9,35.9
2021-11-03,PROD_023,Liforme Yoga Pad,Wellness,Rodillera Yoga,35,False,1,33.97,33.97
2021-11-04,PROD_023,Liforme Yoga Pad,Wellness,Rodillera Yoga,35,False,1,35.61,35.61
2021-11-05,PROD_023,Liforme Yoga Pad,Wellness,Rodillera Yoga,35,False,1,35.96,35.96
2021-11-06,PROD_023,Liforme Yoga Pad,Wellness,Rodillera Yoga,35,False,2,34.3,68.6
2021-11-07,PROD_023,Liforme Yoga Pad,Wellness,Rodillera Yoga,35,False,1,35.62,35.62
2021-11-08,PROD_023,Liforme Yoga Pad,Wellness,Rodillera Yoga,35,False,1,34.9,34.9
2021-11-09,PROD_023,Liforme Yoga Pad,Wellness,Rodillera Yoga,35,False,1,33.99,33.99
2021-11-10,PROD_023,Liforme Yoga Pad,Wellness,Rodillera Yoga,35,False,1,34.17,34.17
2021-11-11,PROD_023,Liforme Yoga Pad,Wellness,Rodillera Yoga,35,False,1,35.67,35.67
2021-11-12,PROD_023,Liforme Yoga Pad,Wellness,Rodillera Yoga,35,False,1,35.87,35.87
2021-11-13,PROD_023,Liforme Yoga Pad,Wellness,Rodillera Yoga,35,False,2,35.09,70.18
2021-11-14,PROD_023,Liforme Yoga Pad,Wellness,Rodillera Yoga,35,False,1,34.55,34.55
2021-11-15,PROD_023,Liforme Yoga Pad,Wellness,Rodillera Yoga,35,False,1,34.11,34.11
2021-11-16,PROD_023,Liforme Yoga Pad,Wellness,Rodillera Yoga,35,False,1,34.25,34.25
2021-11-17,PROD_023,Liforme Yoga Pad,Wellness,Rodillera Yoga,35,False,1,35.56,35.56
2021-11-18,PROD_023,Liforme Yoga Pad,Wellness,Rodillera Yoga,35,False,1,34.21,34.21
2021-11-19,PROD_023,Liforme Yoga Pad,Wellness,Rodillera Yoga,35,False,1,34.26,34.26
2021-11-20,PROD_023,Liforme Yoga Pad,Wellness,Rodillera Yoga,35,False,2,33.97,67.94
2021-11-21,PROD_023,Liforme Yoga Pad,Wellness,Rodillera Yoga,35,False,2,35.83,71.66
2021-11-22,PROD_023,Liforme Yoga Pad,Wellness,Rodillera Yoga,35,False,1,35.64,35.64
2021-11-23,PROD_023,Liforme Yoga Pad,Wellness,Rodillera Yoga,35,False,2,35.43,70.86
2021-11-24,PROD_023,Liforme Yoga Pad,Wellness,Rodillera Yoga,35,False,1,34.86,34.86
2021-11-25,PROD_023,Liforme Yoga Pad,Wellness,Rodillera Yoga,35,False,2,34.79,69.58
2021-11-26,PROD_023,Liforme Yoga Pad,Wellness,Rodillera Yoga,35,False,7,33.25,232.75
2021-11-27,PROD_023,Liforme Yoga Pad,Wellness,Rodillera Yoga,35,False,6,33.6,201.6
2021-11-28,PROD_023,Liforme Yoga Pad,Wellness,Rodillera Yoga,35,False,5,33.6,168.0
2021-11-29,PROD_023,Liforme Yoga Pad,Wellness,Rodillera Yoga,35,False,6,33.25,199.5
2021-11-30,PROD_023,Liforme Yoga Pad,Wellness,Rodillera Yoga,35,False,3,33.95,101.85
2022-10-25,PROD_023,Liforme Yoga Pad,Wellness,Rodillera Yoga,35,False,1,34.64,34.64
2022-10-26,PROD_023,Liforme Yoga Pad,Wellness,Rodillera Yoga,35,False,1,35.5,35.5
2022-10-27,PROD_023,Liforme Yoga Pad,Wellness,Rodillera Yoga,35,False,1,34.26,34.26
2022-10-28,PROD_023,Liforme Yoga Pad,Wellness,Rodillera Yoga,35,False,1,35.14,35.14
2022-10-29,PROD_023,Liforme Yoga Pad,Wellness,Rodillera Yoga,35,False,2,35.73,71.46
2022-10-30,PROD_023,Liforme Yoga Pad,Wellness,Rodillera Yoga,35,False,2,34.96,69.92
2022-10-31,PROD_023,Liforme Yoga Pad,Wellness,Rodillera Yoga,35,False,1,35.58,35.58
2022-11-01,PROD_023,Liforme Yoga Pad,Wellness,Rodillera Yoga,35,False,2,35.77,71.54
2022-11-02,PROD_023,Liforme Yoga Pad,Wellness,Rodillera Yoga,35,False,1,34.22,34.22
2022-11-03,PROD_023,Liforme Yoga Pad,Wellness,Rodillera Yoga,35,False,1,34.53,34.53
2022-11-04,PROD_023,Liforme Yoga Pad,Wellness,Rodillera Yoga,35,False,2,35.09,70.18
2022-11-05,PROD_023,Liforme Yoga Pad,Wellness,Rodillera Yoga,35,False,2,35.4,70.8
2022-11-06,PROD_023,Liforme Yoga Pad,Wellness,Rodillera Yoga,35,False,2,34.96,69.92
2022-11-07,PROD_023,Liforme Yoga Pad,Wellness,Rodillera Yoga,35,False,1,34.05,34.05
2022-11-08,PROD_023,Liforme Yoga Pad,Wellness,Rodillera Yoga,35,False,1,35.03,35.03
2022-11-09,PROD_023,Liforme Yoga Pad,Wellness,Rodillera Yoga,35,False,1,35.27,35.27
2022-11-10,PROD_023,Liforme Yoga Pad,Wellness,Rodillera Yoga,35,False,1,35.24,35.24
2022-11-11,PROD_023,Liforme Yoga Pad,Wellness,Rodillera Yoga,35,False,2,34.45,68.9
2022-11-12,PROD_023,Liforme Yoga Pad,Wellness,Rodillera Yoga,35,False,2,35.72,71.44
2022-11-13,PROD_023,Liforme Yoga Pad,Wellness,Rodillera Yoga,35,False,2,35.56,71.12
2022-11-14,PROD_023,Liforme Yoga Pad,Wellness,Rodillera Yoga,35,False,2,34.57,69.14
2022-11-15,PROD_023,Liforme Yoga Pad,Wellness,Rodillera Yoga,35,False,1,34.3,34.3
2022-11-16,PROD_023,Liforme Yoga Pad,Wellness,Rodillera Yoga,35,False,1,34.8,34.8
2022-11-17,PROD_023,Liforme Yoga Pad,Wellness,Rodillera Yoga,35,False,1,34.04,34.04
2022-11-18,PROD_023,Liforme Yoga Pad,Wellness,Rodillera Yoga,35,False,2,35.74,71.48
2022-11-19,PROD_023,Liforme Yoga Pad,Wellness,Rodillera Yoga,35,False,1,34.24,34.24
2022-11-20,PROD_023,Liforme Yoga Pad,Wellness,Rodillera Yoga,35,False,1,35.11,35.11
2022-11-21,PROD_023,Liforme Yoga Pad,Wellness,Rodillera Yoga,35,False,1,34.94,34.94
2022-11-22,PROD_023,Liforme Yoga Pad,Wellness,Rodillera Yoga,35,False,2,35.89,71.78
2022-11-23,PROD_023,Liforme Yoga Pad,Wellness,Rodillera Yoga,35,False,2,34.61,69.22
2022-11-24,PROD_023,Liforme Yoga Pad,Wellness,Rodillera Yoga,35,False,2,35.28,70.56
2022-11-25,PROD_023,Liforme Yoga Pad,Wellness,Rodillera Yoga,35,False,7,33.25,232.75
2022-11-26,PROD_023,Liforme Yoga Pad,Wellness,Rodillera Yoga,35,False,7,33.6,235.2
2022-11-27,PROD_023,Liforme Yoga Pad,Wellness,Rodillera Yoga,35,False,5,33.6,168.0
2022-11-28,PROD_023,Liforme Yoga Pad,Wellness,Rodillera Yoga,35,False,7,33.25,232.75
2022-11-29,PROD_023,Liforme Yoga Pad,Wellness,Rodillera Yoga,35,False,3,33.95,101.85
2022-11-30,PROD_023,Liforme Yoga Pad,Wellness,Rodillera Yoga,35,False,4,33.95,135.8
2023-10-25,PROD_023,Liforme Yoga Pad,Wellness,Rodillera Yoga,35,False,1,34.94,34.94
2023-10-26,PROD_023,Liforme Yoga Pad,Wellness,Rodillera Yoga,35,False,1,34.29,34.29
2023-10-27,PROD_023,Liforme Yoga Pad,Wellness,Rodillera Yoga,35,False,1,35.72,35.72
2023-10-28,PROD_023,Liforme Yoga Pad,Wellness,Rodillera Yoga,35,False,2,35.5,71.0
2023-10-29,PROD_023,Liforme Yoga Pad,Wellness,Rodillera Yoga,35,False,1,35.72,35.72
2023-10-30,PROD_023,Liforme Yoga Pad,Wellness,Rodillera Yoga,35,False,1,34.89,34.89
2023-10-31,PROD_023,Liforme Yoga Pad,Wellness,Rodillera Yoga,35,False,1,35.66,35.66
2023-11-01,PROD_023,Liforme Yoga Pad,Wellness,Rodillera Yoga,35,False,1,34.31,34.31
2023-11-02,PROD_023,Liforme Yoga Pad,Wellness,Rodillera Yoga,35,False,1,34.55,34.55
2023-11-03,PROD_023,Liforme Yoga Pad,Wellness,Rodillera Yoga,35,False,2,34.29,68.58
2023-11-04,PROD_023,Liforme Yoga Pad,Wellness,Rodillera Yoga,35,False,2,35.42,70.84
2023-11-05,PROD_023,Liforme Yoga Pad,Wellness,Rodillera Yoga,35,False,1,34.49,34.49
2023-11-06,PROD_023,Liforme Yoga Pad,Wellness,Rodillera Yoga,35,False,1,34.23,34.23
2023-11-07,PROD_023,Liforme Yoga Pad,Wellness,Rodillera Yoga,35,False,1,34.98,34.98
2023-11-08,PROD_023,Liforme Yoga Pad,Wellness,Rodillera Yoga,35,False,2,34.23,68.46
2023-11-09,PROD_023,Liforme Yoga Pad,Wellness,Rodillera Yoga,35,False,1,35.27,35.27
2023-11-10,PROD_023,Liforme Yoga Pad,Wellness,Rodillera Yoga,35,False,1,34.78,34.78
2023-11-11,PROD_023,Liforme Yoga Pad,Wellness,Rodillera Yoga,35,False,2,34.06,68.12
2023-11-12,PROD_023,Liforme Yoga Pad,Wellness,Rodillera Yoga,35,False,2,35.13,70.26
2023-11-13,PROD_023,Liforme Yoga Pad,Wellness,Rodillera Yoga,35,False,1,35.88,35.88
2023-11-14,PROD_023,Liforme Yoga Pad,Wellness,Rodillera Yoga,35,False,2,35.52,71.04
2023-11-15,PROD_023,Liforme Yoga Pad,Wellness,Rodillera Yoga,35,False,1,34.42,34.42
2023-11-16,PROD_023,Liforme Yoga Pad,Wellness,Rodillera Yoga,35,False,1,35.62,35.62
2023-11-17,PROD_023,Liforme Yoga Pad,Wellness,Rodillera Yoga,35,False,1,35.66,35.66
2023-11-18,PROD_023,Liforme Yoga Pad,Wellness,Rodillera Yoga,35,False,2,34.37,68.74
2023-11-19,PROD_023,Liforme Yoga Pad,Wellness,Rodillera Yoga,35,False,2,34.69,69.38
2023-11-20,PROD_023,Liforme Yoga Pad,Wellness,Rodillera Yoga,35,False,1,34.35,34.35
2023-11-21,PROD_023,Liforme Yoga Pad,Wellness,Rodillera Yoga,35,False,2,34.45,68.9
2023-11-22,PROD_023,Liforme Yoga Pad,Wellness,Rodillera Yoga,35,False,2,34.83,69.66
2023-11-23,PROD_023,Liforme Yoga Pad,Wellness,Rodillera Yoga,35,False,2,34.07,68.14
2023-11-24,PROD_023,Liforme Yoga Pad,Wellness,Rodillera Yoga,35,False,7,33.25,232.75
2023-11-25,PROD_023,Liforme Yoga Pad,Wellness,Rodillera Yoga,35,False,8,33.6,268.8
2023-11-26,PROD_023,Liforme Yoga Pad,Wellness,Rodillera Yoga,35,False,8,33.6,268.8
2023-11-27,PROD_023,Liforme Yoga Pad,Wellness,Rodillera Yoga,35,False,5,33.25,166.25
2023-11-28,PROD_023,Liforme Yoga Pad,Wellness,Rodillera Yoga,35,False,3,33.95,101.85
2023-11-29,PROD_023,Liforme Yoga Pad,Wellness,Rodillera Yoga,35,False,4,33.95,135.8
2023-11-30,PROD_023,Liforme Yoga Pad,Wellness,Rodillera Yoga,35,False,1,34.05,34.05
2024-10-25,PROD_023,Liforme Yoga Pad,Wellness,Rodillera Yoga,35,False,1,34.05,34.05
2024-10-26,PROD_023,Liforme Yoga Pad,Wellness,Rodillera Yoga,35,False,2,34.61,69.22
2024-10-27,PROD_023,Liforme Yoga Pad,Wellness,Rodillera Yoga,35,False,2,34.28,68.56
2024-10-28,PROD_023,Liforme Yoga Pad,Wellness,Rodillera Yoga,35,False,2,35.82,71.64
2024-10-29,PROD_023,Liforme Yoga Pad,Wellness,Rodillera Yoga,35,False,2,34.42,68.84
2024-10-30,PROD_023,Liforme Yoga Pad,Wellness,Rodillera Yoga,35,False,1,36.01,36.01
2024-10-31,PROD_023,Liforme Yoga Pad,Wellness,Rodillera Yoga,35,False,1,35.7,35.7
2024-11-01,PROD_023,Liforme Yoga Pad,Wellness,Rodillera Yoga,35,False,1,35.23,35.23
2024-11-02,PROD_023,Liforme Yoga Pad,Wellness,Rodillera Yoga,35,False,2,34.65,69.3
2024-11-03,PROD_023,Liforme Yoga Pad,Wellness,Rodillera Yoga,35,False,2,34.59,69.18
2024-11-04,PROD_023,Liforme Yoga Pad,Wellness,Rodillera Yoga,35,False,1,35.72,35.72
2024-11-05,PROD_023,Liforme Yoga Pad,Wellness,Rodillera Yoga,35,False,2,35.34,70.68
2024-11-06,PROD_023,Liforme Yoga Pad,Wellness,Rodillera Yoga,35,False,1,34.21,34.21
2024-11-07,PROD_023,Liforme Yoga Pad,Wellness,Rodillera Yoga,35,False,2,34.29,68.58
2024-11-08,PROD_023,Liforme Yoga Pad,Wellness,Rodillera Yoga,35,False,2,34.71,69.42
2024-11-09,PROD_023,Liforme Yoga Pad,Wellness,Rodillera Yoga,35,False,2,35.34,70.68
2024-11-10,PROD_023,Liforme Yoga Pad,Wellness,Rodillera Yoga,35,False,2,35.93,71.86
2024-11-11,PROD_023,Liforme Yoga Pad,Wellness,Rodillera Yoga,35,False,2,34.44,68.88
2024-11-12,PROD_023,Liforme Yoga Pad,Wellness,Rodillera Yoga,35,False,2,34.58,69.16
2024-11-13,PROD_023,Liforme Yoga Pad,Wellness,Rodillera Yoga,35,False,2,34.13,68.26
2024-11-14,PROD_023,Liforme Yoga Pad,Wellness,Rodillera Yoga,35,False,1,34.11,34.11
2024-11-15,PROD_023,Liforme Yoga Pad,Wellness,Rodillera Yoga,35,False,2,35.98,71.96
2024-11-16,PROD_023,Liforme Yoga Pad,Wellness,Rodillera Yoga,35,False,2,34.97,69.94
2024-11-17,PROD_023,Liforme Yoga Pad,Wellness,Rodillera Yoga,35,False,2,35.64,71.28
2024-11-18,PROD_023,Liforme Yoga Pad,Wellness,Rodillera Yoga,35,False,1,35.7,35.7
2024-11-19,PROD_023,Liforme Yoga Pad,Wellness,Rodillera Yoga,35,False,2,34.8,69.6
2024-11-20,PROD_023,Liforme Yoga Pad,Wellness,Rodillera Yoga,35,False,1,34.26,34.26
2024-11-21,PROD_023,Liforme Yoga Pad,Wellness,Rodillera Yoga,35,False,1,34.22,34.22
2024-11-22,PROD_023,Liforme Yoga Pad,Wellness,Rodillera Yoga,35,False,1,35.92,35.92
2024-11-23,PROD_023,Liforme Yoga Pad,Wellness,Rodillera Yoga,35,False,3,35.41,106.23
2024-11-24,PROD_023,Liforme Yoga Pad,Wellness,Rodillera Yoga,35,False,2,35.25,70.5
2024-11-25,PROD_023,Liforme Yoga Pad,Wellness,Rodillera Yoga,35,False,2,34.64,69.28
2024-11-26,PROD_023,Liforme Yoga Pad,Wellness,Rodillera Yoga,35,False,2,34.43,68.86
2024-11-27,PROD_023,Liforme Yoga Pad,Wellness,Rodillera Yoga,35,False,2,34.28,68.56
2024-11-28,PROD_023,Liforme Yoga Pad,Wellness,Rodillera Yoga,35,False,2,34.21,68.42
2024-11-29,PROD_023,Liforme Yoga Pad,Wellness,Rodillera Yoga,35,False,8,33.25,266.0
2024-11-30,PROD_023,Liforme Yoga Pad,Wellness,Rodillera Yoga,35,False,9,33.6,302.4
