Data_Practica/data/raw/entrenamiento/ventas.csv
fecha,producto_id,nombre,categoria,subcategoria,precio_base,es_estrella,unidades_vendidas,precio_venta,ingresos
2021-10-25,PROD_024,Lotuscrafts Yoga Bolster,Wellness,Cojín Yoga,50,False,1,49.92,49.92
2021-10-26,PROD_024,Lotuscrafts Yoga Bolster,Wellness,Cojín Yoga,50,False,1,50.48,50.48
2021-10-27,PROD_024,Lotuscrafts Yoga Bolster,Wellness,Cojín Yoga,50,False,1,50.65,50.65
2021-10-28,PROD_024,Lotuscrafts Yoga Bolster,Wellness,Cojín Yoga,50,False,1,49.32,49.32
2021-10-29,PROD_024,Lotuscrafts Yoga Bolster,Wellness,Cojín Yoga,50,False,1,50.51,50.51
2021-10-30,PROD_024,Lotuscrafts Yoga Bolster,Wellness,Cojín Yoga,50,False,1,51.05,51.05
2021-10-31,PROD_024,Lotuscrafts Yoga Bolster,Wellness,Cojín Yoga,50,False,1,48.69,48.69
2021-11-01,PROD_024,Lotuscrafts Yoga Bolster,Wellness,Cojín Yoga,50,False,1,50.41,50.41
2021-11-02,PROD_024,Lotuscrafts Yoga Bolster,Wellness,Cojín Yoga,50,False,1,49.8,49.8
2021-11-03,PROD_024,Lotuscrafts Yoga Bolster,Wellness,Cojín Yoga,50,False,1,51.48,51.48
2021-11-04,PROD_024,Lotuscrafts Yoga Bolster,Wellness,Cojín Yoga,50,False,1,48.94,48.94
2021-11-05,PROD_024,Lotuscrafts Yoga Bolster,Wellness,Cojín Yoga,50,False,1,49.24,49.24
2021-11-06,PROD_024,Lotuscrafts Yoga Bolster,Wellness,Cojín Yoga,50,False,2,49.74,99.48
2021-11-07,PROD_024,Lotuscrafts Yoga Bolster,Wellness,Cojín Yoga,50,False,1,51.22,51.22
2021-11-08,PROD_024,Lotuscrafts Yoga Bolster,Wellness,Cojín Yoga,50,False,1,50.36,50.36
2021-11-09,PROD_024,Lotuscrafts Yoga Bolster,Wellness,Cojín Yoga,50,False,1,49.34,49.34
2021-11-10,PROD_024,Lotuscrafts Yoga Bolster,Wellness,Cojín Yoga,50,False,1,50.46,50.46
2021-11-11,PROD_024,Lotuscrafts Yoga Bolster,Wellness,Cojín Yoga,50,False,1,50.56,50.56
2021-11-12,PROD_024,Lotuscrafts Yoga Bolster,Wellness,Cojín Yoga,50,False,1,50.25,50.25
2021-11-13,PROD_024,Lotuscrafts Yoga Bolster,Wellness,Cojín Yoga,50,False,1,50.13,50.13
2021-11-14,PROD_024,Lotuscrafts Yoga Bolster,Wellness,Cojín Yoga,50,False,1,49.66,49.66
2021-11-15,PROD_024,Lotuscrafts Yoga Bolster,Wellness,Cojín Yoga,50,False,1,48.7,48.7
2021-11-16,PROD_024,Lotuscrafts Yoga Bolster,Wellness,Cojín Yoga,50,False,1,49.99,49.99
2021-11-17,PROD_024,Lotuscrafts Yoga Bolster,Wellness,Cojín Yoga,50,False,1,51.05,51.05
2021-11-18,PROD_024,Lotuscrafts Yoga Bolster,Wellness,Cojín Yoga,50,False,1,49.3,49.3
2021-11-19,PROD_024,Lotuscrafts Yoga Bolster,Wellness,Cojín Yoga,50,False,1,51.37,51.37
2021-11-20,PROD_024,Lotuscrafts Yoga Bolster,Wellness,Cojín Yoga,50,False,1,49.19,49.19
2021-11-21,PROD_024,Lotuscrafts Yoga Bolster,Wellness,Cojín Yoga,50,False,1,49.93,49.93
2021-11-22,PROD_024,Lotuscrafts Yoga Bolster,Wellness,Cojín Yoga,50,False,1,50.48,50.48
2021-11-23,PROD_024,Lotuscrafts Yoga Bolster,Wellness,Cojín Yoga,50,False,2,51.4,102.8
2021-11-24,PROD_024,Lotuscrafts Yoga Bolster,Wellness,Cojín Yoga,50,False,2,51.41,102.82
2021-11-25,PROD_024,Lotuscrafts Yoga Bolster,Wellness,Cojín Yoga,50,False,2,50.52,101.04
2021-11-26,PROD_024,Lotuscrafts Yoga Bolster,Wellness,Cojín Yoga,50,False,7,47.5,332.5
2021-11-27,PROD_024,Lotuscrafts Yoga Bolster,Wellness,Cojín Yoga,50,False,7,48.0,336.0
2021-11-28,PROD_024,Lotuscrafts Yoga Bolster,Wellness,Cojín Yoga,50,False,5,48.0,240.0
2021-11-29,PROD_024,Lotuscrafts Yoga Bolster,Wellness,Cojín Yoga,50,False,5,47.5,237.5
2021-11-30,PROD_024,Lotuscrafts Yoga Bolster,Wellness,Cojín Yoga,50,False,2,48.5,97.0
2022-10-25,PROD_024,Lotuscrafts Yoga Bolster,Wellness,Cojín Yoga,50,False,1,50.66,50.66
2022-10-26,PROD_024,Lotuscrafts Yoga Bolster,Wellness,Cojín Yoga,50,False,1,48.76,48.76
2022-10-27,PROD_024,Lotuscrafts Yoga Bolster,Wellness,Cojín Yoga,50,False,1,49.53,49.53
2022-10-28,PROD_024,Lotuscrafts Yoga Bolster,Wellness,Cojín Yoga,50,False,1,48.57,48.57
2022-10-29,PROD_024,Lotuscrafts Yoga Bolster,Wellness,Cojín Yoga,50,False,2,50.56,101.12
2022-10-30,PROD_024,Lotuscrafts Yoga Bolster,Wellness,Cojín Yoga,50,False,1,49.08,49.08
2022-10-31,PROD_024,Lotuscrafts Yoga Bolster,Wellness,Cojín Yoga,50,False,1,50.93,50.93
2022-11-01,PROD_024,Lotuscrafts Yoga Bolster,Wellness,Cojín Yoga,50,False,1,50.29,50.29
2022-11-02,PROD_024,Lotuscrafts Yoga Bolster,Wellness,Cojín Yoga,50,False,2,49.9,99.8
2022-11-03,PROD_024,Lotuscrafts Yoga Bolster,Wellness,Cojín Yoga,50,False,1,50.24,50.24
2022-11-04,PROD_024,Lotuscrafts Yoga Bolster,Wellness,Cojín Yoga,50,False,1,49.66,49.66
2022-11-05,PROD_024,Lotuscrafts Yoga Bolster,Wellness,Cojín Yoga,50,False,2,50.39,100.78
2022-11-06,PROD_024,Lotuscrafts Yoga Bolster,Wellness,Cojín Yoga,50,False,1,51.36,51.36
2022-11-07,PROD_024,Lotuscrafts Yoga Bolster,Wellness,Cojín Yoga,50,False,1,49.02,49.02
2022-11-08,PROD_024,Lotuscrafts Yoga Bolster,Wellness,Cojín Yoga,50,False,1,49.78,49.78
2022-11-09,PROD_024,Lotuscrafts Yoga Bolster,Wellness,Cojín Yoga,50,False,1,49.88,49.88
2022-11-10,PROD_024,Lotuscrafts Yoga Bolster,Wellness,Cojín Yoga,50,False,1,50.85,50.85
2022-11-11,PROD_024,Lotuscrafts Yoga Bolster,Wellness,Cojín Yoga,50,False,2,50.95,101.9
2022-11-12,PROD_024,Lotuscrafts Yoga Bolster,Wellness,Cojín Yoga,50,False,2,49.18,98.36
2022-11-13,PROD_024,Lotuscrafts Yoga Bolster,Wellness,Cojín Yoga,50,False,1,49.55,49.55
2022-11-14,PROD_024,Lotuscrafts Yoga Bolster,Wellness,Cojín Yoga,50,False,1,49.19,49.19
2022-11-15,PROD_024,Lotuscrafts Yoga Bolster,Wellness,Cojín Yoga,50,False,1,50.51,50.51
2022-11-16,PROD_024,Lotuscrafts Yoga Bolster,Wellness,Cojín Yoga,50,False,1,49.37,49.37
2022-11-17,PROD_024,Lotuscrafts Yoga Bolster,Wellness,Cojín Yoga,50,False,1,50.82,50.82
2022-11-18,PROD_024,Lotuscrafts Yoga Bolster,Wellness,Cojín Yoga,50,False,1,50.57,50.57
2022-11-19,PROD_024,Lotuscrafts Yoga Bolster,Wellness,Cojín Yoga,50,False,2,49.0,98.0
2022-11-20,PROD_024,Lotuscrafts Yoga Bolster,Wellness,Cojín Yoga,50,False,1,50.05,50.05
2022-11-21,PROD_024,Lotuscrafts Yoga Bolster,Wellness,Cojín Yoga,50,False,1,49.21,49.21
2022-11-22,PROD_024,Lotuscrafts Yoga Bolster,Wellness,Cojín Yoga,50,False,2,49.41,98.82
2022-11-23,PROD_024,Lotuscrafts Yoga Bolster,Wellness,Cojín Yoga,50,False,2,50.0,100.0
2022-11-24,PROD_024,Lotuscrafts Yoga Bolster,Wellness,Cojín Yoga,50,False,1,48.96,48.96
2022-11-25,PROD_024,Lotuscrafts Yoga Bolster,Wellness,Cojín Yoga,50,False,7,47.5,332.5
2022-11-26,PROD_024,Lotuscrafts Yoga Bolster,Wellness,Cojín Yoga,50,False,8,48.0,384.0
2022-11-27,PROD_024,Lotuscrafts Yoga Bolster,Wellness,Cojín Yoga,50,False,6,48.0,288.0
2022-11-28,PROD_024,Lotuscrafts Yoga Bolster,Wellness,Cojín Yoga,50,False,7,47.5,332.5
2022-11-29,PROD_024,Lotuscrafts Yoga Bolster,Wellness,Cojín Yoga,50,False,3,48.5,145.5
2022-11-30,PROD_024,Lotuscrafts Yoga Bolster,Wellness,Cojín Yoga,50,False,3,48.5,145.5
2023-10-25,PROD_024,Lotuscrafts Yoga Bolster,Wellness,Cojín Yoga,50,False,1,51.33,51.33
2023-10-26,PROD_024,Lotuscrafts Yoga Bolster,Wellness,Cojín Yoga,50,False,1,51.13,51.13
2023-10-27,PROD_024,Lotuscrafts Yoga Bolster,Wellness,Cojín Yoga,50,False,2,49.97,99.94
2023-10-28,PROD_024,Lotuscrafts Yoga Bolster,Wellness,Cojín Yoga,50,False,2,50.4,100.8
2023-10-29,PROD_024,Lotuscrafts Yoga Bolster,Wellness,Cojín Yoga,50,False,1,50.52,50.52
2023-10-30,PROD_024,Lotuscrafts Yoga Bolster,Wellness,Cojín Yoga,50,False,1,49.18,49.18
2023-10-31,PROD_024,Lotuscrafts Yoga Bolster,Wellness,Cojín Yoga,50,False,1,50.21,50.21
2023-11-01,PROD_024,Lotuscrafts Yoga Bolster,Wellness,Cojín Yoga,50,False,1,50.15,50.15
2023-11-02,PROD_024,Lotuscrafts Yoga Bolster,Wellness,Cojín Yoga,50,False,1,49.73,49.73
2023-11-03,PROD_024,Lotuscrafts Yoga Bolster,Wellness,Cojín Yoga,50,False,2,49.8,99.6
2023-11-04,PROD_024,Lotuscrafts Yoga Bolster,Wellness,Cojín Yoga,50,False,2,51.04,102.08
2023-11-05,PROD_024,Lotuscrafts Yoga Bolster,Wellness,Cojín Yoga,50,False,2,48.59,97.18
2023-11-06,PROD_024,Lotuscrafts Yoga Bolster,Wellness,Cojín Yoga,50,False,1,48.52,48.52
2023-11-07,PROD_024,Lotuscrafts Yoga Bolster,Wellness,Cojín Yoga,50,False,1,50.7,50.7
2023-11-08,PROD_024,Lotuscrafts Yoga Bolster,Wellness,Cojín Yoga,50,False,1,48.65,48.65
2023-11-09,PROD_024,Lotuscrafts Yoga Bolster,Wellness,Cojín Yoga,50,False,1,50.35,50.35
2023-11-10,PROD_024,Lotuscrafts Yoga Bolster,Wellness,Cojín Yoga,50,False,2,49.89,99.78
2023-11-11,PROD_024,Lotuscrafts Yoga Bolster,Wellness,Cojín Yoga,50,False,2,49.79,99.58
2023-11-12,PROD_024,Lotuscrafts Yoga Bolster,Wellness,Cojín Yoga,50,False,1,50.37,50.37
2023-11-13,PROD_024,Lotuscrafts Yoga Bolster,Wellness,Cojín Yoga,50,False,1,51.38,51.38
2023-11-14,PROD_024,Lotuscrafts Yoga Bolster,Wellness,Cojín Yoga,50,False,1,51.41,51.41
2023-11-15,PROD_024,Lotuscrafts Yoga Bolster,Wellness,Cojín Yoga,50,False,1,50.1,50.1
2023-11-16,PROD_024,Lotuscrafts Yoga Bolster,Wellness,Cojín Yoga,50,False,1,49.87,49.87
2023-11-17,PROD_024,Lotuscrafts Yoga Bolster,Wellness,Cojín Yoga,50,False,1,50.29,50.29
2023-11-18,PROD_024,Lotuscrafts Yoga Bolster,Wellness,Cojín Yoga,50,False,1,50.21,50.21
2023-11-19,PROD_024,Lotuscrafts Yoga Bolster,Wellness,Cojín Yoga,50,False,1,49.46,49.46
2023-11-20,PROD_024,Lotuscrafts Yoga Bolster,Wellness,Cojín Yoga,50,False,1,48.56,48.56
2023-11-21,PROD_024,Lotuscrafts Yoga Bolster,Wellness,Cojín Yoga,50,False,2,50.11,100.22
2023-11-22,PROD_024,Lotuscrafts Yoga Bolster,Wellness,Cojín Yoga,50,False,2,48.92,97.84
2023-11-23,PROD_024,Lotuscrafts Yoga Bolster,Wellness,Cojín Yoga,50,False,1,51.43,51.43
2023-11-24,PROD_024,Lotuscrafts Yoga Bolster,Wellness,Cojín Yoga,50,False,6,47.5,285.0
2023-11-25,PROD_024,Lotuscrafts Yoga Bolster,Wellness,Cojín Yoga,50,False,8,48.0,384.0
2023-11-26,PROD_024,Lotuscrafts Yoga Bolster,Wellness,Cojín Yoga,50,False,6,48.0,288.0
2023-11-27,PROD_024,Lotuscrafts Yoga Bolster,Wellness,Cojín Yoga,50,False,5,47.5,237.5
2023-11-28,PROD_024,Lotuscrafts Yoga Bolster,Wellness,Cojín Yoga,50,False,4,48.5,194.0
2023-11-29,PROD_024,Lotuscrafts Yoga Bolster,Wellness,Cojín Yoga,50,False,3,48.5,145.5
2023-11-30,PROD_024,Lotuscrafts Yoga Bolster,Wellness,Cojín Yoga,50,False,1,51.43,51.43
2024-10-25,PROD_024,Lotuscrafts Yoga Bolster,Wellness,Cojín Yoga,50,False,2,49.78,99.56
2024-10-26,PROD_024,Lotuscrafts Yoga Bolster,Wellness,Cojín Yoga,50,False,2,51.08,102.16
2024-10-27,PROD_024,Lotuscrafts Yoga Bolster,Wellness,Cojín Yoga,50,False,2,50.61,101.22
2024-10-28,PROD_024,Lotuscrafts Yoga Bolster,Wellness,Cojín Yoga,50,False,1,49.74,49.74
2024-10-29,PROD_024,Lotuscrafts Yoga Bolster,Wellness,Cojín Yoga,50,False,1,51.12,51.12
2024-10-30,PROD_024,Lotuscrafts Yoga Bolster,Wellness,Cojín Yoga,50,False,2,50.55,101.1
2024-10-31,PROD_024,Lotuscrafts Yoga Bolster,Wellness,Cojín Yoga,50,False,1,49.42,49.42
2024-11-01,PROD_024,Lotuscrafts Yoga Bolster,Wellness,Cojín Yoga,50,False,1,49.42,49.42
2024-11-02,PROD_024,Lotuscrafts Yoga Bolster,Wellness,Cojín Yoga,50,False,2,50.64,101.28
2024-11-03,PROD_024,Lotuscrafts Yoga Bolster,Wellness,Cojín Yoga,50,False,1,50.5,50.5
2024-11-04,PROD_024,Lotuscrafts Yoga Bolster,Wellness,Cojín Yoga,50,False,2,51.1,102.2
2024-11-05,PROD_024,Lotuscrafts Yoga Bolster,Wellness,Cojín Yoga,50,False,1,49.43,49.43
2024-11-06,PROD_024,Lotuscrafts Yoga Bolster,Wellness,Cojín Yoga,50,False,1,49.28,49.28
2024-11-07,PROD_024,Lotuscrafts Yoga Bolster,Wellness,Cojín Yoga,50,False,1,50.96,50.96
2024-11-08,PROD_024,Lotuscrafts Yoga Bolster,Wellness,Cojín Yoga,50,False,2,50.28,100.56
2024-11-09,PROD_024,Lotuscrafts Yoga Bolster,Wellness,Cojín Yoga,50,False,2,48.99,97.98
2024-11-10,PROD_024,Lotuscrafts Yoga Bolster,Wellness,Cojín Yoga,50,False,1,51.17,51.17
2024-11-11,PROD_024,Lotuscrafts Yoga Bolster,Wellness,Cojín Yoga,50,False,1,50.36,50.36
2024-11-12,PROD_024,Lotuscrafts Yoga Bolster,Wellness,Cojín Yoga,50,False,1,49.6,49.6
2024-11-13,PROD_024,Lotuscrafts Yoga Bolster,Wellness,Cojín Yoga,50,False,1,48.63,48.63
2024-11-14,PROD_024,Lotuscrafts Yoga Bolster,Wellness,Cojín Yoga,50,False,1,49.31,49.31
2024-11-15,PROD_024,Lotuscrafts Yoga Bolster,Wellness,Cojín Yoga,50,False,2,50.82,101.64
2024-11-16,PROD_024,Lotuscrafts Yoga Bolster,Wellness,Cojín Yoga,50,False,2,51.02,102.04
2024-11-17,PROD_024,Lotuscrafts Yoga Bolster,Wellness,Cojín Yoga,50,False,2,48.75,97.5
2024-11-18,PROD_024,Lotuscrafts Yoga Bolster,Wellness,Cojín Yoga,50,False,1,51.14,51.14
2024-11-19,PROD_024,Lotuscrafts Yoga Bolster,Wellness,Cojín Yoga,50,False,1,49.62,49.62
2024-11-20,PROD_024,Lotuscrafts Yoga Bolster,Wellness,Cojín Yoga,50,False,1,49.37,49.37
2024-11-21,PROD_024,Lotuscrafts Yoga Bolster,Wellness,Cojín Yoga,50,False,1,51.38,51.38
2024-11-22,PROD_024,Lotuscrafts Yoga Bolster,Wellness,Cojín Yoga,50,False,1,49.03,49.03
2024-11-23,PROD_024,Lotuscrafts Yoga Bolster,Wellness,Cojín Yoga,50,False,2,48.7,97.4
2024-11-24,PROD_024,Lotuscrafts Yoga Bolster,Wellness,Cojín Yoga,50,False,1,51.07,51.07
2024-11-25,PROD_024,Lotuscrafts Yoga Bolster,Wellness,Cojín Yoga,50,False,2,48.75,97.5
2024-11-26,PROD_024,Lotuscrafts Yoga Bolster,Wellness,Cojín Yoga,50,False,2,48.69,97.38
2024-11-27,PROD_024,Lotuscrafts Yoga Bolster,Wellness,Cojín Yoga,50,False,2,49.77,99.54
2024-11-28,PROD_024,Lotuscrafts Yoga Bolster,Wellness,Cojín Yoga,50,False,2,49.83,99.66
2024-11-29,PROD_024,Lotuscrafts Yoga Bolster,Wellness,Cojín Yoga,50,False,8,47.5,380.0
2024-11-30,PROD_024,Lotuscrafts Yoga Bolster,Wellness,Cojín Yoga,50,False,9,48.0,432.0
